Archive member included to satisfy reference by file (symbol)

/home/clayton/Documents/university/fifth_year/second_semester/fyp-nubots-ssl/STM32/pcb_fft/Drivers/CMSIS/Lib/GCC/libarm_cortexM7lfsp_math.a(arm_q15_to_float.o)
                              ./Core/Src/main.o (arm_q15_to_float)
/home/clayton/Documents/university/fifth_year/second_semester/fyp-nubots-ssl/STM32/pcb_fft/Drivers/CMSIS/Lib/GCC/libarm_cortexM7lfsp_math.a(arm_float_to_q15.o)
                              ./Core/Src/main.o (arm_float_to_q15)
/home/clayton/Documents/university/fifth_year/second_semester/fyp-nubots-ssl/STM32/pcb_fft/Drivers/CMSIS/Lib/GCC/libarm_cortexM7lfsp_math.a(arm_rfft_fast_init_f32.o)
                              ./Core/Src/main.o (arm_rfft_fast_init_f32)
/home/clayton/Documents/university/fifth_year/second_semester/fyp-nubots-ssl/STM32/pcb_fft/Drivers/CMSIS/Lib/GCC/libarm_cortexM7lfsp_math.a(arm_rfft_fast_f32.o)
                              ./Core/Src/main.o (arm_rfft_fast_f32)
/home/clayton/Documents/university/fifth_year/second_semester/fyp-nubots-ssl/STM32/pcb_fft/Drivers/CMSIS/Lib/GCC/libarm_cortexM7lfsp_math.a(arm_cfft_f32.o)
                              /home/clayton/Documents/university/fifth_year/second_semester/fyp-nubots-ssl/STM32/pcb_fft/Drivers/CMSIS/Lib/GCC/libarm_cortexM7lfsp_math.a(arm_rfft_fast_f32.o) (arm_cfft_f32)
/home/clayton/Documents/university/fifth_year/second_semester/fyp-nubots-ssl/STM32/pcb_fft/Drivers/CMSIS/Lib/GCC/libarm_cortexM7lfsp_math.a(arm_bitreversal2.o)
                              /home/clayton/Documents/university/fifth_year/second_semester/fyp-nubots-ssl/STM32/pcb_fft/Drivers/CMSIS/Lib/GCC/libarm_cortexM7lfsp_math.a(arm_cfft_f32.o) (arm_bitreversal_32)
/home/clayton/Documents/university/fifth_year/second_semester/fyp-nubots-ssl/STM32/pcb_fft/Drivers/CMSIS/Lib/GCC/libarm_cortexM7lfsp_math.a(arm_fir_decimate_q15.o)
                              ./Core/Src/main.o (arm_fir_decimate_q15)
/home/clayton/Documents/university/fifth_year/second_semester/fyp-nubots-ssl/STM32/pcb_fft/Drivers/CMSIS/Lib/GCC/libarm_cortexM7lfsp_math.a(arm_fir_decimate_init_q15.o)
                              ./Core/Src/main.o (arm_fir_decimate_init_q15)
/home/clayton/Documents/university/fifth_year/second_semester/fyp-nubots-ssl/STM32/pcb_fft/Drivers/CMSIS/Lib/GCC/libarm_cortexM7lfsp_math.a(arm_cmplx_mult_cmplx_f32.o)
                              ./Core/Src/srp.o (arm_cmplx_mult_cmplx_f32)
/home/clayton/Documents/university/fifth_year/second_semester/fyp-nubots-ssl/STM32/pcb_fft/Drivers/CMSIS/Lib/GCC/libarm_cortexM7lfsp_math.a(arm_cmplx_mag_f32.o)
                              ./Core/Src/main.o (arm_cmplx_mag_f32)
/home/clayton/Documents/university/fifth_year/second_semester/fyp-nubots-ssl/STM32/pcb_fft/Drivers/CMSIS/Lib/GCC/libarm_cortexM7lfsp_math.a(arm_cmplx_conj_f32.o)
                              ./Core/Src/main.o (arm_cmplx_conj_f32)
/home/clayton/Documents/university/fifth_year/second_semester/fyp-nubots-ssl/STM32/pcb_fft/Drivers/CMSIS/Lib/GCC/libarm_cortexM7lfsp_math.a(arm_mult_f32.o)
                              ./Core/Src/srp.o (arm_mult_f32)
/home/clayton/Documents/university/fifth_year/second_semester/fyp-nubots-ssl/STM32/pcb_fft/Drivers/CMSIS/Lib/GCC/libarm_cortexM7lfsp_math.a(arm_common_tables.o)
                              /home/clayton/Documents/university/fifth_year/second_semester/fyp-nubots-ssl/STM32/pcb_fft/Drivers/CMSIS/Lib/GCC/libarm_cortexM7lfsp_math.a(arm_rfft_fast_init_f32.o) (twiddleCoef_rfft_4096)
/home/clayton/Documents/university/fifth_year/second_semester/fyp-nubots-ssl/STM32/pcb_fft/Drivers/CMSIS/Lib/GCC/libarm_cortexM7lfsp_math.a(arm_cfft_radix8_f32.o)
                              /home/clayton/Documents/university/fifth_year/second_semester/fyp-nubots-ssl/STM32/pcb_fft/Drivers/CMSIS/Lib/GCC/libarm_cortexM7lfsp_math.a(arm_cfft_f32.o) (arm_radix8_butterfly_f32)
/opt/st/stm32cubeide_1.13.0/plugins/com.st.stm32cube.ide.mcu.externaltools.gnu-tools-for-stm32.11.3.rel1.linux64_1.1.0.202305231506/tools/bin/../lib/gcc/arm-none-eabi/11.3.1/../../../../arm-none-eabi/lib/thumb/v7e-m+dp/hard/libc_nano.a(libc_a-exit.o)
                              /opt/st/stm32cubeide_1.13.0/plugins/com.st.stm32cube.ide.mcu.externaltools.gnu-tools-for-stm32.11.3.rel1.linux64_1.1.0.202305231506/tools/bin/../lib/gcc/arm-none-eabi/11.3.1/../../../../arm-none-eabi/lib/thumb/v7e-m+dp/hard/crt0.o (exit)
/opt/st/stm32cubeide_1.13.0/plugins/com.st.stm32cube.ide.mcu.externaltools.gnu-tools-for-stm32.11.3.rel1.linux64_1.1.0.202305231506/tools/bin/../lib/gcc/arm-none-eabi/11.3.1/../../../../arm-none-eabi/lib/thumb/v7e-m+dp/hard/libc_nano.a(libc_a-malloc.o)
                              ./Core/Src/main.o (malloc)
/opt/st/stm32cubeide_1.13.0/plugins/com.st.stm32cube.ide.mcu.externaltools.gnu-tools-for-stm32.11.3.rel1.linux64_1.1.0.202305231506/tools/bin/../lib/gcc/arm-none-eabi/11.3.1/../../../../arm-none-eabi/lib/thumb/v7e-m+dp/hard/libc_nano.a(libc_a-mallocr.o)
[...]
Memory Configuration

Name             Origin             Length             Attributes
ITCMRAM          0x0000000000000000 0x0000000000010000 xrw
DTCMRAM          0x0000000020000000 0x0000000000020000 xrw
FLASH            0x0000000008000000 0x0000000000100000 xr
RAM_D1           0x0000000024000000 0x0000000000050000 xrw
RAM_D2           0x0000000030000000 0x0000000000008000 xrw
RAM_D3           0x0000000038000000 0x0000000000004000 xrw
*default*        0x0000000000000000 0xffffffffffffffff

Linker script and memory map

LOAD /opt/st/stm32cubeide_1.13.0/plugins/com.st.stm32cube.ide.mcu.externaltools.gnu-tools-for-stm32.11.3.rel1.linux64_1.1.0.202305231506/tools/bin/../lib/gcc/arm-none-eabi/11.3.1/thumb/v7e-m+dp/hard/crti.o
LOAD /opt/st/stm32cubeide_1.13.0/plugins/com.st.stm32cube.ide.mcu.externaltools.gnu-tools-for-stm32.11.3.rel1.linux64_1.1.0.202305231506/tools/bin/../lib/gcc/arm-none-eabi/11.3.1/thumb/v7e-m+dp/hard/crtbegin.o
LOAD /opt/st/stm32cubeide_1.13.0/plugins/com.st.stm32cube.ide.mcu.externaltools.gnu-tools-for-stm32.11.3.rel1.linux64_1.1.0.202305231506/tools/bin/../lib/gcc/arm-none-eabi/11.3.1/../../../../arm-none-eabi/lib/thumb/v7e-m+dp/hard/crt0.o
LOAD ./Core/Src/coefficients.o
LOAD ./Core/Src/dma.o
LOAD ./Core/Src/gpio.o
LOAD ./Core/Src/main.o
LOAD ./Core/Src/srp.o
LOAD ./Core/Src/stm32h7xx_hal_msp.o
LOAD ./Core/Src/stm32h7xx_it.o
LOAD ./Core/Src/syscalls.o
LOAD ./Core/Src/sysmem.o
LOAD ./Core/Src/system_stm32h7xx.o
LOAD ./Core/Src/tables.o
LOAD ./Core/Src/tim.o
LOAD ./Core/Startup/startup_stm32h723vgtx.o
LOAD ./Drivers/STM32H7xx_HAL_Driver/Src/stm32h7xx_hal.o
LOAD ./Drivers/STM32H7xx_HAL_Driver/Src/stm32h7xx_hal_cortex.o
LOAD ./Drivers/STM32H7xx_HAL_Driver/Src/stm32h7xx_hal_dma.o
LOAD ./Drivers/STM32H7xx_HAL_Driver/Src/stm32h7xx_hal_dma_ex.o
LOAD ./Drivers/STM32H7xx_HAL_Driver/Src/stm32h7xx_hal_exti.o
LOAD ./Drivers/STM32H7xx_HAL_Driver/Src/stm32h7xx_hal_flash.o
LOAD ./Drivers/STM32H7xx_HAL_Driver/Src/stm32h7xx_hal_flash_ex.o
LOAD ./Drivers/STM32H7xx_HAL_Driver/Src/stm32h7xx_hal_gpio.o
LOAD ./Drivers/STM32H7xx_HAL_Driver/Src/stm32h7xx_hal_hsem.o
LOAD ./Drivers/STM32H7xx_HAL_Driver/Src/stm32h7xx_hal_i2c.o
LOAD ./Drivers/STM32H7xx_HAL_Driver/Src/stm32h7xx_hal_i2c_ex.o
LOAD ./Drivers/STM32H7xx_HAL_Driver/Src/stm32h7xx_hal_mdma.o
LOAD ./Drivers/STM32H7xx_HAL_Driver/Src/stm32h7xx_hal_pcd.o
LOAD ./Drivers/STM32H7xx_HAL_Driver/Src/stm32h7xx_hal_pcd_ex.o
LOAD ./Drivers/STM32H7xx_HAL_Driver/Src/stm32h7xx_hal_pwr.o
LOAD ./Drivers/STM32H7xx_HAL_Driver/Src/stm32h7xx_hal_pwr_ex.o
LOAD ./Drivers/STM32H7xx_HAL_Driver/Src/stm32h7xx_hal_rcc.o
LOAD ./Drivers/STM32H7xx_HAL_Driver/Src/stm32h7xx_hal_rcc_ex.o
LOAD ./Drivers/STM32H7xx_HAL_Driver/Src/stm32h7xx_hal_tim.o
LOAD ./Drivers/STM32H7xx_HAL_Driver/Src/stm32h7xx_hal_tim_ex.o
LOAD ./Drivers/STM32H7xx_HAL_Driver/Src/stm32h7xx_ll_usb.o
LOAD ./Middlewares/ST/STM32_USB_Device_Library/Class/CDC/Src/usbd_cdc.o
LOAD ./Middlewares/ST/STM32_USB_Device_Library/Core/Src/usbd_core.o
LOAD ./Middlewares/ST/STM32_USB_Device_Library/Core/Src/usbd_ctlreq.o
LOAD ./Middlewares/ST/STM32_USB_Device_Library/Core/Src/usbd_ioreq.o
LOAD ./USB_DEVICE/App/usb_device.o
LOAD ./USB_DEVICE/App/usbd_cdc_if.o
LOAD ./USB_DEVICE/App/usbd_desc.o
LOAD ./USB_DEVICE/Target/usbd_conf.o
LOAD /home/clayton/Documents/university/fifth_year/second_semester/fyp-nubots-ssl/STM32/pcb_fft/Drivers/CMSIS/Lib/GCC/libarm_cortexM7lfsp_math.a
START GROUP
LOAD /opt/st/stm32cubeide_1.13.0/plugins/com.st.stm32cube.ide.mcu.externaltools.gnu-tools-for-stm32.11.3.rel1.linux64_1.1.0.202305231506/tools/bin/../lib/gcc/arm-none-eabi/11.3.1/../../../../arm-none-eabi/lib/thumb/v7e-m+dp/hard/libc_nano.a
LOAD /opt/st/stm32cubeide_1.13.0/plugins/com.st.stm32cube.ide.mcu.externaltools.gnu-tools-for-stm32.11.3.rel1.linux64_1.1.0.202305231506/tools/bin/../lib/gcc/arm-none-eabi/11.3.1/../../../../arm-none-eabi/lib/thumb/v7e-m+dp/hard/libm.a
END GROUP
START GROUP
LOAD /opt/st/stm32cubeide_1.13.0/plugins/com.st.stm32cube.ide.mcu.externaltools.gnu-tools-for-stm32.11.3.rel1.linux64_1.1.0.202305231506/tools/bin/../lib/gcc/arm-none-eabi/11.3.1/thumb/v7e-m+dp/hard/libgcc.a
LOAD /opt/st/stm32cubeide_1.13.0/plugins/com.st.stm32cube.ide.mcu.externaltools.gnu-tools-for-stm32.11.3.rel1.linux64_1.1.0.202305231506/tools/bin/../lib/gcc/arm-none-eabi/11.3.1/../../../../arm-none-eabi/lib/thumb/v7e-m+dp/hard/libc_nano.a
END GROUP
START GROUP
LOAD /opt/st/stm32cubeide_1.13.0/plugins/com.st.stm32cube.ide.mcu.externaltools.gnu-tools-for-stm32.11.3.rel1.linux64_1.1.0.202305231506/tools/bin/../lib/gcc/arm-none-eabi/11.3.1/thumb/v7e-m+dp/hard/libgcc.a
LOAD /opt/st/stm32cubeide_1.13.0/plugins/com.st.stm32cube.ide.mcu.externaltools.gnu-tools-for-stm32.11.3.rel1.linux64_1.1.0.202305231506/tools/bin/../lib/gcc/arm-none-eabi/11.3.1/../../../../arm-none-eabi/lib/thumb/v7e-m+dp/hard/libc_nano.a
LOAD /opt/st/stm32cubeide_1.13.0/plugins/com.st.stm32cube.ide.mcu.externaltools.gnu-tools-for-stm32.11.3.rel1.linux64_1.1.0.202305231506/tools/bin/../lib/gcc/arm-none-eabi/11.3.1/../../../../arm-none-eabi/lib/thumb/v7e-m+dp/hard/libnosys.a
END GROUP
START GROUP
LOAD /opt/st/stm32cubeide_1.13.0/plugins/com.st.stm32cube.ide.mcu.externaltools.gnu-tools-for-stm32.11.3.rel1.linux64_1.1.0.202305231506/tools/bin/../lib/gcc/arm-none-eabi/11.3.1/thumb/v7e-m+dp/hard/libgcc.a
LOAD /opt/st/stm32cubeide_1.13.0/plugins/com.st.stm32cube.ide.mcu.externaltools.gnu-tools-for-stm32.11.3.rel1.linux64_1.1.0.202305231506/tools/bin/../lib/gcc/arm-none-eabi/11.3.1/../../../../arm-none-eabi/lib/thumb/v7e-m+dp/hard/libc_nano.a
LOAD /opt/st/stm32cubeide_1.13.0/plugins/com.st.stm32cube.ide.mcu.externaltools.gnu-tools-for-stm32.11.3.rel1.linux64_1.1.0.202305231506/tools/bin/../lib/gcc/arm-none-eabi/11.3.1/../../../../arm-none-eabi/lib/thumb/v7e-m+dp/hard/libnosys.a
END GROUP
LOAD /opt/st/stm32cubeide_1.13.0/plugins/com.st.stm32cube.ide.mcu.externaltools.gnu-tools-for-stm32.11.3.rel1.linux64_1.1.0.202305231506/tools/bin/../lib/gcc/arm-none-eabi/11.3.1/thumb/v7e-m+dp/hard/crtend.o
LOAD /opt/st/stm32cubeide_1.13.0/plugins/com.st.stm32cube.ide.mcu.externaltools.gnu-tools-for-stm32.11.3.rel1.linux64_1.1.0.202305231506/tools/bin/../lib/gcc/arm-none-eabi/11.3.1/thumb/v7e-m+dp/hard/crtn.o
                0x0000000024050000                _estack = (ORIGIN (RAM_D1) + LENGTH (RAM_D1))
                0x0000000000000200                _Min_Heap_Size = 0x200
                0x0000000000000400                _Min_Stack_Size = 0x400

.isr_vector     0x0000000008000000      0x2cc
                0x0000000008000000                . = ALIGN (0x4)
 *(.isr_vector)
 .isr_vector    0x0000000008000000      0x2cc ./Core/Startup/startup_stm32h723vgtx.o
                0x0000000008000000                g_pfnVectors
                0x00000000080002cc                . = ALIGN (0x4)

.text           0x00000000080002d0     0xc798
                0x00000000080002d0                . = ALIGN (0x4)
 *(.text)
 .text          0x00000000080002d0       0x40 /opt/st/stm32cubeide_1.13.0/plugins/com.st.stm32cube.ide.mcu.externaltools.gnu-tools-for-stm32.11.3.rel1.linux64_1.1.0.202305231506/tools/bin/../lib/gcc/arm-none-eabi/11.3.1/thumb/v7e-m+dp/hard/crtbegin.o
 .text          0x0000000008000310       0xa0 /opt/st/stm32cubeide_1.13.0/plugins/com.st.stm32cube.ide.mcu.externaltools.gnu-tools-for-stm32.11.3.rel1.linux64_1.1.0.202305231506/tools/bin/../lib/gcc/arm-none-eabi/11.3.1/../../../../arm-none-eabi/lib/thumb/v7e-m+dp/hard/libc_nano.a(libc_a-memchr.o)
                0x0000000008000310                memchr
 .text          0x00000000080003b0       0x10 /opt/st/stm32cubeide_1.13.0/plugins/com.st.stm32cube.ide.mcu.externaltools.gnu-tools-for-stm32.11.3.rel1.linux64_1.1.0.202305231506/tools/bin/../lib/gcc/arm-none-eabi/11.3.1/../../../../arm-none-eabi/lib/thumb/v7e-m+dp/hard/libc_nano.a(libc_a-strlen.o)
                0x00000000080003b0                strlen
 *(.text*)
 .text.MX_DMA_Init
                0x00000000080003c0       0x38 ./Core/Src/dma.o
                0x00000000080003c0                MX_DMA_Init
 .text.MX_GPIO_Init
                0x00000000080003f8       0x74 ./Core/Src/gpio.o
                0x00000000080003f8                MX_GPIO_Init
 .text.DMA_TIM8_callback
                0x000000000800046c       0x1c ./Core/Src/main.o
                0x000000000800046c                DMA_TIM8_callback
 .text.SystemClock_Config
                0x0000000008000488       0xf0 ./Core/Src/main.o
                0x0000000008000488                SystemClock_Config
 .text.startup.main
                0x0000000008000578      0x66c ./Core/Src/main.o
                0x0000000008000578                main
 .text.Error_Handler
                0x0000000008000be4        0x4 ./Core/Src/main.o
                0x0000000008000be4                Error_Handler
 .text.compute_gcc_phat
                0x0000000008000be8       0x98 ./Core/Src/srp.o
                0x0000000008000be8                compute_gcc_phat
 .text.compute_beam_energy
                0x0000000008000c80      0x23c ./Core/Src/srp.o
                0x0000000008000c80                compute_beam_energy
 .text.HAL_MspInit
                0x0000000008000ebc       0x24 ./Core/Src/stm32h7xx_hal_msp.o
                0x0000000008000ebc                HAL_MspInit
 .text.NMI_Handler
                0x0000000008000ee0        0x4 ./Core/Src/stm32h7xx_it.o
                0x0000000008000ee0                NMI_Handler
 .text.HardFault_Handler
                0x0000000008000ee4        0x4 ./Core/Src/stm32h7xx_it.o
                0x0000000008000ee4                HardFault_Handler
 .text.MemManage_Handler
                0x0000000008000ee8        0x4 ./Core/Src/stm32h7xx_it.o
                0x0000000008000ee8                MemManage_Handler
 .text.BusFault_Handler
                0x0000000008000eec        0x4 ./Core/Src/stm32h7xx_it.o
                0x0000000008000eec                BusFault_Handler
 .text.UsageFault_Handler
                0x0000000008000ef0        0x4 ./Core/Src/stm32h7xx_it.o
                0x0000000008000ef0                UsageFault_Handler
 .text.SVC_Handler
                0x0000000008000ef4        0x4 ./Core/Src/stm32h7xx_it.o
                0x0000000008000ef4                SVC_Handler
 .text.DebugMon_Handler
                0x0000000008000ef8        0x4 ./Core/Src/stm32h7xx_it.o
                0x0000000008000ef8                DebugMon_Handler
 .text.PendSV_Handler
                0x0000000008000efc        0x4 ./Core/Src/stm32h7xx_it.o
                0x0000000008000efc                PendSV_Handler
 .text.SysTick_Handler
                0x0000000008000f00        0x4 ./Core/Src/stm32h7xx_it.o
                0x0000000008000f00                SysTick_Handler
 .text.DMA1_Stream5_IRQHandler
                0x0000000008000f04        0xc ./Core/Src/stm32h7xx_it.o
                0x0000000008000f04                DMA1_Stream5_IRQHandler
 .text.OTG_HS_IRQHandler
                0x0000000008000f10        0xc ./Core/Src/stm32h7xx_it.o
                0x0000000008000f10                OTG_HS_IRQHandler
 .text._getpid  0x0000000008000f1c        0x4 ./Core/Src/syscalls.o
                0x0000000008000f1c                _getpid
 .text._kill    0x0000000008000f20       0x14 ./Core/Src/syscalls.o
                0x0000000008000f20                _kill
 .text._exit    0x0000000008000f34        0xc ./Core/Src/syscalls.o
                0x0000000008000f34                _exit
 .text._read    0x0000000008000f40       0x1c ./Core/Src/syscalls.o
                0x0000000008000f40                _read
 .text._write   0x0000000008000f5c       0x1c ./Core/Src/syscalls.o
                0x0000000008000f5c                _write
 .text._close   0x0000000008000f78        0x8 ./Core/Src/syscalls.o
                0x0000000008000f78                _close
 .text._fstat   0x0000000008000f80        0xc ./Core/Src/syscalls.o
                0x0000000008000f80                _fstat
 .text._isatty  0x0000000008000f8c        0x4 ./Core/Src/syscalls.o
                0x0000000008000f8c                _isatty
 .text._lseek   0x0000000008000f90        0x4 ./Core/Src/syscalls.o
                0x0000000008000f90                _lseek
 .text._sbrk    0x0000000008000f94       0x48 ./Core/Src/sysmem.o
                0x0000000008000f94                _sbrk
 .text.SystemInit
                0x0000000008000fdc       0xac ./Core/Src/system_stm32h7xx.o
                0x0000000008000fdc                SystemInit
 .text.MX_TIM2_Init
                0x0000000008001088      0x160 ./Core/Src/tim.o
                0x0000000008001088                MX_TIM2_Init
 .text.MX_TIM4_Init
                0x00000000080011e8       0x90 ./Core/Src/tim.o
                0x00000000080011e8                MX_TIM4_Init
 .text.MX_TIM5_Init
                0x0000000008001278       0xe0 ./Core/Src/tim.o
                0x0000000008001278                MX_TIM5_Init
 .text.HAL_TIM_PWM_MspInit
                0x0000000008001358       0x30 ./Core/Src/tim.o
                0x0000000008001358                HAL_TIM_PWM_MspInit
 .text.HAL_TIM_Base_MspInit
                0x0000000008001388       0xf0 ./Core/Src/tim.o
                0x0000000008001388                HAL_TIM_Base_MspInit
 .text.HAL_TIM_MspPostInit
                0x0000000008001478       0xe4 ./Core/Src/tim.o
                0x0000000008001478                HAL_TIM_MspPostInit
 *fill*         0x000000000800155c        0x4 
 .text.MX_TIM3_Init
                0x0000000008001560       0xf0 ./Core/Src/tim.o
                0x0000000008001560                MX_TIM3_Init
 .text.MX_TIM8_Init
                0x0000000008001650      0x150 ./Core/Src/tim.o
                0x0000000008001650                MX_TIM8_Init
 .text.Reset_Handler
                0x00000000080017a0       0x50 ./Core/Startup/startup_stm32h723vgtx.o
                0x00000000080017a0                Reset_Handler
 .text.Default_Handler
                0x00000000080017f0        0x2 ./Core/Startup/startup_stm32h723vgtx.o
                0x00000000080017f0                RTC_Alarm_IRQHandler
                0x00000000080017f0                EXTI2_IRQHandler
                0x00000000080017f0                TIM8_CC_IRQHandler
                0x00000000080017f0                UART8_IRQHandler
                0x00000000080017f0                SPI4_IRQHandler
                0x00000000080017f0                FDCAN3_IT0_IRQHandler
                0x00000000080017f0                TIM1_CC_IRQHandler
                0x00000000080017f0                BDMA_Channel6_IRQHandler
                0x00000000080017f0                DMA2_Stream5_IRQHandler
                0x00000000080017f0                CORDIC_IRQHandler
                0x00000000080017f0                BDMA_Channel1_IRQHandler
                0x00000000080017f0                TAMP_STAMP_IRQHandler
                0x00000000080017f0                EXTI3_IRQHandler
                0x00000000080017f0                LPTIM4_IRQHandler
                0x00000000080017f0                TIM8_TRG_COM_TIM14_IRQHandler
                0x00000000080017f0                LPTIM2_IRQHandler
                0x00000000080017f0                DFSDM1_FLT1_IRQHandler
                0x00000000080017f0                DMAMUX2_OVR_IRQHandler
                0x00000000080017f0                TIM8_UP_TIM13_IRQHandler
                0x00000000080017f0                I2C3_ER_IRQHandler
                0x00000000080017f0                DFSDM1_FLT2_IRQHandler
                0x00000000080017f0                I2C5_EV_IRQHandler
                0x00000000080017f0                USART10_IRQHandler
                0x00000000080017f0                MDMA_IRQHandler
                0x00000000080017f0                LPTIM3_IRQHandler
                0x00000000080017f0                HSEM1_IRQHandler
                0x00000000080017f0                EXTI0_IRQHandler
                0x00000000080017f0                I2C2_EV_IRQHandler
                0x00000000080017f0                DMA1_Stream2_IRQHandler
                0x00000000080017f0                FPU_IRQHandler
                0x00000000080017f0                OTG_HS_WKUP_IRQHandler
                0x00000000080017f0                FDCAN1_IT1_IRQHandler
                0x00000000080017f0                LTDC_ER_IRQHandler
                0x00000000080017f0                DMA2_Stream2_IRQHandler
                0x00000000080017f0                SPI1_IRQHandler
                0x00000000080017f0                OCTOSPI1_IRQHandler
                0x00000000080017f0                TIM6_DAC_IRQHandler
                0x00000000080017f0                DMA2_Stream3_IRQHandler
                0x00000000080017f0                OCTOSPI2_IRQHandler
                0x00000000080017f0                DFSDM1_FLT3_IRQHandler
                0x00000000080017f0                TIM23_IRQHandler
                0x00000000080017f0                USART6_IRQHandler
                0x00000000080017f0                TIM17_IRQHandler
                0x00000000080017f0                USART3_IRQHandler
                0x00000000080017f0                BDMA_Channel7_IRQHandler
                0x00000000080017f0                LPTIM5_IRQHandler
                0x00000000080017f0                UART5_IRQHandler
                0x00000000080017f0                ADC3_IRQHandler
                0x00000000080017f0                DMA2_Stream0_IRQHandler
                0x00000000080017f0                TIM4_IRQHandler
                0x00000000080017f0                BDMA_Channel2_IRQHandler
                0x00000000080017f0                I2C1_EV_IRQHandler
                0x00000000080017f0                DMA1_Stream6_IRQHandler
                0x00000000080017f0                DMAMUX1_OVR_IRQHandler
                0x00000000080017f0                DMA1_Stream1_IRQHandler
                0x00000000080017f0                TIM16_IRQHandler
                0x00000000080017f0                UART4_IRQHandler
                0x00000000080017f0                BDMA_Channel5_IRQHandler
                0x00000000080017f0                TIM3_IRQHandler
                0x00000000080017f0                RCC_IRQHandler
                0x00000000080017f0                UART9_IRQHandler
                0x00000000080017f0                TIM8_BRK_TIM12_IRQHandler
                0x00000000080017f0                TIM1_TRG_COM_IRQHandler
                0x00000000080017f0                Default_Handler
                0x00000000080017f0                ECC_IRQHandler
                0x00000000080017f0                FMAC_IRQHandler
                0x00000000080017f0                CEC_IRQHandler
                0x00000000080017f0                EXTI15_10_IRQHandler
                0x00000000080017f0                BDMA_Channel0_IRQHandler
                0x00000000080017f0                ADC_IRQHandler
                0x00000000080017f0                I2C5_ER_IRQHandler
                0x00000000080017f0                DMA1_Stream7_IRQHandler
                0x00000000080017f0                SPI5_IRQHandler
                0x00000000080017f0                TIM7_IRQHandler
                0x00000000080017f0                FDCAN3_IT1_IRQHandler
                0x00000000080017f0                SDMMC1_IRQHandler
                0x00000000080017f0                TIM5_IRQHandler
                0x00000000080017f0                DMA2_Stream7_IRQHandler
                0x00000000080017f0                TIM15_IRQHandler
                0x00000000080017f0                PVD_AVD_IRQHandler
                0x00000000080017f0                I2C3_EV_IRQHandler
                0x00000000080017f0                EXTI9_5_IRQHandler
                0x00000000080017f0                RTC_WKUP_IRQHandler
                0x00000000080017f0                LTDC_IRQHandler
                0x00000000080017f0                ETH_WKUP_IRQHandler
                0x00000000080017f0                SPDIF_RX_IRQHandler
                0x00000000080017f0                SPI2_IRQHandler
                0x00000000080017f0                OTG_HS_EP1_IN_IRQHandler
                0x00000000080017f0                DMA1_Stream0_IRQHandler
                0x00000000080017f0                TIM24_IRQHandler
                0x00000000080017f0                CRS_IRQHandler
                0x00000000080017f0                EXTI4_IRQHandler
                0x00000000080017f0                RNG_IRQHandler
                0x00000000080017f0                FDCAN2_IT1_IRQHandler
                0x00000000080017f0                ETH_IRQHandler
                0x00000000080017f0                TIM1_UP_IRQHandler
                0x00000000080017f0                BDMA_Channel4_IRQHandler
                0x00000000080017f0                OTG_HS_EP1_OUT_IRQHandler
                0x00000000080017f0                WWDG_IRQHandler
                0x00000000080017f0                SPI6_IRQHandler
                0x00000000080017f0                MDIOS_IRQHandler
                0x00000000080017f0                I2C4_EV_IRQHandler
                0x00000000080017f0                FDCAN2_IT0_IRQHandler
                0x00000000080017f0                LPUART1_IRQHandler
                0x00000000080017f0                FDCAN1_IT0_IRQHandler
                0x00000000080017f0                TIM2_IRQHandler
                0x00000000080017f0                DMA2D_IRQHandler
                0x00000000080017f0                TIM1_BRK_IRQHandler
                0x00000000080017f0                EXTI1_IRQHandler
                0x00000000080017f0                SDMMC2_IRQHandler
                0x00000000080017f0                BDMA_Channel3_IRQHandler
                0x00000000080017f0                DTS_IRQHandler
                0x00000000080017f0                UART7_IRQHandler
                0x00000000080017f0                MDIOS_WKUP_IRQHandler
                0x00000000080017f0                USART2_IRQHandler
                0x00000000080017f0                DFSDM1_FLT0_IRQHandler
                0x00000000080017f0                SAI4_IRQHandler
                0x00000000080017f0                I2C2_ER_IRQHandler
                0x00000000080017f0                DMA2_Stream1_IRQHandler
                0x00000000080017f0                FLASH_IRQHandler
                0x00000000080017f0                DMA2_Stream4_IRQHandler
                0x00000000080017f0                USART1_IRQHandler
                0x00000000080017f0                SPI3_IRQHandler
                0x00000000080017f0                WAKEUP_PIN_IRQHandler
                0x00000000080017f0                DMA1_Stream4_IRQHandler
                0x00000000080017f0                I2C1_ER_IRQHandler
                0x00000000080017f0                FMC_IRQHandler
                0x00000000080017f0                FDCAN_CAL_IRQHandler
                0x00000000080017f0                SWPMI1_IRQHandler
                0x00000000080017f0                COMP1_IRQHandler
                0x00000000080017f0                LPTIM1_IRQHandler
                0x00000000080017f0                DCMI_PSSI_IRQHandler
                0x00000000080017f0                I2C4_ER_IRQHandler
                0x00000000080017f0                DMA2_Stream6_IRQHandler
                0x00000000080017f0                SAI1_IRQHandler
                0x00000000080017f0                DMA1_Stream3_IRQHandler
 *fill*         0x00000000080017f2        0x2 
 .text.HAL_InitTick
                0x00000000080017f4       0x4c ./Drivers/STM32H7xx_HAL_Driver/Src/stm32h7xx_hal.o
                0x00000000080017f4                HAL_InitTick
 .text.HAL_Init
                0x0000000008001840       0x60 ./Drivers/STM32H7xx_HAL_Driver/Src/stm32h7xx_hal.o
                0x0000000008001840                HAL_Init
 .text.HAL_IncTick
                0x00000000080018a0       0x18 ./Drivers/STM32H7xx_HAL_Driver/Src/stm32h7xx_hal.o
                0x00000000080018a0                HAL_IncTick
 .text.HAL_GetTick
                0x00000000080018b8        0xc ./Drivers/STM32H7xx_HAL_Driver/Src/stm32h7xx_hal.o
                0x00000000080018b8                HAL_GetTick
 .text.HAL_Delay
                0x00000000080018c4       0x24 ./Drivers/STM32H7xx_HAL_Driver/Src/stm32h7xx_hal.o
                0x00000000080018c4                HAL_Delay
 .text.HAL_GetREVID
                0x00000000080018e8        0xc ./Drivers/STM32H7xx_HAL_Driver/Src/stm32h7xx_hal.o
                0x00000000080018e8                HAL_GetREVID
 .text.HAL_NVIC_SetPriorityGrouping
                0x00000000080018f4       0x24 ./Drivers/STM32H7xx_HAL_Driver/Src/stm32h7xx_hal_cortex.o
                0x00000000080018f4                HAL_NVIC_SetPriorityGrouping
 .text.HAL_NVIC_SetPriority
                0x0000000008001918       0x7c ./Drivers/STM32H7xx_HAL_Driver/Src/stm32h7xx_hal_cortex.o
                0x0000000008001918                HAL_NVIC_SetPriority
 .text.HAL_NVIC_EnableIRQ
                0x0000000008001994       0x1c ./Drivers/STM32H7xx_HAL_Driver/Src/stm32h7xx_hal_cortex.o
                0x0000000008001994                HAL_NVIC_EnableIRQ
 .text.HAL_SYSTICK_Config
                0x00000000080019b0       0x2c ./Drivers/STM32H7xx_HAL_Driver/Src/stm32h7xx_hal_cortex.o
                0x00000000080019b0                HAL_SYSTICK_Config
 .text.DMA_CalcBaseAndBitshift
                0x00000000080019dc       0xf4 ./Drivers/STM32H7xx_HAL_Driver/Src/stm32h7xx_hal_dma.o
 .text.DMA_CalcDMAMUXChannelBaseAndMask
                0x0000000008001ad0       0xd0 ./Drivers/STM32H7xx_HAL_Driver/Src/stm32h7xx_hal_dma.o
 .text.HAL_DMA_Init
                0x0000000008001ba0      0x508 ./Drivers/STM32H7xx_HAL_Driver/Src/stm32h7xx_hal_dma.o
                0x0000000008001ba0                HAL_DMA_Init
 .text.HAL_DMA_Start_IT
                0x00000000080020a8      0x330 ./Drivers/STM32H7xx_HAL_Driver/Src/stm32h7xx_hal_dma.o
                0x00000000080020a8                HAL_DMA_Start_IT
 .text.HAL_DMA_IRQHandler
                0x00000000080023d8      0x69c ./Drivers/STM32H7xx_HAL_Driver/Src/stm32h7xx_hal_dma.o
                0x00000000080023d8                HAL_DMA_IRQHandler
 .text.HAL_GPIO_Init
                0x0000000008002a74      0x250 ./Drivers/STM32H7xx_HAL_Driver/Src/stm32h7xx_hal_gpio.o
                0x0000000008002a74                HAL_GPIO_Init
 .text.HAL_GPIO_WritePin
                0x0000000008002cc4        0x8 ./Drivers/STM32H7xx_HAL_Driver/Src/stm32h7xx_hal_gpio.o
                0x0000000008002cc4                HAL_GPIO_WritePin
 .text.HAL_PCD_Init
                0x0000000008002ccc      0x12c ./Drivers/STM32H7xx_HAL_Driver/Src/stm32h7xx_hal_pcd.o
                0x0000000008002ccc                HAL_PCD_Init
 .text.HAL_PCD_Start
                0x0000000008002df8       0x44 ./Drivers/STM32H7xx_HAL_Driver/Src/stm32h7xx_hal_pcd.o
                0x0000000008002df8                HAL_PCD_Start
 .text.HAL_PCD_IRQHandler
                0x0000000008002e3c      0xb4c ./Drivers/STM32H7xx_HAL_Driver/Src/stm32h7xx_hal_pcd.o
                0x0000000008002e3c                HAL_PCD_IRQHandler
 .text.HAL_PCD_SetAddress
                0x0000000008003988       0x2c ./Drivers/STM32H7xx_HAL_Driver/Src/stm32h7xx_hal_pcd.o
                0x0000000008003988                HAL_PCD_SetAddress
 .text.HAL_PCD_EP_Open
                0x00000000080039b4       0x7c ./Drivers/STM32H7xx_HAL_Driver/Src/stm32h7xx_hal_pcd.o
                0x00000000080039b4                HAL_PCD_EP_Open
 .text.HAL_PCD_EP_Close
                0x0000000008003a30       0x6c ./Drivers/STM32H7xx_HAL_Driver/Src/stm32h7xx_hal_pcd.o
                0x0000000008003a30                HAL_PCD_EP_Close
 .text.HAL_PCD_EP_Receive
                0x0000000008003a9c       0x44 ./Drivers/STM32H7xx_HAL_Driver/Src/stm32h7xx_hal_pcd.o
                0x0000000008003a9c                HAL_PCD_EP_Receive
 .text.HAL_PCD_EP_GetRxCount
                0x0000000008003ae0       0x14 ./Drivers/STM32H7xx_HAL_Driver/Src/stm32h7xx_hal_pcd.o
                0x0000000008003ae0                HAL_PCD_EP_GetRxCount
 .text.HAL_PCD_EP_Transmit
                0x0000000008003af4       0x44 ./Drivers/STM32H7xx_HAL_Driver/Src/stm32h7xx_hal_pcd.o
                0x0000000008003af4                HAL_PCD_EP_Transmit
 .text.HAL_PCD_EP_SetStall
                0x0000000008003b38       0x88 ./Drivers/STM32H7xx_HAL_Driver/Src/stm32h7xx_hal_pcd.o
                0x0000000008003b38                HAL_PCD_EP_SetStall
 .text.HAL_PCD_EP_ClrStall
                0x0000000008003bc0       0x78 ./Drivers/STM32H7xx_HAL_Driver/Src/stm32h7xx_hal_pcd.o
                0x0000000008003bc0                HAL_PCD_EP_ClrStall
 .text.HAL_PCDEx_SetTxFiFo
                0x0000000008003c38       0x4c ./Drivers/STM32H7xx_HAL_Driver/Src/stm32h7xx_hal_pcd_ex.o
                0x0000000008003c38                HAL_PCDEx_SetTxFiFo
 .text.HAL_PCDEx_SetRxFiFo
                0x0000000008003c84        0xc ./Drivers/STM32H7xx_HAL_Driver/Src/stm32h7xx_hal_pcd_ex.o
                0x0000000008003c84                HAL_PCDEx_SetRxFiFo
 .text.HAL_PCDEx_ActivateLPM
                0x0000000008003c90       0x30 ./Drivers/STM32H7xx_HAL_Driver/Src/stm32h7xx_hal_pcd_ex.o
                0x0000000008003c90                HAL_PCDEx_ActivateLPM
 .text.HAL_PCDEx_LPM_Callback
                0x0000000008003cc0        0x4 ./Drivers/STM32H7xx_HAL_Driver/Src/stm32h7xx_hal_pcd_ex.o
                0x0000000008003cc0                HAL_PCDEx_LPM_Callback
 .text.HAL_PWREx_ConfigSupply
                0x0000000008003cc4       0x48 ./Drivers/STM32H7xx_HAL_Driver/Src/stm32h7xx_hal_pwr_ex.o
                0x0000000008003cc4                HAL_PWREx_ConfigSupply
 .text.HAL_PWREx_EnableUSBVoltageDetector
                0x0000000008003d0c       0x10 ./Drivers/STM32H7xx_HAL_Driver/Src/stm32h7xx_hal_pwr_ex.o
                0x0000000008003d0c                HAL_PWREx_EnableUSBVoltageDetector
 .text.HAL_RCC_GetSysClockFreq.part.0
                0x0000000008003d1c      0x10c ./Drivers/STM32H7xx_HAL_Driver/Src/stm32h7xx_hal_rcc.o
 .text.HAL_RCC_OscConfig
                0x0000000008003e28      0x558 ./Drivers/STM32H7xx_HAL_Driver/Src/stm32h7xx_hal_rcc.o
                0x0000000008003e28                HAL_RCC_OscConfig
 .text.HAL_RCC_GetSysClockFreq
                0x0000000008004380      0x144 ./Drivers/STM32H7xx_HAL_Driver/Src/stm32h7xx_hal_rcc.o
                0x0000000008004380                HAL_RCC_GetSysClockFreq
 .text.HAL_RCC_ClockConfig
                0x00000000080044c4      0x250 ./Drivers/STM32H7xx_HAL_Driver/Src/stm32h7xx_hal_rcc.o
                0x00000000080044c4                HAL_RCC_ClockConfig
 .text.HAL_RCC_GetHCLKFreq
                0x0000000008004714       0x80 ./Drivers/STM32H7xx_HAL_Driver/Src/stm32h7xx_hal_rcc.o
                0x0000000008004714                HAL_RCC_GetHCLKFreq
 .text.RCCEx_PLL2_Config
                0x0000000008004794       0xf4 ./Drivers/STM32H7xx_HAL_Driver/Src/stm32h7xx_hal_rcc_ex.o
 .text.RCCEx_PLL3_Config
                0x0000000008004888       0xf4 ./Drivers/STM32H7xx_HAL_Driver/Src/stm32h7xx_hal_rcc_ex.o
 .text.HAL_RCCEx_PeriphCLKConfig
                0x000000000800497c      0xb68 ./Drivers/STM32H7xx_HAL_Driver/Src/stm32h7xx_hal_rcc_ex.o
                0x000000000800497c                HAL_RCCEx_PeriphCLKConfig
 .text.HAL_RCCEx_CRSConfig
                0x00000000080054e4       0x70 ./Drivers/STM32H7xx_HAL_Driver/Src/stm32h7xx_hal_rcc_ex.o
                0x00000000080054e4                HAL_RCCEx_CRSConfig
 .text.TIM_OC1_SetConfig
                0x0000000008005554       0x7c ./Drivers/STM32H7xx_HAL_Driver/Src/stm32h7xx_hal_tim.o
 .text.TIM_OC3_SetConfig
                0x00000000080055d0       0x84 ./Drivers/STM32H7xx_HAL_Driver/Src/stm32h7xx_hal_tim.o
 .text.HAL_TIM_Base_Init
                0x0000000008005654      0x184 ./Drivers/STM32H7xx_HAL_Driver/Src/stm32h7xx_hal_tim.o
                0x0000000008005654                HAL_TIM_Base_Init
 .text.HAL_TIM_PWM_Init
                0x00000000080057d8      0x184 ./Drivers/STM32H7xx_HAL_Driver/Src/stm32h7xx_hal_tim.o
                0x00000000080057d8                HAL_TIM_PWM_Init
 .text.HAL_TIM_PWM_Start
                0x000000000800595c      0x188 ./Drivers/STM32H7xx_HAL_Driver/Src/stm32h7xx_hal_tim.o
                0x000000000800595c                HAL_TIM_PWM_Start
 .text.HAL_TIM_OnePulse_MspInit
                0x0000000008005ae4        0x4 ./Drivers/STM32H7xx_HAL_Driver/Src/stm32h7xx_hal_tim.o
                0x0000000008005ae4                HAL_TIM_OnePulse_MspInit
 .text.HAL_TIM_OnePulse_Init
                0x0000000008005ae8      0x17c ./Drivers/STM32H7xx_HAL_Driver/Src/stm32h7xx_hal_tim.o
                0x0000000008005ae8                HAL_TIM_OnePulse_Init
 .text.HAL_TIM_SlaveConfigSynchro
                0x0000000008005c64      0x174 ./Drivers/STM32H7xx_HAL_Driver/Src/stm32h7xx_hal_tim.o
                0x0000000008005c64                HAL_TIM_SlaveConfigSynchro
 .text.TIM_OC2_SetConfig
                0x0000000008005dd8       0x84 ./Drivers/STM32H7xx_HAL_Driver/Src/stm32h7xx_hal_tim.o
                0x0000000008005dd8                TIM_OC2_SetConfig
 .text.HAL_TIM_PWM_ConfigChannel
                0x0000000008005e5c      0x240 ./Drivers/STM32H7xx_HAL_Driver/Src/stm32h7xx_hal_tim.o
                0x0000000008005e5c                HAL_TIM_PWM_ConfigChannel
 .text.HAL_TIMEx_MasterConfigSynchronization
                0x000000000800609c       0xc8 ./Drivers/STM32H7xx_HAL_Driver/Src/stm32h7xx_hal_tim_ex.o
                0x000000000800609c                HAL_TIMEx_MasterConfigSynchronization
 .text.HAL_TIMEx_ConfigBreakDeadTime
                0x0000000008006164       0x9c ./Drivers/STM32H7xx_HAL_Driver/Src/stm32h7xx_hal_tim_ex.o
                0x0000000008006164                HAL_TIMEx_ConfigBreakDeadTime
 .text.USB_CoreInit
                0x0000000008006200      0x144 ./Drivers/STM32H7xx_HAL_Driver/Src/stm32h7xx_ll_usb.o
                0x0000000008006200                USB_CoreInit
 .text.USB_SetTurnaroundTime
                0x0000000008006344       0xf4 ./Drivers/STM32H7xx_HAL_Driver/Src/stm32h7xx_ll_usb.o
                0x0000000008006344                USB_SetTurnaroundTime
 .text.USB_EnableGlobalInt
                0x0000000008006438       0x10 ./Drivers/STM32H7xx_HAL_Driver/Src/stm32h7xx_ll_usb.o
                0x0000000008006438                USB_EnableGlobalInt
 .text.USB_DisableGlobalInt
                0x0000000008006448       0x10 ./Drivers/STM32H7xx_HAL_Driver/Src/stm32h7xx_ll_usb.o
                0x0000000008006448                USB_DisableGlobalInt
 .text.USB_SetCurrentMode
                0x0000000008006458       0x6c ./Drivers/STM32H7xx_HAL_Driver/Src/stm32h7xx_ll_usb.o
                0x0000000008006458                USB_SetCurrentMode
 .text.USB_DevInit
                0x00000000080064c4      0x244 ./Drivers/STM32H7xx_HAL_Driver/Src/stm32h7xx_ll_usb.o
                0x00000000080064c4                USB_DevInit
 .text.USB_FlushTxFifo
                0x0000000008006708       0x54 ./Drivers/STM32H7xx_HAL_Driver/Src/stm32h7xx_ll_usb.o
                0x0000000008006708                USB_FlushTxFifo
 .text.USB_GetDevSpeed
                0x000000000800675c       0x18 ./Drivers/STM32H7xx_HAL_Driver/Src/stm32h7xx_ll_usb.o
                0x000000000800675c                USB_GetDevSpeed
 .text.USB_ActivateEndpoint
                0x0000000008006774       0x90 ./Drivers/STM32H7xx_HAL_Driver/Src/stm32h7xx_ll_usb.o
                0x0000000008006774                USB_ActivateEndpoint
 .text.USB_DeactivateEndpoint
                0x0000000008006804       0xbc ./Drivers/STM32H7xx_HAL_Driver/Src/stm32h7xx_ll_usb.o
                0x0000000008006804                USB_DeactivateEndpoint
 .text.USB_EPStartXfer
                0x00000000080068c0      0x288 ./Drivers/STM32H7xx_HAL_Driver/Src/stm32h7xx_ll_usb.o
                0x00000000080068c0                USB_EPStartXfer
 .text.USB_EPStopXfer
                0x0000000008006b48       0x88 ./Drivers/STM32H7xx_HAL_Driver/Src/stm32h7xx_ll_usb.o
                0x0000000008006b48                USB_EPStopXfer
 .text.USB_WritePacket
                0x0000000008006bd0       0x2c ./Drivers/STM32H7xx_HAL_Driver/Src/stm32h7xx_ll_usb.o
                0x0000000008006bd0                USB_WritePacket
 .text.USB_ReadPacket
                0x0000000008006bfc       0x48 ./Drivers/STM32H7xx_HAL_Driver/Src/stm32h7xx_ll_usb.o
                0x0000000008006bfc                USB_ReadPacket
 .text.USB_EPSetStall
                0x0000000008006c44       0x68 ./Drivers/STM32H7xx_HAL_Driver/Src/stm32h7xx_ll_usb.o
                0x0000000008006c44                USB_EPSetStall
 .text.USB_EPClearStall
                0x0000000008006cac       0x58 ./Drivers/STM32H7xx_HAL_Driver/Src/stm32h7xx_ll_usb.o
                0x0000000008006cac                USB_EPClearStall
 .text.USB_SetDevAddress
                0x0000000008006d04       0x24 ./Drivers/STM32H7xx_HAL_Driver/Src/stm32h7xx_ll_usb.o
                0x0000000008006d04                USB_SetDevAddress
 .text.USB_DevConnect
                0x0000000008006d28       0x20 ./Drivers/STM32H7xx_HAL_Driver/Src/stm32h7xx_ll_usb.o
                0x0000000008006d28                USB_DevConnect
 .text.USB_DevDisconnect
                0x0000000008006d48       0x20 ./Drivers/STM32H7xx_HAL_Driver/Src/stm32h7xx_ll_usb.o
                0x0000000008006d48                USB_DevDisconnect
 .text.USB_ReadInterrupts
                0x0000000008006d68        0x8 ./Drivers/STM32H7xx_HAL_Driver/Src/stm32h7xx_ll_usb.o
                0x0000000008006d68                USB_ReadInterrupts
 .text.USB_ReadDevAllOutEpInterrupt
                0x0000000008006d70       0x10 ./Drivers/STM32H7xx_HAL_Driver/Src/stm32h7xx_ll_usb.o
                0x0000000008006d70                USB_ReadDevAllOutEpInterrupt
 .text.USB_ReadDevAllInEpInterrupt
                0x0000000008006d80       0x10 ./Drivers/STM32H7xx_HAL_Driver/Src/stm32h7xx_ll_usb.o
                0x0000000008006d80                USB_ReadDevAllInEpInterrupt
 .text.USB_ReadDevOutEPInterrupt
                0x0000000008006d90       0x14 ./Drivers/STM32H7xx_HAL_Driver/Src/stm32h7xx_ll_usb.o
                0x0000000008006d90                USB_ReadDevOutEPInterrupt
 .text.USB_ReadDevInEPInterrupt
                0x0000000008006da4       0x20 ./Drivers/STM32H7xx_HAL_Driver/Src/stm32h7xx_ll_usb.o
                0x0000000008006da4                USB_ReadDevInEPInterrupt
 .text.USB_GetMode
                0x0000000008006dc4        0x8 ./Drivers/STM32H7xx_HAL_Driver/Src/stm32h7xx_ll_usb.o
                0x0000000008006dc4                USB_GetMode
 .text.USB_ActivateSetup
                0x0000000008006dcc       0x2c ./Drivers/STM32H7xx_HAL_Driver/Src/stm32h7xx_ll_usb.o
                0x0000000008006dcc                USB_ActivateSetup
 .text.USB_EP0_OutStart
                0x0000000008006df8       0x58 ./Drivers/STM32H7xx_HAL_Driver/Src/stm32h7xx_ll_usb.o
                0x0000000008006df8                USB_EP0_OutStart
 .text.USBD_CDC_EP0_RxReady
                0x0000000008006e50       0x3c ./Middlewares/ST/STM32_USB_Device_Library/Class/CDC/Src/usbd_cdc.o
 .text.USBD_CDC_GetDeviceQualifierDescriptor
                0x0000000008006e8c       0x10 ./Middlewares/ST/STM32_USB_Device_Library/Class/CDC/Src/usbd_cdc.o
                0x0000000008006e8c                USBD_CDC_GetDeviceQualifierDescriptor
 .text.USBD_CDC_GetFSCfgDesc
                0x0000000008006e9c       0x48 ./Middlewares/ST/STM32_USB_Device_Library/Class/CDC/Src/usbd_cdc.o
 .text.USBD_CDC_GetHSCfgDesc
                0x0000000008006ee4       0x48 ./Middlewares/ST/STM32_USB_Device_Library/Class/CDC/Src/usbd_cdc.o
 .text.USBD_CDC_DataOut
                0x0000000008006f2c       0x38 ./Middlewares/ST/STM32_USB_Device_Library/Class/CDC/Src/usbd_cdc.o
 .text.USBD_CDC_DataIn
                0x0000000008006f64       0x74 ./Middlewares/ST/STM32_USB_Device_Library/Class/CDC/Src/usbd_cdc.o
 .text.USBD_CDC_Setup
                0x0000000008006fd8      0x11c ./Middlewares/ST/STM32_USB_Device_Library/Class/CDC/Src/usbd_cdc.o
 .text.USBD_CDC_DeInit
                0x00000000080070f4       0x5c ./Middlewares/ST/STM32_USB_Device_Library/Class/CDC/Src/usbd_cdc.o
 .text.USBD_CDC_Init
                0x0000000008007150       0xf4 ./Middlewares/ST/STM32_USB_Device_Library/Class/CDC/Src/usbd_cdc.o
 .text.USBD_CDC_GetOtherSpeedCfgDesc
                0x0000000008007244       0x48 ./Middlewares/ST/STM32_USB_Device_Library/Class/CDC/Src/usbd_cdc.o
 .text.USBD_CDC_RegisterInterface
                0x000000000800728c       0x18 ./Middlewares/ST/STM32_USB_Device_Library/Class/CDC/Src/usbd_cdc.o
                0x000000000800728c                USBD_CDC_RegisterInterface
 .text.USBD_CDC_SetTxBuffer
                0x00000000080072a4       0x1c ./Middlewares/ST/STM32_USB_Device_Library/Class/CDC/Src/usbd_cdc.o
                0x00000000080072a4                USBD_CDC_SetTxBuffer
 .text.USBD_CDC_SetRxBuffer
                0x00000000080072c0       0x18 ./Middlewares/ST/STM32_USB_Device_Library/Class/CDC/Src/usbd_cdc.o
                0x00000000080072c0                USBD_CDC_SetRxBuffer
 .text.USBD_CDC_TransmitPacket
                0x00000000080072d8       0x38 ./Middlewares/ST/STM32_USB_Device_Library/Class/CDC/Src/usbd_cdc.o
                0x00000000080072d8                USBD_CDC_TransmitPacket
 .text.USBD_CDC_ReceivePacket
                0x0000000008007310       0x3c ./Middlewares/ST/STM32_USB_Device_Library/Class/CDC/Src/usbd_cdc.o
                0x0000000008007310                USBD_CDC_ReceivePacket
 .text.USBD_Init
                0x000000000800734c       0x28 ./Middlewares/ST/STM32_USB_Device_Library/Core/Src/usbd_core.o
                0x000000000800734c                USBD_Init
 .text.USBD_RegisterClass
                0x0000000008007374       0x38 ./Middlewares/ST/STM32_USB_Device_Library/Core/Src/usbd_core.o
                0x0000000008007374                USBD_RegisterClass
 .text.USBD_Start
                0x00000000080073ac        0x4 ./Middlewares/ST/STM32_USB_Device_Library/Core/Src/usbd_core.o
                0x00000000080073ac                USBD_Start
 .text.USBD_SetClassConfig
                0x00000000080073b0       0x10 ./Middlewares/ST/STM32_USB_Device_Library/Core/Src/usbd_core.o
                0x00000000080073b0                USBD_SetClassConfig
 .text.USBD_ClrClassConfig
                0x00000000080073c0       0x14 ./Middlewares/ST/STM32_USB_Device_Library/Core/Src/usbd_core.o
                0x00000000080073c0                USBD_ClrClassConfig
 .text.USBD_LL_SetupStage
                0x00000000080073d4       0x60 ./Middlewares/ST/STM32_USB_Device_Library/Core/Src/usbd_core.o
                0x00000000080073d4                USBD_LL_SetupStage
 .text.USBD_LL_DataOutStage
                0x0000000008007434       0x74 ./Middlewares/ST/STM32_USB_Device_Library/Core/Src/usbd_core.o
                0x0000000008007434                USBD_LL_DataOutStage
 .text.USBD_LL_DataInStage
                0x00000000080074a8       0xc0 ./Middlewares/ST/STM32_USB_Device_Library/Core/Src/usbd_core.o
                0x00000000080074a8                USBD_LL_DataInStage
 .text.USBD_LL_Reset
                0x0000000008007568       0x5c ./Middlewares/ST/STM32_USB_Device_Library/Core/Src/usbd_core.o
                0x0000000008007568                USBD_LL_Reset
 .text.USBD_LL_SetSpeed
                0x00000000080075c4        0x8 ./Middlewares/ST/STM32_USB_Device_Library/Core/Src/usbd_core.o
                0x00000000080075c4                USBD_LL_SetSpeed
 .text.USBD_LL_Suspend
                0x00000000080075cc       0x20 ./Middlewares/ST/STM32_USB_Device_Library/Core/Src/usbd_core.o
                0x00000000080075cc                USBD_LL_Suspend
 .text.USBD_LL_Resume
                0x00000000080075ec       0x18 ./Middlewares/ST/STM32_USB_Device_Library/Core/Src/usbd_core.o
                0x00000000080075ec                USBD_LL_Resume
 .text.USBD_LL_SOF
                0x0000000008007604       0x20 ./Middlewares/ST/STM32_USB_Device_Library/Core/Src/usbd_core.o
                0x0000000008007604                USBD_LL_SOF
 .text.USBD_LL_IsoINIncomplete
                0x0000000008007624       0x2c ./Middlewares/ST/STM32_USB_Device_Library/Core/Src/usbd_core.o
                0x0000000008007624                USBD_LL_IsoINIncomplete
 .text.USBD_LL_IsoOUTIncomplete
                0x0000000008007650       0x2c ./Middlewares/ST/STM32_USB_Device_Library/Core/Src/usbd_core.o
                0x0000000008007650                USBD_LL_IsoOUTIncomplete
 .text.USBD_LL_DevConnected
                0x000000000800767c        0x4 ./Middlewares/ST/STM32_USB_Device_Library/Core/Src/usbd_core.o
                0x000000000800767c                USBD_LL_DevConnected
 .text.USBD_LL_DevDisconnected
                0x0000000008007680       0x24 ./Middlewares/ST/STM32_USB_Device_Library/Core/Src/usbd_core.o
                0x0000000008007680                USBD_LL_DevDisconnected
 .text.USBD_CoreFindIF
                0x00000000080076a4        0x4 ./Middlewares/ST/STM32_USB_Device_Library/Core/Src/usbd_core.o
                0x00000000080076a4                USBD_CoreFindIF
 .text.USBD_CoreFindEP
                0x00000000080076a8        0x4 ./Middlewares/ST/STM32_USB_Device_Library/Core/Src/usbd_core.o
                0x00000000080076a8                USBD_CoreFindEP
 .text.USBD_GetEpDesc
                0x00000000080076ac       0x2c ./Middlewares/ST/STM32_USB_Device_Library/Core/Src/usbd_core.o
                0x00000000080076ac                USBD_GetEpDesc
 .text.USBD_StdDevReq
                0x00000000080076d8      0x38c ./Middlewares/ST/STM32_USB_Device_Library/Core/Src/usbd_ctlreq.o
                0x00000000080076d8                USBD_StdDevReq
 .text.USBD_StdItfReq
                0x0000000008007a64       0x84 ./Middlewares/ST/STM32_USB_Device_Library/Core/Src/usbd_ctlreq.o
                0x0000000008007a64                USBD_StdItfReq
 .text.USBD_StdEPReq
                0x0000000008007ae8      0x15c ./Middlewares/ST/STM32_USB_Device_Library/Core/Src/usbd_ctlreq.o
                0x0000000008007ae8                USBD_StdEPReq
 .text.USBD_ParseSetupRequest
                0x0000000008007c44       0x18 ./Middlewares/ST/STM32_USB_Device_Library/Core/Src/usbd_ctlreq.o
                0x0000000008007c44                USBD_ParseSetupRequest
 .text.USBD_CtlError
                0x0000000008007c5c       0x18 ./Middlewares/ST/STM32_USB_Device_Library/Core/Src/usbd_ctlreq.o
                0x0000000008007c5c                USBD_CtlError
 .text.USBD_GetString
                0x0000000008007c74       0x54 ./Middlewares/ST/STM32_USB_Device_Library/Core/Src/usbd_ctlreq.o
                0x0000000008007c74                USBD_GetString
 .text.USBD_CtlSendData
                0x0000000008007cc8       0x1c ./Middlewares/ST/STM32_USB_Device_Library/Core/Src/usbd_ioreq.o
                0x0000000008007cc8                USBD_CtlSendData
 .text.USBD_CtlContinueSendData
                0x0000000008007ce4       0x14 ./Middlewares/ST/STM32_USB_Device_Library/Core/Src/usbd_ioreq.o
                0x0000000008007ce4                USBD_CtlContinueSendData
 .text.USBD_CtlPrepareRx
                0x0000000008007cf8       0x1c ./Middlewares/ST/STM32_USB_Device_Library/Core/Src/usbd_ioreq.o
                0x0000000008007cf8                USBD_CtlPrepareRx
 .text.USBD_CtlContinueRx
                0x0000000008007d14       0x14 ./Middlewares/ST/STM32_USB_Device_Library/Core/Src/usbd_ioreq.o
                0x0000000008007d14                USBD_CtlContinueRx
 .text.USBD_CtlSendStatus
                0x0000000008007d28       0x18 ./Middlewares/ST/STM32_USB_Device_Library/Core/Src/usbd_ioreq.o
                0x0000000008007d28                USBD_CtlSendStatus
 .text.USBD_CtlReceiveStatus
                0x0000000008007d40       0x18 ./Middlewares/ST/STM32_USB_Device_Library/Core/Src/usbd_ioreq.o
                0x0000000008007d40                USBD_CtlReceiveStatus
 .text.MX_USB_DEVICE_Init
                0x0000000008007d58       0x7c ./USB_DEVICE/App/usb_device.o
                0x0000000008007d58                MX_USB_DEVICE_Init
 .text.CDC_DeInit_HS
                0x0000000008007dd4        0x4 ./USB_DEVICE/App/usbd_cdc_if.o
 .text.CDC_Control_HS
                0x0000000008007dd8        0x4 ./USB_DEVICE/App/usbd_cdc_if.o
 .text.CDC_TransmitCplt_HS
                0x0000000008007ddc        0x4 ./USB_DEVICE/App/usbd_cdc_if.o
 .text.CDC_Receive_HS
                0x0000000008007de0       0x1c ./USB_DEVICE/App/usbd_cdc_if.o
 .text.CDC_Init_HS
                0x0000000008007dfc       0x28 ./USB_DEVICE/App/usbd_cdc_if.o
 .text.CDC_Transmit_HS
                0x0000000008007e24       0x2c ./USB_DEVICE/App/usbd_cdc_if.o
                0x0000000008007e24                CDC_Transmit_HS
 .text.USBD_HS_DeviceDescriptor
                0x0000000008007e50        0xc ./USB_DEVICE/App/usbd_desc.o
                0x0000000008007e50                USBD_HS_DeviceDescriptor
 .text.USBD_HS_LangIDStrDescriptor
                0x0000000008007e5c        0xc ./USB_DEVICE/App/usbd_desc.o
                0x0000000008007e5c                USBD_HS_LangIDStrDescriptor
 .text.USBD_HS_ManufacturerStrDescriptor
                0x0000000008007e68       0x1c ./USB_DEVICE/App/usbd_desc.o
                0x0000000008007e68                USBD_HS_ManufacturerStrDescriptor
 .text.USBD_HS_ProductStrDescriptor
                0x0000000008007e84       0x1c ./USB_DEVICE/App/usbd_desc.o
                0x0000000008007e84                USBD_HS_ProductStrDescriptor
 .text.USBD_HS_ConfigStrDescriptor
                0x0000000008007ea0       0x1c ./USB_DEVICE/App/usbd_desc.o
                0x0000000008007ea0                USBD_HS_ConfigStrDescriptor
 .text.USBD_HS_InterfaceStrDescriptor
                0x0000000008007ebc       0x1c ./USB_DEVICE/App/usbd_desc.o
                0x0000000008007ebc                USBD_HS_InterfaceStrDescriptor
 .text.USBD_HS_SerialStrDescriptor
                0x0000000008007ed8      0x124 ./USB_DEVICE/App/usbd_desc.o
                0x0000000008007ed8                USBD_HS_SerialStrDescriptor
 *fill*         0x0000000008007ffc        0x4 
 .text.HAL_PCD_MspInit
                0x0000000008008000       0xbc ./USB_DEVICE/Target/usbd_conf.o
                0x0000000008008000                HAL_PCD_MspInit
 .text.HAL_PCD_SetupStageCallback
                0x00000000080080bc        0xc ./USB_DEVICE/Target/usbd_conf.o
                0x00000000080080bc                HAL_PCD_SetupStageCallback
 .text.HAL_PCD_DataOutStageCallback
                0x00000000080080c8       0x14 ./USB_DEVICE/Target/usbd_conf.o
                0x00000000080080c8                HAL_PCD_DataOutStageCallback
 .text.HAL_PCD_DataInStageCallback
                0x00000000080080dc       0x14 ./USB_DEVICE/Target/usbd_conf.o
                0x00000000080080dc                HAL_PCD_DataInStageCallback
 .text.HAL_PCD_SOFCallback
                0x00000000080080f0        0x8 ./USB_DEVICE/Target/usbd_conf.o
                0x00000000080080f0                HAL_PCD_SOFCallback
 .text.HAL_PCD_ResetCallback
                0x00000000080080f8       0x2c ./USB_DEVICE/Target/usbd_conf.o
                0x00000000080080f8                HAL_PCD_ResetCallback
 .text.HAL_PCD_SuspendCallback
                0x0000000008008124       0x30 ./USB_DEVICE/Target/usbd_conf.o
                0x0000000008008124                HAL_PCD_SuspendCallback
 .text.HAL_PCD_ResumeCallback
                0x0000000008008154        0x8 ./USB_DEVICE/Target/usbd_conf.o
                0x0000000008008154                HAL_PCD_ResumeCallback
 .text.HAL_PCD_ISOOUTIncompleteCallback
                0x000000000800815c        0x8 ./USB_DEVICE/Target/usbd_conf.o
                0x000000000800815c                HAL_PCD_ISOOUTIncompleteCallback
 .text.HAL_PCD_ISOINIncompleteCallback
                0x0000000008008164        0x8 ./USB_DEVICE/Target/usbd_conf.o
                0x0000000008008164                HAL_PCD_ISOINIncompleteCallback
 .text.HAL_PCD_ConnectCallback
                0x000000000800816c        0x8 ./USB_DEVICE/Target/usbd_conf.o
                0x000000000800816c                HAL_PCD_ConnectCallback
 .text.HAL_PCD_DisconnectCallback
                0x0000000008008174        0x8 ./USB_DEVICE/Target/usbd_conf.o
                0x0000000008008174                HAL_PCD_DisconnectCallback
 *fill*         0x000000000800817c        0x4 
 .text.USBD_LL_Init
                0x0000000008008180       0x88 ./USB_DEVICE/Target/usbd_conf.o
                0x0000000008008180                USBD_LL_Init
 .text.USBD_LL_Start
                0x0000000008008208       0x1c ./USB_DEVICE/Target/usbd_conf.o
                0x0000000008008208                USBD_LL_Start
 .text.USBD_LL_OpenEP
                0x0000000008008224       0x24 ./USB_DEVICE/Target/usbd_conf.o
                0x0000000008008224                USBD_LL_OpenEP
 .text.USBD_LL_CloseEP
                0x0000000008008248       0x1c ./USB_DEVICE/Target/usbd_conf.o
                0x0000000008008248                USBD_LL_CloseEP
 .text.USBD_LL_StallEP
                0x0000000008008264       0x1c ./USB_DEVICE/Target/usbd_conf.o
                0x0000000008008264                USBD_LL_StallEP
 .text.USBD_LL_ClearStallEP
                0x0000000008008280       0x1c ./USB_DEVICE/Target/usbd_conf.o
                0x0000000008008280                USBD_LL_ClearStallEP
 .text.USBD_LL_IsStallEP
                0x000000000800829c       0x28 ./USB_DEVICE/Target/usbd_conf.o
                0x000000000800829c                USBD_LL_IsStallEP
 .text.USBD_LL_SetUSBAddress
                0x00000000080082c4       0x1c ./USB_DEVICE/Target/usbd_conf.o
                0x00000000080082c4                USBD_LL_SetUSBAddress
 .text.USBD_LL_Transmit
                0x00000000080082e0       0x1c ./USB_DEVICE/Target/usbd_conf.o
                0x00000000080082e0                USBD_LL_Transmit
 .text.USBD_LL_PrepareReceive
                0x00000000080082fc       0x1c ./USB_DEVICE/Target/usbd_conf.o
                0x00000000080082fc                USBD_LL_PrepareReceive
 .text.USBD_LL_GetRxDataSize
                0x0000000008008318        0x8 ./USB_DEVICE/Target/usbd_conf.o
                0x0000000008008318                USBD_LL_GetRxDataSize
 .text.USBD_static_malloc
                0x0000000008008320        0x8 ./USB_DEVICE/Target/usbd_conf.o
                0x0000000008008320                USBD_static_malloc
 .text.USBD_static_free
                0x0000000008008328        0x4 ./USB_DEVICE/Target/usbd_conf.o
                0x0000000008008328                USBD_static_free
 .text.arm_q15_to_float
                0x000000000800832c       0xd0 /home/clayton/Documents/university/fifth_year/second_semester/fyp-nubots-ssl/STM32/pcb_fft/Drivers/CMSIS/Lib/GCC/libarm_cortexM7lfsp_math.a(arm_q15_to_float.o)
                0x000000000800832c                arm_q15_to_float
 .text.arm_float_to_q15
                0x00000000080083fc      0x164 /home/clayton/Documents/university/fifth_year/second_semester/fyp-nubots-ssl/STM32/pcb_fft/Drivers/CMSIS/Lib/GCC/libarm_cortexM7lfsp_math.a(arm_float_to_q15.o)
                0x00000000080083fc                arm_float_to_q15
 .text.arm_rfft_32_fast_init_f32
                0x0000000008008560       0x38 /home/clayton/Documents/university/fifth_year/second_semester/fyp-nubots-ssl/STM32/pcb_fft/Drivers/CMSIS/Lib/GCC/libarm_cortexM7lfsp_math.a(arm_rfft_fast_init_f32.o)
                0x0000000008008560                arm_rfft_32_fast_init_f32
 .text.arm_rfft_64_fast_init_f32
                0x0000000008008598       0x38 /home/clayton/Documents/university/fifth_year/second_semester/fyp-nubots-ssl/STM32/pcb_fft/Drivers/CMSIS/Lib/GCC/libarm_cortexM7lfsp_math.a(arm_rfft_fast_init_f32.o)
                0x0000000008008598                arm_rfft_64_fast_init_f32
 .text.arm_rfft_256_fast_init_f32
                0x00000000080085d0       0x38 /home/clayton/Documents/university/fifth_year/second_semester/fyp-nubots-ssl/STM32/pcb_fft/Drivers/CMSIS/Lib/GCC/libarm_cortexM7lfsp_math.a(arm_rfft_fast_init_f32.o)
                0x00000000080085d0                arm_rfft_256_fast_init_f32
 .text.arm_rfft_512_fast_init_f32
                0x0000000008008608       0x3c /home/clayton/Documents/university/fifth_year/second_semester/fyp-nubots-ssl/STM32/pcb_fft/Drivers/CMSIS/Lib/GCC/libarm_cortexM7lfsp_math.a(arm_rfft_fast_init_f32.o)
                0x0000000008008608                arm_rfft_512_fast_init_f32
 .text.arm_rfft_1024_fast_init_f32
                0x0000000008008644       0x3c /home/clayton/Documents/university/fifth_year/second_semester/fyp-nubots-ssl/STM32/pcb_fft/Drivers/CMSIS/Lib/GCC/libarm_cortexM7lfsp_math.a(arm_rfft_fast_init_f32.o)
                0x0000000008008644                arm_rfft_1024_fast_init_f32
 .text.arm_rfft_2048_fast_init_f32
                0x0000000008008680       0x3c /home/clayton/Documents/university/fifth_year/second_semester/fyp-nubots-ssl/STM32/pcb_fft/Drivers/CMSIS/Lib/GCC/libarm_cortexM7lfsp_math.a(arm_rfft_fast_init_f32.o)
                0x0000000008008680                arm_rfft_2048_fast_init_f32
 .text.arm_rfft_4096_fast_init_f32
                0x00000000080086bc       0x3c /home/clayton/Documents/university/fifth_year/second_semester/fyp-nubots-ssl/STM32/pcb_fft/Drivers/CMSIS/Lib/GCC/libarm_cortexM7lfsp_math.a(arm_rfft_fast_init_f32.o)
                0x00000000080086bc                arm_rfft_4096_fast_init_f32
 .text.arm_rfft_fast_init_f32
                0x00000000080086f8       0x68 /home/clayton/Documents/university/fifth_year/second_semester/fyp-nubots-ssl/STM32/pcb_fft/Drivers/CMSIS/Lib/GCC/libarm_cortexM7lfsp_math.a(arm_rfft_fast_init_f32.o)
                0x00000000080086f8                arm_rfft_fast_init_f32
 .text.stage_rfft_f32
                0x0000000008008760       0xb8 /home/clayton/Documents/university/fifth_year/second_semester/fyp-nubots-ssl/STM32/pcb_fft/Drivers/CMSIS/Lib/GCC/libarm_cortexM7lfsp_math.a(arm_rfft_fast_f32.o)
                0x0000000008008760                stage_rfft_f32
 .text.merge_rfft_f32
                0x0000000008008818       0xac /home/clayton/Documents/university/fifth_year/second_semester/fyp-nubots-ssl/STM32/pcb_fft/Drivers/CMSIS/Lib/GCC/libarm_cortexM7lfsp_math.a(arm_rfft_fast_f32.o)
                0x0000000008008818                merge_rfft_f32
 .text.arm_rfft_fast_f32
                0x00000000080088c4       0x40 /home/clayton/Documents/university/fifth_year/second_semester/fyp-nubots-ssl/STM32/pcb_fft/Drivers/CMSIS/Lib/GCC/libarm_cortexM7lfsp_math.a(arm_rfft_fast_f32.o)
                0x00000000080088c4                arm_rfft_fast_f32
 .text.arm_cfft_radix8by2_f32
                0x0000000008008904      0x198 /home/clayton/Documents/university/fifth_year/second_semester/fyp-nubots-ssl/STM32/pcb_fft/Drivers/CMSIS/Lib/GCC/libarm_cortexM7lfsp_math.a(arm_cfft_f32.o)
                0x0000000008008904                arm_cfft_radix8by2_f32
 .text.arm_cfft_radix8by4_f32
                0x0000000008008a9c      0x4b8 /home/clayton/Documents/university/fifth_year/second_semester/fyp-nubots-ssl/STM32/pcb_fft/Drivers/CMSIS/Lib/GCC/libarm_cortexM7lfsp_math.a(arm_cfft_f32.o)
                0x0000000008008a9c                arm_cfft_radix8by4_f32
 .text.arm_cfft_f32
                0x0000000008008f54       0xec /home/clayton/Documents/university/fifth_year/second_semester/fyp-nubots-ssl/STM32/pcb_fft/Drivers/CMSIS/Lib/GCC/libarm_cortexM7lfsp_math.a(arm_cfft_f32.o)
                0x0000000008008f54                arm_cfft_f32
 .text.arm_bitreversal_32
                0x0000000008009040       0x50 /home/clayton/Documents/university/fifth_year/second_semester/fyp-nubots-ssl/STM32/pcb_fft/Drivers/CMSIS/Lib/GCC/libarm_cortexM7lfsp_math.a(arm_bitreversal2.o)
                0x0000000008009040                arm_bitreversal_32
 .text.arm_fir_decimate_q15
                0x0000000008009090      0x2e8 /home/clayton/Documents/university/fifth_year/second_semester/fyp-nubots-ssl/STM32/pcb_fft/Drivers/CMSIS/Lib/GCC/libarm_cortexM7lfsp_math.a(arm_fir_decimate_q15.o)
                0x0000000008009090                arm_fir_decimate_q15
 .text.arm_fir_decimate_init_q15
                0x0000000008009378       0x40 /home/clayton/Documents/university/fifth_year/second_semester/fyp-nubots-ssl/STM32/pcb_fft/Drivers/CMSIS/Lib/GCC/libarm_cortexM7lfsp_math.a(arm_fir_decimate_init_q15.o)
                0x0000000008009378                arm_fir_decimate_init_q15
 .text.arm_cmplx_mult_cmplx_f32
                0x00000000080093b8      0x194 /home/clayton/Documents/university/fifth_year/second_semester/fyp-nubots-ssl/STM32/pcb_fft/Drivers/CMSIS/Lib/GCC/libarm_cortexM7lfsp_math.a(arm_cmplx_mult_cmplx_f32.o)
                0x00000000080093b8                arm_cmplx_mult_cmplx_f32
 .text.arm_cmplx_mag_f32
                0x000000000800954c      0x248 /home/clayton/Documents/university/fifth_year/second_semester/fyp-nubots-ssl/STM32/pcb_fft/Drivers/CMSIS/Lib/GCC/libarm_cortexM7lfsp_math.a(arm_cmplx_mag_f32.o)
                0x000000000800954c                arm_cmplx_mag_f32
 .text.arm_cmplx_conj_f32
                0x0000000008009794       0xb4 /home/clayton/Documents/university/fifth_year/second_semester/fyp-nubots-ssl/STM32/pcb_fft/Drivers/CMSIS/Lib/GCC/libarm_cortexM7lfsp_math.a(arm_cmplx_conj_f32.o)
                0x0000000008009794                arm_cmplx_conj_f32
 .text.arm_mult_f32
                0x0000000008009848       0xb4 /home/clayton/Documents/university/fifth_year/second_semester/fyp-nubots-ssl/STM32/pcb_fft/Drivers/CMSIS/Lib/GCC/libarm_cortexM7lfsp_math.a(arm_mult_f32.o)
                0x0000000008009848                arm_mult_f32
 .text.arm_radix8_butterfly_f32
                0x00000000080098fc      0x584 /home/clayton/Documents/university/fifth_year/second_semester/fyp-nubots-ssl/STM32/pcb_fft/Drivers/CMSIS/Lib/GCC/libarm_cortexM7lfsp_math.a(arm_cfft_radix8_f32.o)
                0x00000000080098fc                arm_radix8_butterfly_f32
 .text.malloc   0x0000000008009e80       0x10 /opt/st/stm32cubeide_1.13.0/plugins/com.st.stm32cube.ide.mcu.externaltools.gnu-tools-for-stm32.11.3.rel1.linux64_1.1.0.202305231506/tools/bin/../lib/gcc/arm-none-eabi/11.3.1/../../../../arm-none-eabi/lib/thumb/v7e-m+dp/hard/libc_nano.a(libc_a-malloc.o)
                0x0000000008009e80                malloc
 .text.free     0x0000000008009e90       0x10 /opt/st/stm32cubeide_1.13.0/plugins/com.st.stm32cube.ide.mcu.externaltools.gnu-tools-for-stm32.11.3.rel1.linux64_1.1.0.202305231506/tools/bin/../lib/gcc/arm-none-eabi/11.3.1/../../../../arm-none-eabi/lib/thumb/v7e-m+dp/hard/libc_nano.a(libc_a-malloc.o)
                0x0000000008009e90                free
 .text.sbrk_aligned
                0x0000000008009ea0       0x40 /opt/st/stm32cubeide_1.13.0/plugins/com.st.stm32cube.ide.mcu.externaltools.gnu-tools-for-stm32.11.3.rel1.linux64_1.1.0.202305231506/tools/bin/../lib/gcc/arm-none-eabi/11.3.1/../../../../arm-none-eabi/lib/thumb/v7e-m+dp/hard/libc_nano.a(libc_a-mallocr.o)
 .text._malloc_r
                0x0000000008009ee0      0x100 /opt/st/stm32cubeide_1.13.0/plugins/com.st.stm32cube.ide.mcu.externaltools.gnu-tools-for-stm32.11.3.rel1.linux64_1.1.0.202305231506/tools/bin/../lib/gcc/arm-none-eabi/11.3.1/../../../../arm-none-eabi/lib/thumb/v7e-m+dp/hard/libc_nano.a(libc_a-mallocr.o)
                0x0000000008009ee0                _malloc_r
 .text.__malloc_lock
                0x0000000008009fe0        0xc /opt/st/stm32cubeide_1.13.0/plugins/com.st.stm32cube.ide.mcu.externaltools.gnu-tools-for-stm32.11.3.rel1.linux64_1.1.0.202305231506/tools/bin/../lib/gcc/arm-none-eabi/11.3.1/../../../../arm-none-eabi/lib/thumb/v7e-m+dp/hard/libc_nano.a(libc_a-mlock.o)
                0x0000000008009fe0                __malloc_lock
 .text.__malloc_unlock
                0x0000000008009fec        0xc /opt/st/stm32cubeide_1.13.0/plugins/com.st.stm32cube.ide.mcu.externaltools.gnu-tools-for-stm32.11.3.rel1.linux64_1.1.0.202305231506/tools/bin/../lib/gcc/arm-none-eabi/11.3.1/../../../../arm-none-eabi/lib/thumb/v7e-m+dp/hard/libc_nano.a(libc_a-mlock.o)
                0x0000000008009fec                __malloc_unlock
 .text.__cvt    0x0000000008009ff8       0xa4 /opt/st/stm32cubeide_1.13.0/plugins/com.st.stm32cube.ide.mcu.externaltools.gnu-tools-for-stm32.11.3.rel1.linux64_1.1.0.202305231506/tools/bin/../lib/gcc/arm-none-eabi/11.3.1/../../../../arm-none-eabi/lib/thumb/v7e-m+dp/hard/libc_nano.a(libc_a-nano-vfprintf_float.o)
                0x0000000008009ff8                __cvt
 .text.__exponent
                0x000000000800a09c       0x7c /opt/st/stm32cubeide_1.13.0/plugins/com.st.stm32cube.ide.mcu.externaltools.gnu-tools-for-stm32.11.3.rel1.linux64_1.1.0.202305231506/tools/bin/../lib/gcc/arm-none-eabi/11.3.1/../../../../arm-none-eabi/lib/thumb/v7e-m+dp/hard/libc_nano.a(libc_a-nano-vfprintf_float.o)
                0x000000000800a09c                __exponent
 .text._printf_float
                0x000000000800a118      0x434 /opt/st/stm32cubeide_1.13.0/plugins/com.st.stm32cube.ide.mcu.externaltools.gnu-tools-for-stm32.11.3.rel1.linux64_1.1.0.202305231506/tools/bin/../lib/gcc/arm-none-eabi/11.3.1/../../../../arm-none-eabi/lib/thumb/v7e-m+dp/hard/libc_nano.a(libc_a-nano-vfprintf_float.o)
                0x000000000800a118                _printf_float
 .text._printf_common
                0x000000000800a54c       0xda /opt/st/stm32cubeide_1.13.0/plugins/com.st.stm32cube.ide.mcu.externaltools.gnu-tools-for-stm32.11.3.rel1.linux64_1.1.0.202305231506/tools/bin/../lib/gcc/arm-none-eabi/11.3.1/../../../../arm-none-eabi/lib/thumb/v7e-m+dp/hard/libc_nano.a(libc_a-nano-vfprintf_i.o)
                0x000000000800a54c                _printf_common
 *fill*         0x000000000800a626        0x2 
 .text._printf_i
                0x000000000800a628      0x244 /opt/st/stm32cubeide_1.13.0/plugins/com.st.stm32cube.ide.mcu.externaltools.gnu-tools-for-stm32.11.3.rel1.linux64_1.1.0.202305231506/tools/bin/../lib/gcc/arm-none-eabi/11.3.1/../../../../arm-none-eabi/lib/thumb/v7e-m+dp/hard/libc_nano.a(libc_a-nano-vfprintf_i.o)
                0x000000000800a628                _printf_i
 .text.std      0x000000000800a86c       0x48 /opt/st/stm32cubeide_1.13.0/plugins/com.st.stm32cube.ide.mcu.externaltools.gnu-tools-for-stm32.11.3.rel1.linux64_1.1.0.202305231506/tools/bin/../lib/gcc/arm-none-eabi/11.3.1/../../../../arm-none-eabi/lib/thumb/v7e-m+dp/hard/libc_nano.a(libc_a-findfp.o)
 .text.stdio_exit_handler
                0x000000000800a8b4       0x18 /opt/st/stm32cubeide_1.13.0/plugins/com.st.stm32cube.ide.mcu.externaltools.gnu-tools-for-stm32.11.3.rel1.linux64_1.1.0.202305231506/tools/bin/../lib/gcc/arm-none-eabi/11.3.1/../../../../arm-none-eabi/lib/thumb/v7e-m+dp/hard/libc_nano.a(libc_a-findfp.o)
 .text.cleanup_stdio
                0x000000000800a8cc       0x40 /opt/st/stm32cubeide_1.13.0/plugins/com.st.stm32cube.ide.mcu.externaltools.gnu-tools-for-stm32.11.3.rel1.linux64_1.1.0.202305231506/tools/bin/../lib/gcc/arm-none-eabi/11.3.1/../../../../arm-none-eabi/lib/thumb/v7e-m+dp/hard/libc_nano.a(libc_a-findfp.o)
 .text.global_stdio_init.part.0
                0x000000000800a90c       0x3c /opt/st/stm32cubeide_1.13.0/plugins/com.st.stm32cube.ide.mcu.externaltools.gnu-tools-for-stm32.11.3.rel1.linux64_1.1.0.202305231506/tools/bin/../lib/gcc/arm-none-eabi/11.3.1/../../../../arm-none-eabi/lib/thumb/v7e-m+dp/hard/libc_nano.a(libc_a-findfp.o)
 .text.__sfp_lock_acquire
                0x000000000800a948        0xc /opt/st/stm32cubeide_1.13.0/plugins/com.st.stm32cube.ide.mcu.externaltools.gnu-tools-for-stm32.11.3.rel1.linux64_1.1.0.202305231506/tools/bin/../lib/gcc/arm-none-eabi/11.3.1/../../../../arm-none-eabi/lib/thumb/v7e-m+dp/hard/libc_nano.a(libc_a-findfp.o)
                0x000000000800a948                __sfp_lock_acquire
 .text.__sfp_lock_release
                0x000000000800a954        0xc /opt/st/stm32cubeide_1.13.0/plugins/com.st.stm32cube.ide.mcu.externaltools.gnu-tools-for-stm32.11.3.rel1.linux64_1.1.0.202305231506/tools/bin/../lib/gcc/arm-none-eabi/11.3.1/../../../../arm-none-eabi/lib/thumb/v7e-m+dp/hard/libc_nano.a(libc_a-findfp.o)
                0x000000000800a954                __sfp_lock_release
 .text.__sinit  0x000000000800a960       0x30 /opt/st/stm32cubeide_1.13.0/plugins/com.st.stm32cube.ide.mcu.externaltools.gnu-tools-for-stm32.11.3.rel1.linux64_1.1.0.202305231506/tools/bin/../lib/gcc/arm-none-eabi/11.3.1/../../../../arm-none-eabi/lib/thumb/v7e-m+dp/hard/libc_nano.a(libc_a-findfp.o)
                0x000000000800a960                __sinit
 .text._fwalk_sglue
                0x000000000800a990       0x3c /opt/st/stm32cubeide_1.13.0/plugins/com.st.stm32cube.ide.mcu.externaltools.gnu-tools-for-stm32.11.3.rel1.linux64_1.1.0.202305231506/tools/bin/../lib/gcc/arm-none-eabi/11.3.1/../../../../arm-none-eabi/lib/thumb/v7e-m+dp/hard/libc_nano.a(libc_a-fwalk.o)
                0x000000000800a990                _fwalk_sglue
 .text.sprintf  0x000000000800a9cc       0x40 /opt/st/stm32cubeide_1.13.0/plugins/com.st.stm32cube.ide.mcu.externaltools.gnu-tools-for-stm32.11.3.rel1.linux64_1.1.0.202305231506/tools/bin/../lib/gcc/arm-none-eabi/11.3.1/../../../../arm-none-eabi/lib/thumb/v7e-m+dp/hard/libc_nano.a(libc_a-sprintf.o)
                0x000000000800a9cc                sprintf
                0x000000000800a9cc                siprintf
 .text.__sread  0x000000000800aa0c       0x22 /opt/st/stm32cubeide_1.13.0/plugins/com.st.stm32cube.ide.mcu.externaltools.gnu-tools-for-stm32.11.3.rel1.linux64_1.1.0.202305231506/tools/bin/../lib/gcc/arm-none-eabi/11.3.1/../../../../arm-none-eabi/lib/thumb/v7e-m+dp/hard/libc_nano.a(libc_a-stdio.o)
                0x000000000800aa0c                __sread
 .text.__swrite
                0x000000000800aa2e       0x38 /opt/st/stm32cubeide_1.13.0/plugins/com.st.stm32cube.ide.mcu.externaltools.gnu-tools-for-stm32.11.3.rel1.linux64_1.1.0.202305231506/tools/bin/../lib/gcc/arm-none-eabi/11.3.1/../../../../arm-none-eabi/lib/thumb/v7e-m+dp/hard/libc_nano.a(libc_a-stdio.o)
                0x000000000800aa2e                __swrite
 .text.__sseek  0x000000000800aa66       0x24 /opt/st/stm32cubeide_1.13.0/plugins/com.st.stm32cube.ide.mcu.externaltools.gnu-tools-for-stm32.11.3.rel1.linux64_1.1.0.202305231506/tools/bin/../lib/gcc/arm-none-eabi/11.3.1/../../../../arm-none-eabi/lib/thumb/v7e-m+dp/hard/libc_nano.a(libc_a-stdio.o)
                0x000000000800aa66                __sseek
 .text.__sclose
                0x000000000800aa8a        0x8 /opt/st/stm32cubeide_1.13.0/plugins/com.st.stm32cube.ide.mcu.externaltools.gnu-tools-for-stm32.11.3.rel1.linux64_1.1.0.202305231506/tools/bin/../lib/gcc/arm-none-eabi/11.3.1/../../../../arm-none-eabi/lib/thumb/v7e-m+dp/hard/libc_nano.a(libc_a-stdio.o)
                0x000000000800aa8a                __sclose
 .text.memset   0x000000000800aa92       0x10 /opt/st/stm32cubeide_1.13.0/plugins/com.st.stm32cube.ide.mcu.externaltools.gnu-tools-for-stm32.11.3.rel1.linux64_1.1.0.202305231506/tools/bin/../lib/gcc/arm-none-eabi/11.3.1/../../../../arm-none-eabi/lib/thumb/v7e-m+dp/hard/libc_nano.a(libc_a-memset.o)
                0x000000000800aa92                memset
 *fill*         0x000000000800aaa2        0x2 
 .text._localeconv_r
                0x000000000800aaa4        0x8 /opt/st/stm32cubeide_1.13.0/plugins/com.st.stm32cube.ide.mcu.externaltools.gnu-tools-for-stm32.11.3.rel1.linux64_1.1.0.202305231506/tools/bin/../lib/gcc/arm-none-eabi/11.3.1/../../../../arm-none-eabi/lib/thumb/v7e-m+dp/hard/libc_nano.a(libc_a-localeconv.o)
                0x000000000800aaa4                _localeconv_r
 .text._close_r
                0x000000000800aaac       0x20 /opt/st/stm32cubeide_1.13.0/plugins/com.st.stm32cube.ide.mcu.externaltools.gnu-tools-for-stm32.11.3.rel1.linux64_1.1.0.202305231506/tools/bin/../lib/gcc/arm-none-eabi/11.3.1/../../../../arm-none-eabi/lib/thumb/v7e-m+dp/hard/libc_nano.a(libc_a-closer.o)
                0x000000000800aaac                _close_r
 .text._lseek_r
                0x000000000800aacc       0x24 /opt/st/stm32cubeide_1.13.0/plugins/com.st.stm32cube.ide.mcu.externaltools.gnu-tools-for-stm32.11.3.rel1.linux64_1.1.0.202305231506/tools/bin/../lib/gcc/arm-none-eabi/11.3.1/../../../../arm-none-eabi/lib/thumb/v7e-m+dp/hard/libc_nano.a(libc_a-lseekr.o)
                0x000000000800aacc                _lseek_r
 .text._read_r  0x000000000800aaf0       0x24 /opt/st/stm32cubeide_1.13.0/plugins/com.st.stm32cube.ide.mcu.externaltools.gnu-tools-for-stm32.11.3.rel1.linux64_1.1.0.202305231506/tools/bin/../lib/gcc/arm-none-eabi/11.3.1/../../../../arm-none-eabi/lib/thumb/v7e-m+dp/hard/libc_nano.a(libc_a-readr.o)
                0x000000000800aaf0                _read_r
 .text._sbrk_r  0x000000000800ab14       0x20 /opt/st/stm32cubeide_1.13.0/plugins/com.st.stm32cube.ide.mcu.externaltools.gnu-tools-for-stm32.11.3.rel1.linux64_1.1.0.202305231506/tools/bin/../lib/gcc/arm-none-eabi/11.3.1/../../../../arm-none-eabi/lib/thumb/v7e-m+dp/hard/libc_nano.a(libc_a-sbrkr.o)
                0x000000000800ab14                _sbrk_r
 .text._write_r
                0x000000000800ab34       0x24 /opt/st/stm32cubeide_1.13.0/plugins/com.st.stm32cube.ide.mcu.externaltools.gnu-tools-for-stm32.11.3.rel1.linux64_1.1.0.202305231506/tools/bin/../lib/gcc/arm-none-eabi/11.3.1/../../../../arm-none-eabi/lib/thumb/v7e-m+dp/hard/libc_nano.a(libc_a-writer.o)
                0x000000000800ab34                _write_r
 .text.__errno  0x000000000800ab58        0xc /opt/st/stm32cubeide_1.13.0/plugins/com.st.stm32cube.ide.mcu.externaltools.gnu-tools-for-stm32.11.3.rel1.linux64_1.1.0.202305231506/tools/bin/../lib/gcc/arm-none-eabi/11.3.1/../../../../arm-none-eabi/lib/thumb/v7e-m+dp/hard/libc_nano.a(libc_a-errno.o)
                0x000000000800ab58                __errno
 .text.__libc_init_array
                0x000000000800ab64       0x48 /opt/st/stm32cubeide_1.13.0/plugins/com.st.stm32cube.ide.mcu.externaltools.gnu-tools-for-stm32.11.3.rel1.linux64_1.1.0.202305231506/tools/bin/../lib/gcc/arm-none-eabi/11.3.1/../../../../arm-none-eabi/lib/thumb/v7e-m+dp/hard/libc_nano.a(libc_a-init.o)
                0x000000000800ab64                __libc_init_array
 .text.__retarget_lock_acquire_recursive
                0x000000000800abac        0x2 /opt/st/stm32cubeide_1.13.0/plugins/com.st.stm32cube.ide.mcu.externaltools.gnu-tools-for-stm32.11.3.rel1.linux64_1.1.0.202305231506/tools/bin/../lib/gcc/arm-none-eabi/11.3.1/../../../../arm-none-eabi/lib/thumb/v7e-m+dp/hard/libc_nano.a(libc_a-lock.o)
                0x000000000800abac                __retarget_lock_acquire_recursive
 .text.__retarget_lock_release_recursive
                0x000000000800abae        0x2 /opt/st/stm32cubeide_1.13.0/plugins/com.st.stm32cube.ide.mcu.externaltools.gnu-tools-for-stm32.11.3.rel1.linux64_1.1.0.202305231506/tools/bin/../lib/gcc/arm-none-eabi/11.3.1/../../../../arm-none-eabi/lib/thumb/v7e-m+dp/hard/libc_nano.a(libc_a-lock.o)
                0x000000000800abae                __retarget_lock_release_recursive
 .text.quorem   0x000000000800abb0      0x110 /opt/st/stm32cubeide_1.13.0/plugins/com.st.stm32cube.ide.mcu.externaltools.gnu-tools-for-stm32.11.3.rel1.linux64_1.1.0.202305231506/tools/bin/../lib/gcc/arm-none-eabi/11.3.1/../../../../arm-none-eabi/lib/thumb/v7e-m+dp/hard/libc_nano.a(libc_a-dtoa.o)
 .text._dtoa_r  0x000000000800acc0      0xad8 /opt/st/stm32cubeide_1.13.0/plugins/com.st.stm32cube.ide.mcu.externaltools.gnu-tools-for-stm32.11.3.rel1.linux64_1.1.0.202305231506/tools/bin/../lib/gcc/arm-none-eabi/11.3.1/../../../../arm-none-eabi/lib/thumb/v7e-m+dp/hard/libc_nano.a(libc_a-dtoa.o)
                0x000000000800acc0                _dtoa_r
 .text._free_r  0x000000000800b798       0x98 /opt/st/stm32cubeide_1.13.0/plugins/com.st.stm32cube.ide.mcu.externaltools.gnu-tools-for-stm32.11.3.rel1.linux64_1.1.0.202305231506/tools/bin/../lib/gcc/arm-none-eabi/11.3.1/../../../../arm-none-eabi/lib/thumb/v7e-m+dp/hard/libc_nano.a(libc_a-freer.o)
                0x000000000800b798                _free_r
 .text._Balloc  0x000000000800b830       0x80 /opt/st/stm32cubeide_1.13.0/plugins/com.st.stm32cube.ide.mcu.externaltools.gnu-tools-for-stm32.11.3.rel1.linux64_1.1.0.202305231506/tools/bin/../lib/gcc/arm-none-eabi/11.3.1/../../../../arm-none-eabi/lib/thumb/v7e-m+dp/hard/libc_nano.a(libc_a-mprec.o)
                0x000000000800b830                _Balloc
 .text._Bfree   0x000000000800b8b0       0x44 /opt/st/stm32cubeide_1.13.0/plugins/com.st.stm32cube.ide.mcu.externaltools.gnu-tools-for-stm32.11.3.rel1.linux64_1.1.0.202305231506/tools/bin/../lib/gcc/arm-none-eabi/11.3.1/../../../../arm-none-eabi/lib/thumb/v7e-m+dp/hard/libc_nano.a(libc_a-mprec.o)
                0x000000000800b8b0                _Bfree
 .text.__multadd
                0x000000000800b8f4       0x8c /opt/st/stm32cubeide_1.13.0/plugins/com.st.stm32cube.ide.mcu.externaltools.gnu-tools-for-stm32.11.3.rel1.linux64_1.1.0.202305231506/tools/bin/../lib/gcc/arm-none-eabi/11.3.1/../../../../arm-none-eabi/lib/thumb/v7e-m+dp/hard/libc_nano.a(libc_a-mprec.o)
                0x000000000800b8f4                __multadd
 .text.__hi0bits
                0x000000000800b980       0x40 /opt/st/stm32cubeide_1.13.0/plugins/com.st.stm32cube.ide.mcu.externaltools.gnu-tools-for-stm32.11.3.rel1.linux64_1.1.0.202305231506/tools/bin/../lib/gcc/arm-none-eabi/11.3.1/../../../../arm-none-eabi/lib/thumb/v7e-m+dp/hard/libc_nano.a(libc_a-mprec.o)
                0x000000000800b980                __hi0bits
 .text.__lo0bits
                0x000000000800b9c0       0x5a /opt/st/stm32cubeide_1.13.0/plugins/com.st.stm32cube.ide.mcu.externaltools.gnu-tools-for-stm32.11.3.rel1.linux64_1.1.0.202305231506/tools/bin/../lib/gcc/arm-none-eabi/11.3.1/../../../../arm-none-eabi/lib/thumb/v7e-m+dp/hard/libc_nano.a(libc_a-mprec.o)
                0x000000000800b9c0                __lo0bits
 *fill*         0x000000000800ba1a        0x2 
 .text.__i2b    0x000000000800ba1c       0x2c /opt/st/stm32cubeide_1.13.0/plugins/com.st.stm32cube.ide.mcu.externaltools.gnu-tools-for-stm32.11.3.rel1.linux64_1.1.0.202305231506/tools/bin/../lib/gcc/arm-none-eabi/11.3.1/../../../../arm-none-eabi/lib/thumb/v7e-m+dp/hard/libc_nano.a(libc_a-mprec.o)
                0x000000000800ba1c                __i2b
 .text.__multiply
                0x000000000800ba48      0x154 /opt/st/stm32cubeide_1.13.0/plugins/com.st.stm32cube.ide.mcu.externaltools.gnu-tools-for-stm32.11.3.rel1.linux64_1.1.0.202305231506/tools/bin/../lib/gcc/arm-none-eabi/11.3.1/../../../../arm-none-eabi/lib/thumb/v7e-m+dp/hard/libc_nano.a(libc_a-mprec.o)
                0x000000000800ba48                __multiply
 .text.__pow5mult
                0x000000000800bb9c       0xb4 /opt/st/stm32cubeide_1.13.0/plugins/com.st.stm32cube.ide.mcu.externaltools.gnu-tools-for-stm32.11.3.rel1.linux64_1.1.0.202305231506/tools/bin/../lib/gcc/arm-none-eabi/11.3.1/../../../../arm-none-eabi/lib/thumb/v7e-m+dp/hard/libc_nano.a(libc_a-mprec.o)
                0x000000000800bb9c                __pow5mult
 .text.__lshift
                0x000000000800bc50       0xd8 /opt/st/stm32cubeide_1.13.0/plugins/com.st.stm32cube.ide.mcu.externaltools.gnu-tools-for-stm32.11.3.rel1.linux64_1.1.0.202305231506/tools/bin/../lib/gcc/arm-none-eabi/11.3.1/../../../../arm-none-eabi/lib/thumb/v7e-m+dp/hard/libc_nano.a(libc_a-mprec.o)
                0x000000000800bc50                __lshift
 .text.__mcmp   0x000000000800bd28       0x38 /opt/st/stm32cubeide_1.13.0/plugins/com.st.stm32cube.ide.mcu.externaltools.gnu-tools-for-stm32.11.3.rel1.linux64_1.1.0.202305231506/tools/bin/../lib/gcc/arm-none-eabi/11.3.1/../../../../arm-none-eabi/lib/thumb/v7e-m+dp/hard/libc_nano.a(libc_a-mprec.o)
                0x000000000800bd28                __mcmp
 .text.__mdiff  0x000000000800bd60      0x114 /opt/st/stm32cubeide_1.13.0/plugins/com.st.stm32cube.ide.mcu.externaltools.gnu-tools-for-stm32.11.3.rel1.linux64_1.1.0.202305231506/tools/bin/../lib/gcc/arm-none-eabi/11.3.1/../../../../arm-none-eabi/lib/thumb/v7e-m+dp/hard/libc_nano.a(libc_a-mprec.o)
                0x000000000800bd60                __mdiff
 .text.__d2b    0x000000000800be74       0xb4 /opt/st/stm32cubeide_1.13.0/plugins/com.st.stm32cube.ide.mcu.externaltools.gnu-tools-for-stm32.11.3.rel1.linux64_1.1.0.202305231506/tools/bin/../lib/gcc/arm-none-eabi/11.3.1/../../../../arm-none-eabi/lib/thumb/v7e-m+dp/hard/libc_nano.a(libc_a-mprec.o)
                0x000000000800be74                __d2b
 .text.__ssputs_r
                0x000000000800bf28       0xb4 /opt/st/stm32cubeide_1.13.0/plugins/com.st.stm32cube.ide.mcu.externaltools.gnu-tools-for-stm32.11.3.rel1.linux64_1.1.0.202305231506/tools/bin/../lib/gcc/arm-none-eabi/11.3.1/../../../../arm-none-eabi/lib/thumb/v7e-m+dp/hard/libc_nano.a(libc_a-nano-svfprintf.o)
                0x000000000800bf28                __ssputs_r
 .text._svfprintf_r
                0x000000000800bfdc      0x1fc /opt/st/stm32cubeide_1.13.0/plugins/com.st.stm32cube.ide.mcu.externaltools.gnu-tools-for-stm32.11.3.rel1.linux64_1.1.0.202305231506/tools/bin/../lib/gcc/arm-none-eabi/11.3.1/../../../../arm-none-eabi/lib/thumb/v7e-m+dp/hard/libc_nano.a(libc_a-nano-svfprintf.o)
                0x000000000800bfdc                _svfprintf_r
                0x000000000800bfdc                _svfiprintf_r
 .text.__sflush_r
                0x000000000800c1d8      0x10c /opt/st/stm32cubeide_1.13.0/plugins/com.st.stm32cube.ide.mcu.externaltools.gnu-tools-for-stm32.11.3.rel1.linux64_1.1.0.202305231506/tools/bin/../lib/gcc/arm-none-eabi/11.3.1/../../../../arm-none-eabi/lib/thumb/v7e-m+dp/hard/libc_nano.a(libc_a-fflush.o)
                0x000000000800c1d8                __sflush_r
 .text._fflush_r
                0x000000000800c2e4       0x50 /opt/st/stm32cubeide_1.13.0/plugins/com.st.stm32cube.ide.mcu.externaltools.gnu-tools-for-stm32.11.3.rel1.linux64_1.1.0.202305231506/tools/bin/../lib/gcc/arm-none-eabi/11.3.1/../../../../arm-none-eabi/lib/thumb/v7e-m+dp/hard/libc_nano.a(libc_a-fflush.o)
                0x000000000800c2e4                _fflush_r
 .text.memmove  0x000000000800c334       0x34 /opt/st/stm32cubeide_1.13.0/plugins/com.st.stm32cube.ide.mcu.externaltools.gnu-tools-for-stm32.11.3.rel1.linux64_1.1.0.202305231506/tools/bin/../lib/gcc/arm-none-eabi/11.3.1/../../../../arm-none-eabi/lib/thumb/v7e-m+dp/hard/libc_nano.a(libc_a-memmove.o)
                0x000000000800c334                memmove
 .text.memcpy   0x000000000800c368       0x1c /opt/st/stm32cubeide_1.13.0/plugins/com.st.stm32cube.ide.mcu.externaltools.gnu-tools-for-stm32.11.3.rel1.linux64_1.1.0.202305231506/tools/bin/../lib/gcc/arm-none-eabi/11.3.1/../../../../arm-none-eabi/lib/thumb/v7e-m+dp/hard/libc_nano.a(libc_a-memcpy-stub.o)
                0x000000000800c368                memcpy
 .text.__assert_func
                0x000000000800c384       0x3c /opt/st/stm32cubeide_1.13.0/plugins/com.st.stm32cube.ide.mcu.externaltools.gnu-tools-for-stm32.11.3.rel1.linux64_1.1.0.202305231506/tools/bin/../lib/gcc/arm-none-eabi/11.3.1/../../../../arm-none-eabi/lib/thumb/v7e-m+dp/hard/libc_nano.a(libc_a-assert.o)
                0x000000000800c384                __assert_func
 .text._calloc_r
                0x000000000800c3c0       0x2c /opt/st/stm32cubeide_1.13.0/plugins/com.st.stm32cube.ide.mcu.externaltools.gnu-tools-for-stm32.11.3.rel1.linux64_1.1.0.202305231506/tools/bin/../lib/gcc/arm-none-eabi/11.3.1/../../../../arm-none-eabi/lib/thumb/v7e-m+dp/hard/libc_nano.a(libc_a-callocr.o)
                0x000000000800c3c0                _calloc_r
 .text.__ascii_mbtowc
                0x000000000800c3ec       0x24 /opt/st/stm32cubeide_1.13.0/plugins/com.st.stm32cube.ide.mcu.externaltools.gnu-tools-for-stm32.11.3.rel1.linux64_1.1.0.202305231506/tools/bin/../lib/gcc/arm-none-eabi/11.3.1/../../../../arm-none-eabi/lib/thumb/v7e-m+dp/hard/libc_nano.a(libc_a-mbtowc_r.o)
                0x000000000800c3ec                __ascii_mbtowc
 .text._realloc_r
                0x000000000800c410       0x5e /opt/st/stm32cubeide_1.13.0/plugins/com.st.stm32cube.ide.mcu.externaltools.gnu-tools-for-stm32.11.3.rel1.linux64_1.1.0.202305231506/tools/bin/../lib/gcc/arm-none-eabi/11.3.1/../../../../arm-none-eabi/lib/thumb/v7e-m+dp/hard/libc_nano.a(libc_a-reallocr.o)
                0x000000000800c410                _realloc_r
 .text.__ascii_wctomb
                0x000000000800c46e       0x1a /opt/st/stm32cubeide_1.13.0/plugins/com.st.stm32cube.ide.mcu.externaltools.gnu-tools-for-stm32.11.3.rel1.linux64_1.1.0.202305231506/tools/bin/../lib/gcc/arm-none-eabi/11.3.1/../../../../arm-none-eabi/lib/thumb/v7e-m+dp/hard/libc_nano.a(libc_a-wctomb_r.o)
                0x000000000800c46e                __ascii_wctomb
 .text.fprintf  0x000000000800c488       0x24 /opt/st/stm32cubeide_1.13.0/plugins/com.st.stm32cube.ide.mcu.externaltools.gnu-tools-for-stm32.11.3.rel1.linux64_1.1.0.202305231506/tools/bin/../lib/gcc/arm-none-eabi/11.3.1/../../../../arm-none-eabi/lib/thumb/v7e-m+dp/hard/libc_nano.a(libc_a-fprintf.o)
                0x000000000800c488                fprintf
                0x000000000800c488                fiprintf
 .text.abort    0x000000000800c4ac        0xe /opt/st/stm32cubeide_1.13.0/plugins/com.st.stm32cube.ide.mcu.externaltools.gnu-tools-for-stm32.11.3.rel1.linux64_1.1.0.202305231506/tools/bin/../lib/gcc/arm-none-eabi/11.3.1/../../../../arm-none-eabi/lib/thumb/v7e-m+dp/hard/libc_nano.a(libc_a-abort.o)
                0x000000000800c4ac                abort
 .text._malloc_usable_size_r
                0x000000000800c4ba       0x10 /opt/st/stm32cubeide_1.13.0/plugins/com.st.stm32cube.ide.mcu.externaltools.gnu-tools-for-stm32.11.3.rel1.linux64_1.1.0.202305231506/tools/bin/../lib/gcc/arm-none-eabi/11.3.1/../../../../arm-none-eabi/lib/thumb/v7e-m+dp/hard/libc_nano.a(libc_a-msizer.o)
                0x000000000800c4ba                _malloc_usable_size_r
 .text.__sfputc_r
                0x000000000800c4ca       0x2e /opt/st/stm32cubeide_1.13.0/plugins/com.st.stm32cube.ide.mcu.externaltools.gnu-tools-for-stm32.11.3.rel1.linux64_1.1.0.202305231506/tools/bin/../lib/gcc/arm-none-eabi/11.3.1/../../../../arm-none-eabi/lib/thumb/v7e-m+dp/hard/libc_nano.a(libc_a-nano-vfprintf.o)
 .text.__sfputs_r
                0x000000000800c4f8       0x24 /opt/st/stm32cubeide_1.13.0/plugins/com.st.stm32cube.ide.mcu.externaltools.gnu-tools-for-stm32.11.3.rel1.linux64_1.1.0.202305231506/tools/bin/../lib/gcc/arm-none-eabi/11.3.1/../../../../arm-none-eabi/lib/thumb/v7e-m+dp/hard/libc_nano.a(libc_a-nano-vfprintf.o)
                0x000000000800c4f8                __sfputs_r
 .text._vfprintf_r
                0x000000000800c51c      0x234 /opt/st/stm32cubeide_1.13.0/plugins/com.st.stm32cube.ide.mcu.externaltools.gnu-tools-for-stm32.11.3.rel1.linux64_1.1.0.202305231506/tools/bin/../lib/gcc/arm-none-eabi/11.3.1/../../../../arm-none-eabi/lib/thumb/v7e-m+dp/hard/libc_nano.a(libc_a-nano-vfprintf.o)
                0x000000000800c51c                _vfiprintf_r
                0x000000000800c51c                _vfprintf_r
 .text.__swbuf_r
                0x000000000800c750       0x7a /opt/st/stm32cubeide_1.13.0/plugins/com.st.stm32cube.ide.mcu.externaltools.gnu-tools-for-stm32.11.3.rel1.linux64_1.1.0.202305231506/tools/bin/../lib/gcc/arm-none-eabi/11.3.1/../../../../arm-none-eabi/lib/thumb/v7e-m+dp/hard/libc_nano.a(libc_a-wbuf.o)
                0x000000000800c750                __swbuf_r
 *fill*         0x000000000800c7ca        0x2 
 .text.__swsetup_r
                0x000000000800c7cc       0xb0 /opt/st/stm32cubeide_1.13.0/plugins/com.st.stm32cube.ide.mcu.externaltools.gnu-tools-for-stm32.11.3.rel1.linux64_1.1.0.202305231506/tools/bin/../lib/gcc/arm-none-eabi/11.3.1/../../../../arm-none-eabi/lib/thumb/v7e-m+dp/hard/libc_nano.a(libc_a-wsetup.o)
                0x000000000800c7cc                __swsetup_r
 .text._raise_r
                0x000000000800c87c       0x50 /opt/st/stm32cubeide_1.13.0/plugins/com.st.stm32cube.ide.mcu.externaltools.gnu-tools-for-stm32.11.3.rel1.linux64_1.1.0.202305231506/tools/bin/../lib/gcc/arm-none-eabi/11.3.1/../../../../arm-none-eabi/lib/thumb/v7e-m+dp/hard/libc_nano.a(libc_a-signal.o)
                0x000000000800c87c                _raise_r
 .text.raise    0x000000000800c8cc       0x10 /opt/st/stm32cubeide_1.13.0/plugins/com.st.stm32cube.ide.mcu.externaltools.gnu-tools-for-stm32.11.3.rel1.linux64_1.1.0.202305231506/tools/bin/../lib/gcc/arm-none-eabi/11.3.1/../../../../arm-none-eabi/lib/thumb/v7e-m+dp/hard/libc_nano.a(libc_a-signal.o)
                0x000000000800c8cc                raise
 .text._kill_r  0x000000000800c8dc       0x24 /opt/st/stm32cubeide_1.13.0/plugins/com.st.stm32cube.ide.mcu.externaltools.gnu-tools-for-stm32.11.3.rel1.linux64_1.1.0.202305231506/tools/bin/../lib/gcc/arm-none-eabi/11.3.1/../../../../arm-none-eabi/lib/thumb/v7e-m+dp/hard/libc_nano.a(libc_a-signalr.o)
                0x000000000800c8dc                _kill_r
 .text._getpid_r
                0x000000000800c900        0x4 /opt/st/stm32cubeide_1.13.0/plugins/com.st.stm32cube.ide.mcu.externaltools.gnu-tools-for-stm32.11.3.rel1.linux64_1.1.0.202305231506/tools/bin/../lib/gcc/arm-none-eabi/11.3.1/../../../../arm-none-eabi/lib/thumb/v7e-m+dp/hard/libc_nano.a(libc_a-signalr.o)
                0x000000000800c900                _getpid_r
 .text.__swhatbuf_r
                0x000000000800c904       0x4c /opt/st/stm32cubeide_1.13.0/plugins/com.st.stm32cube.ide.mcu.externaltools.gnu-tools-for-stm32.11.3.rel1.linux64_1.1.0.202305231506/tools/bin/../lib/gcc/arm-none-eabi/11.3.1/../../../../arm-none-eabi/lib/thumb/v7e-m+dp/hard/libc_nano.a(libc_a-makebuf.o)
                0x000000000800c904                __swhatbuf_r
 .text.__smakebuf_r
                0x000000000800c950       0x78 /opt/st/stm32cubeide_1.13.0/plugins/com.st.stm32cube.ide.mcu.externaltools.gnu-tools-for-stm32.11.3.rel1.linux64_1.1.0.202305231506/tools/bin/../lib/gcc/arm-none-eabi/11.3.1/../../../../arm-none-eabi/lib/thumb/v7e-m+dp/hard/libc_nano.a(libc_a-makebuf.o)
                0x000000000800c950                __smakebuf_r
 .text._fstat_r
                0x000000000800c9c8       0x24 /opt/st/stm32cubeide_1.13.0/plugins/com.st.stm32cube.ide.mcu.externaltools.gnu-tools-for-stm32.11.3.rel1.linux64_1.1.0.202305231506/tools/bin/../lib/gcc/arm-none-eabi/11.3.1/../../../../arm-none-eabi/lib/thumb/v7e-m+dp/hard/libc_nano.a(libc_a-fstatr.o)
                0x000000000800c9c8                _fstat_r
 .text._isatty_r
                0x000000000800c9ec       0x20 /opt/st/stm32cubeide_1.13.0/plugins/com.st.stm32cube.ide.mcu.externaltools.gnu-tools-for-stm32.11.3.rel1.linux64_1.1.0.202305231506/tools/bin/../lib/gcc/arm-none-eabi/11.3.1/../../../../arm-none-eabi/lib/thumb/v7e-m+dp/hard/libc_nano.a(libc_a-isattyr.o)
                0x000000000800c9ec                _isatty_r
 .text.sqrtf    0x000000000800ca0c       0x3c /opt/st/stm32cubeide_1.13.0/plugins/com.st.stm32cube.ide.mcu.externaltools.gnu-tools-for-stm32.11.3.rel1.linux64_1.1.0.202305231506/tools/bin/../lib/gcc/arm-none-eabi/11.3.1/../../../../arm-none-eabi/lib/thumb/v7e-m+dp/hard/libm.a(libm_a-wf_sqrt.o)
                0x000000000800ca0c                sqrtf
 .text.__ieee754_sqrtf
                0x000000000800ca48        0x6 /opt/st/stm32cubeide_1.13.0/plugins/com.st.stm32cube.ide.mcu.externaltools.gnu-tools-for-stm32.11.3.rel1.linux64_1.1.0.202305231506/tools/bin/../lib/gcc/arm-none-eabi/11.3.1/../../../../arm-none-eabi/lib/thumb/v7e-m+dp/hard/libm.a(libm_a-ef_sqrt.o)
                0x000000000800ca48                __ieee754_sqrtf
 *(.glue_7)
 .glue_7        0x000000000800ca4e        0x0 linker stubs
 *(.glue_7t)
 .glue_7t       0x000000000800ca4e        0x0 linker stubs
 *(.eh_frame)
 *fill*         0x000000000800ca4e        0x2 
 .eh_frame      0x000000000800ca50        0x0 /opt/st/stm32cubeide_1.13.0/plugins/com.st.stm32cube.ide.mcu.externaltools.gnu-tools-for-stm32.11.3.rel1.linux64_1.1.0.202305231506/tools/bin/../lib/gcc/arm-none-eabi/11.3.1/thumb/v7e-m+dp/hard/crtbegin.o
 *(.init)
 .init          0x000000000800ca50        0x4 /opt/st/stm32cubeide_1.13.0/plugins/com.st.stm32cube.ide.mcu.externaltools.gnu-tools-for-stm32.11.3.rel1.linux64_1.1.0.202305231506/tools/bin/../lib/gcc/arm-none-eabi/11.3.1/thumb/v7e-m+dp/hard/crti.o
                0x000000000800ca50                _init
 .init          0x000000000800ca54        0x8 /opt/st/stm32cubeide_1.13.0/plugins/com.st.stm32cube.ide.mcu.externaltools.gnu-tools-for-stm32.11.3.rel1.linux64_1.1.0.202305231506/tools/bin/../lib/gcc/arm-none-eabi/11.3.1/thumb/v7e-m+dp/hard/crtn.o
 *(.fini)
 .fini          0x000000000800ca5c        0x4 /opt/st/stm32cubeide_1.13.0/plugins/com.st.stm32cube.ide.mcu.externaltools.gnu-tools-for-stm32.11.3.rel1.linux64_1.1.0.202305231506/tools/bin/../lib/gcc/arm-none-eabi/11.3.1/thumb/v7e-m+dp/hard/crti.o
                0x000000000800ca5c                _fini
 .fini          0x000000000800ca60        0x8 /opt/st/stm32cubeide_1.13.0/plugins/com.st.stm32cube.ide.mcu.externaltools.gnu-tools-for-stm32.11.3.rel1.linux64_1.1.0.202305231506/tools/bin/../lib/gcc/arm-none-eabi/11.3.1/thumb/v7e-m+dp/hard/crtn.o
                0x000000000800ca68                . = ALIGN (0x4)
                0x000000000800ca68                _etext = .

.vfp11_veneer   0x000000000800ca68        0x0
 .vfp11_veneer  0x000000000800ca68        0x0 linker stubs

.v4_bx          0x000000000800ca68        0x0
 .v4_bx         0x000000000800ca68        0x0 linker stubs

.iplt           0x000000000800ca68        0x0
 .iplt          0x000000000800ca68        0x0 /opt/st/stm32cubeide_1.13.0/plugins/com.st.stm32cube.ide.mcu.externaltools.gnu-tools-for-stm32.11.3.rel1.linux64_1.1.0.202305231506/tools/bin/../lib/gcc/arm-none-eabi/11.3.1/thumb/v7e-m+dp/hard/crtbegin.o

.rodata         0x000000000800ca68    0x133c4
                0x000000000800ca68                . = ALIGN (0x4)
 *(.rodata)
 *(.rodata*)
 .rodata.main.str1.4
                0x000000000800ca68        0x8 ./Core/Src/main.o
 .rodata.D1CorePrescTable
                0x000000000800ca70       0x10 ./Core/Src/system_stm32h7xx.o
                0x000000000800ca70                D1CorePrescTable
 .rodata.flagBitshiftOffset.0
                0x000000000800ca80        0x8 ./Drivers/STM32H7xx_HAL_Driver/Src/stm32h7xx_hal_dma.o
 .rodata.USBD_HS_ManufacturerStrDescriptor.str1.4
                0x000000000800ca88       0x13 ./USB_DEVICE/App/usbd_desc.o
 *fill*         0x000000000800ca9b        0x1 
 .rodata.USBD_HS_ProductStrDescriptor.str1.4
                0x000000000800ca9c       0x16 ./USB_DEVICE/App/usbd_desc.o
 *fill*         0x000000000800cab2        0x2 