Archive member included to satisfy reference by file (symbol)

/home/clayton/Documents/university/fifth_year/second_semester/fyp-nubots-ssl/STM32/pcb_fft/Drivers/CMSIS/Lib/GCC/libarm_cortexM7lfsp_math.a(arm_q15_to_float.o)
                              ./Core/Src/main.o (arm_q15_to_float)
/home/clayton/Documents/university/fifth_year/second_semester/fyp-nubots-ssl/STM32/pcb_fft/Drivers/CMSIS/Lib/GCC/libarm_cortexM7lfsp_math.a(arm_float_to_q15.o)
                              ./Core/Src/fir.o (arm_float_to_q15)
/home/clayton/Documents/university/fifth_year/second_semester/fyp-nubots-ssl/STM32/pcb_fft/Drivers/CMSIS/Lib/GCC/libarm_cortexM7lfsp_math.a(arm_rfft_fast_init_f32.o)
                              ./Core/Src/main.o (arm_rfft_fast_init_f32)
/home/clayton/Documents/university/fifth_year/second_semester/fyp-nubots-ssl/STM32/pcb_fft/Drivers/CMSIS/Lib/GCC/libarm_cortexM7lfsp_math.a(arm_rfft_fast_f32.o)
                              ./Core/Src/main.o (arm_rfft_fast_f32)
/home/clayton/Documents/university/fifth_year/second_semester/fyp-nubots-ssl/STM32/pcb_fft/Drivers/CMSIS/Lib/GCC/libarm_cortexM7lfsp_math.a(arm_cfft_f32.o)
                              /home/clayton/Documents/university/fifth_year/second_semester/fyp-nubots-ssl/STM32/pcb_fft/Drivers/CMSIS/Lib/GCC/libarm_cortexM7lfsp_math.a(arm_rfft_fast_f32.o) (arm_cfft_f32)
/home/clayton/Documents/university/fifth_year/second_semester/fyp-nubots-ssl/STM32/pcb_fft/Drivers/CMSIS/Lib/GCC/libarm_cortexM7lfsp_math.a(arm_bitreversal2.o)
                              /home/clayton/Documents/university/fifth_year/second_semester/fyp-nubots-ssl/STM32/pcb_fft/Drivers/CMSIS/Lib/GCC/libarm_cortexM7lfsp_math.a(arm_cfft_f32.o) (arm_bitreversal_32)
/home/clayton/Documents/university/fifth_year/second_semester/fyp-nubots-ssl/STM32/pcb_fft/Drivers/CMSIS/Lib/GCC/libarm_cortexM7lfsp_math.a(arm_fir_decimate_q15.o)
                              ./Core/Src/main.o (arm_fir_decimate_q15)
/home/clayton/Documents/university/fifth_year/second_semester/fyp-nubots-ssl/STM32/pcb_fft/Drivers/CMSIS/Lib/GCC/libarm_cortexM7lfsp_math.a(arm_fir_decimate_init_q15.o)
                              ./Core/Src/main.o (arm_fir_decimate_init_q15)
/home/clayton/Documents/university/fifth_year/second_semester/fyp-nubots-ssl/STM32/pcb_fft/Drivers/CMSIS/Lib/GCC/libarm_cortexM7lfsp_math.a(arm_cmplx_mult_cmplx_f32.o)
                              ./Core/Src/srp.o (arm_cmplx_mult_cmplx_f32)
/home/clayton/Documents/university/fifth_year/second_semester/fyp-nubots-ssl/STM32/pcb_fft/Drivers/CMSIS/Lib/GCC/libarm_cortexM7lfsp_math.a(arm_cmplx_mag_f32.o)
                              ./Core/Src/main.o (arm_cmplx_mag_f32)
/home/clayton/Documents/university/fifth_year/second_semester/fyp-nubots-ssl/STM32/pcb_fft/Drivers/CMSIS/Lib/GCC/libarm_cortexM7lfsp_math.a(arm_cmplx_conj_f32.o)
                              ./Core/Src/main.o (arm_cmplx_conj_f32)
/home/clayton/Documents/university/fifth_year/second_semester/fyp-nubots-ssl/STM32/pcb_fft/Drivers/CMSIS/Lib/GCC/libarm_cortexM7lfsp_math.a(arm_mult_f32.o)
                              ./Core/Src/srp.o (arm_mult_f32)
/home/clayton/Documents/university/fifth_year/second_semester/fyp-nubots-ssl/STM32/pcb_fft/Drivers/CMSIS/Lib/GCC/libarm_cortexM7lfsp_math.a(arm_common_tables.o)
                              /home/clayton/Documents/university/fifth_year/second_semester/fyp-nubots-ssl/STM32/pcb_fft/Drivers/CMSIS/Lib/GCC/libarm_cortexM7lfsp_math.a(arm_rfft_fast_init_f32.o) (twiddleCoef_rfft_4096)
/home/clayton/Documents/university/fifth_year/second_semester/fyp-nubots-ssl/STM32/pcb_fft/Drivers/CMSIS/Lib/GCC/libarm_cortexM7lfsp_math.a(arm_cfft_radix8_f32.o)
                              /home/clayton/Documents/university/fifth_year/second_semester/fyp-nubots-ssl/STM32/pcb_fft/Drivers/CMSIS/Lib/GCC/libarm_cortexM7lfsp_math.a(arm_cfft_f32.o) (arm_radix8_butterfly_f32)
/opt/st/stm32cubeide_1.13.0/plugins/com.st.stm32cube.ide.mcu.externaltools.gnu-tools-for-stm32.11.3.rel1.linux64_1.1.0.202305231506/tools/bin/../lib/gcc/arm-none-eabi/11.3.1/../../../../arm-none-eabi/lib/thumb/v7e-m+dp/hard/libc_nano.a(libc_a-exit.o)
                              /opt/st/stm32cubeide_1.13.0/plugins/com.st.stm32cube.ide.mcu.externaltools.gnu-tools-for-stm32.11.3.rel1.linux64_1.1.0.202305231506/tools/bin/../lib/gcc/arm-none-eabi/11.3.1/../../../../arm-none-eabi/lib/thumb/v7e-m+dp/hard/crt0.o (exit)
/opt/st/stm32cubeide_1.13.0/plugins/com.st.stm32cube.ide.mcu.externaltools.gnu-tools-for-stm32.11.3.rel1.linux64_1.1.0.202305231506/tools/bin/../lib/gcc/arm-none-eabi/11.3.1/../../../../arm-none-eabi/lib/thumb/v7e-m+dp/hard/libc_nano.a(libc_a-malloc.o)
                              ./Core/Src/main.o (malloc)
/opt/st/stm32cubeide_1.13.0/plugins/com.st.stm32cube.ide.mcu.externaltools.gnu-tools-for-stm32.11.3.rel1.linux64_1.1.0.202305231506/tools/bin/../lib/gcc/arm-none-eabi/11.3.1/../../../../arm-none-eabi/lib/thumb/v7e-m+dp/hard/libc_nano.a(libc_a-mallocr.o)
[...]
Memory Configuration

Name             Origin             Length             Attributes
ITCMRAM          0x0000000000000000 0x0000000000010000 xrw
DTCMRAM          0x0000000020000000 0x0000000000020000 xrw
FLASH            0x0000000008000000 0x0000000000100000 xr
RAM_D1           0x0000000024000000 0x0000000000050000 xrw
RAM_D2           0x0000000030000000 0x0000000000008000 xrw
RAM_D3           0x0000000038000000 0x0000000000004000 xrw
*default*        0x0000000000000000 0xffffffffffffffff

Linker script and memory map

LOAD /opt/st/stm32cubeide_1.13.0/plugins/com.st.stm32cube.ide.mcu.externaltools.gnu-tools-for-stm32.11.3.rel1.linux64_1.1.0.202305231506/tools/bin/../lib/gcc/arm-none-eabi/11.3.1/thumb/v7e-m+dp/hard/crti.o
LOAD /opt/st/stm32cubeide_1.13.0/plugins/com.st.stm32cube.ide.mcu.externaltools.gnu-tools-for-stm32.11.3.rel1.linux64_1.1.0.202305231506/tools/bin/../lib/gcc/arm-none-eabi/11.3.1/thumb/v7e-m+dp/hard/crtbegin.o
LOAD /opt/st/stm32cubeide_1.13.0/plugins/com.st.stm32cube.ide.mcu.externaltools.gnu-tools-for-stm32.11.3.rel1.linux64_1.1.0.202305231506/tools/bin/../lib/gcc/arm-none-eabi/11.3.1/../../../../arm-none-eabi/lib/thumb/v7e-m+dp/hard/crt0.o
LOAD ./Core/Src/coefficients.o
LOAD ./Core/Src/dma.o
LOAD ./Core/Src/fir.o
LOAD ./Core/Src/fmac.o
LOAD ./Core/Src/gpio.o
LOAD ./Core/Src/main.o
LOAD ./Core/Src/srp.o
LOAD ./Core/Src/stm32h7xx_hal_msp.o
LOAD ./Core/Src/stm32h7xx_it.o
LOAD ./Core/Src/syscalls.o
LOAD ./Core/Src/sysmem.o
LOAD ./Core/Src/system_stm32h7xx.o
LOAD ./Core/Src/tables.o
LOAD ./Core/Src/tim.o
LOAD ./Core/Startup/startup_stm32h723vgtx.o
LOAD ./Drivers/STM32H7xx_HAL_Driver/Src/stm32h7xx_hal.o
LOAD ./Drivers/STM32H7xx_HAL_Driver/Src/stm32h7xx_hal_cortex.o
LOAD ./Drivers/STM32H7xx_HAL_Driver/Src/stm32h7xx_hal_dma.o
LOAD ./Drivers/STM32H7xx_HAL_Driver/Src/stm32h7xx_hal_dma_ex.o
LOAD ./Drivers/STM32H7xx_HAL_Driver/Src/stm32h7xx_hal_exti.o
LOAD ./Drivers/STM32H7xx_HAL_Driver/Src/stm32h7xx_hal_flash.o
LOAD ./Drivers/STM32H7xx_HAL_Driver/Src/stm32h7xx_hal_flash_ex.o
LOAD ./Drivers/STM32H7xx_HAL_Driver/Src/stm32h7xx_hal_fmac.o
LOAD ./Drivers/STM32H7xx_HAL_Driver/Src/stm32h7xx_hal_gpio.o
LOAD ./Drivers/STM32H7xx_HAL_Driver/Src/stm32h7xx_hal_hsem.o
LOAD ./Drivers/STM32H7xx_HAL_Driver/Src/stm32h7xx_hal_i2c.o
LOAD ./Drivers/STM32H7xx_HAL_Driver/Src/stm32h7xx_hal_i2c_ex.o
LOAD ./Drivers/STM32H7xx_HAL_Driver/Src/stm32h7xx_hal_mdma.o
LOAD ./Drivers/STM32H7xx_HAL_Driver/Src/stm32h7xx_hal_pcd.o
LOAD ./Drivers/STM32H7xx_HAL_Driver/Src/stm32h7xx_hal_pcd_ex.o
LOAD ./Drivers/STM32H7xx_HAL_Driver/Src/stm32h7xx_hal_pwr.o
LOAD ./Drivers/STM32H7xx_HAL_Driver/Src/stm32h7xx_hal_pwr_ex.o
LOAD ./Drivers/STM32H7xx_HAL_Driver/Src/stm32h7xx_hal_rcc.o
LOAD ./Drivers/STM32H7xx_HAL_Driver/Src/stm32h7xx_hal_rcc_ex.o
LOAD ./Drivers/STM32H7xx_HAL_Driver/Src/stm32h7xx_hal_tim.o
LOAD ./Drivers/STM32H7xx_HAL_Driver/Src/stm32h7xx_hal_tim_ex.o
LOAD ./Drivers/STM32H7xx_HAL_Driver/Src/stm32h7xx_ll_usb.o
LOAD ./Middlewares/ST/STM32_USB_Device_Library/Class/CDC/Src/usbd_cdc.o
LOAD ./Middlewares/ST/STM32_USB_Device_Library/Core/Src/usbd_core.o
LOAD ./Middlewares/ST/STM32_USB_Device_Library/Core/Src/usbd_ctlreq.o
LOAD ./Middlewares/ST/STM32_USB_Device_Library/Core/Src/usbd_ioreq.o
LOAD ./USB_DEVICE/App/usb_device.o
LOAD ./USB_DEVICE/App/usbd_cdc_if.o
LOAD ./USB_DEVICE/App/usbd_desc.o
LOAD ./USB_DEVICE/Target/usbd_conf.o
LOAD /home/clayton/Documents/university/fifth_year/second_semester/fyp-nubots-ssl/STM32/pcb_fft/Drivers/CMSIS/Lib/GCC/libarm_cortexM7lfsp_math.a
START GROUP
LOAD /opt/st/stm32cubeide_1.13.0/plugins/com.st.stm32cube.ide.mcu.externaltools.gnu-tools-for-stm32.11.3.rel1.linux64_1.1.0.202305231506/tools/bin/../lib/gcc/arm-none-eabi/11.3.1/../../../../arm-none-eabi/lib/thumb/v7e-m+dp/hard/libc_nano.a
LOAD /opt/st/stm32cubeide_1.13.0/plugins/com.st.stm32cube.ide.mcu.externaltools.gnu-tools-for-stm32.11.3.rel1.linux64_1.1.0.202305231506/tools/bin/../lib/gcc/arm-none-eabi/11.3.1/../../../../arm-none-eabi/lib/thumb/v7e-m+dp/hard/libm.a
END GROUP
START GROUP
LOAD /opt/st/stm32cubeide_1.13.0/plugins/com.st.stm32cube.ide.mcu.externaltools.gnu-tools-for-stm32.11.3.rel1.linux64_1.1.0.202305231506/tools/bin/../lib/gcc/arm-none-eabi/11.3.1/thumb/v7e-m+dp/hard/libgcc.a
LOAD /opt/st/stm32cubeide_1.13.0/plugins/com.st.stm32cube.ide.mcu.externaltools.gnu-tools-for-stm32.11.3.rel1.linux64_1.1.0.202305231506/tools/bin/../lib/gcc/arm-none-eabi/11.3.1/../../../../arm-none-eabi/lib/thumb/v7e-m+dp/hard/libc_nano.a
END GROUP
START GROUP
LOAD /opt/st/stm32cubeide_1.13.0/plugins/com.st.stm32cube.ide.mcu.externaltools.gnu-tools-for-stm32.11.3.rel1.linux64_1.1.0.202305231506/tools/bin/../lib/gcc/arm-none-eabi/11.3.1/thumb/v7e-m+dp/hard/libgcc.a
LOAD /opt/st/stm32cubeide_1.13.0/plugins/com.st.stm32cube.ide.mcu.externaltools.gnu-tools-for-stm32.11.3.rel1.linux64_1.1.0.202305231506/tools/bin/../lib/gcc/arm-none-eabi/11.3.1/../../../../arm-none-eabi/lib/thumb/v7e-m+dp/hard/libc_nano.a
LOAD /opt/st/stm32cubeide_1.13.0/plugins/com.st.stm32cube.ide.mcu.externaltools.gnu-tools-for-stm32.11.3.rel1.linux64_1.1.0.202305231506/tools/bin/../lib/gcc/arm-none-eabi/11.3.1/../../../../arm-none-eabi/lib/thumb/v7e-m+dp/hard/libnosys.a
END GROUP
START GROUP
LOAD /opt/st/stm32cubeide_1.13.0/plugins/com.st.stm32cube.ide.mcu.externaltools.gnu-tools-for-stm32.11.3.rel1.linux64_1.1.0.202305231506/tools/bin/../lib/gcc/arm-none-eabi/11.3.1/thumb/v7e-m+dp/hard/libgcc.a
LOAD /opt/st/stm32cubeide_1.13.0/plugins/com.st.stm32cube.ide.mcu.externaltools.gnu-tools-for-stm32.11.3.rel1.linux64_1.1.0.202305231506/tools/bin/../lib/gcc/arm-none-eabi/11.3.1/../../../../arm-none-eabi/lib/thumb/v7e-m+dp/hard/libc_nano.a
LOAD /opt/st/stm32cubeide_1.13.0/plugins/com.st.stm32cube.ide.mcu.externaltools.gnu-tools-for-stm32.11.3.rel1.linux64_1.1.0.202305231506/tools/bin/../lib/gcc/arm-none-eabi/11.3.1/../../../../arm-none-eabi/lib/thumb/v7e-m+dp/hard/libnosys.a
END GROUP
LOAD /opt/st/stm32cubeide_1.13.0/plugins/com.st.stm32cube.ide.mcu.externaltools.gnu-tools-for-stm32.11.3.rel1.linux64_1.1.0.202305231506/tools/bin/../lib/gcc/arm-none-eabi/11.3.1/thumb/v7e-m+dp/hard/crtend.o
LOAD /opt/st/stm32cubeide_1.13.0/plugins/com.st.stm32cube.ide.mcu.externaltools.gnu-tools-for-stm32.11.3.rel1.linux64_1.1.0.202305231506/tools/bin/../lib/gcc/arm-none-eabi/11.3.1/thumb/v7e-m+dp/hard/crtn.o
                0x0000000024050000                _estack = (ORIGIN (RAM_D1) + LENGTH (RAM_D1))
                0x0000000000000200                _Min_Heap_Size = 0x200
                0x0000000000000400                _Min_Stack_Size = 0x400

.isr_vector     0x0000000008000000      0x2cc
                0x0000000008000000                . = ALIGN (0x4)
 *(.isr_vector)
 .isr_vector    0x0000000008000000      0x2cc ./Core/Startup/startup_stm32h723vgtx.o
                0x0000000008000000                g_pfnVectors
                0x00000000080002cc                . = ALIGN (0x4)

.text           0x00000000080002d0     0xd1f8
                0x00000000080002d0                . = ALIGN (0x4)
 *(.text)
 .text          0x00000000080002d0       0x40 /opt/st/stm32cubeide_1.13.0/plugins/com.st.stm32cube.ide.mcu.externaltools.gnu-tools-for-stm32.11.3.rel1.linux64_1.1.0.202305231506/tools/bin/../lib/gcc/arm-none-eabi/11.3.1/thumb/v7e-m+dp/hard/crtbegin.o
 .text          0x0000000008000310       0xa0 /opt/st/stm32cubeide_1.13.0/plugins/com.st.stm32cube.ide.mcu.externaltools.gnu-tools-for-stm32.11.3.rel1.linux64_1.1.0.202305231506/tools/bin/../lib/gcc/arm-none-eabi/11.3.1/../../../../arm-none-eabi/lib/thumb/v7e-m+dp/hard/libc_nano.a(libc_a-memchr.o)
                0x0000000008000310                memchr
 .text          0x00000000080003b0       0x10 /opt/st/stm32cubeide_1.13.0/plugins/com.st.stm32cube.ide.mcu.externaltools.gnu-tools-for-stm32.11.3.rel1.linux64_1.1.0.202305231506/tools/bin/../lib/gcc/arm-none-eabi/11.3.1/../../../../arm-none-eabi/lib/thumb/v7e-m+dp/hard/libc_nano.a(libc_a-strlen.o)
                0x00000000080003b0                strlen
 *(.text*)
 .text.MX_DMA_Init
                0x00000000080003c0       0xd0 ./Core/Src/dma.o
                0x00000000080003c0                MX_DMA_Init
 .text.fir_set_up
                0x0000000008000490       0x6c ./Core/Src/fir.o
                0x0000000008000490                fir_set_up
 .text.HAL_FMAC_FilterConfigCallback
                0x00000000080004fc       0x1c ./Core/Src/fir.o
                0x00000000080004fc                HAL_FMAC_FilterConfigCallback
 .text.MX_FMAC_Init
                0x0000000008000518       0x20 ./Core/Src/fmac.o
                0x0000000008000518                MX_FMAC_Init
 .text.HAL_FMAC_MspInit
                0x0000000008000538       0xcc ./Core/Src/fmac.o
                0x0000000008000538                HAL_FMAC_MspInit
 .text.MX_GPIO_Init
                0x0000000008000604       0x84 ./Core/Src/gpio.o
                0x0000000008000604                MX_GPIO_Init
 .text.DMA_TIM8_callback
                0x0000000008000688       0x64 ./Core/Src/main.o
                0x0000000008000688                DMA_TIM8_callback
 .text.SystemClock_Config
                0x00000000080006ec       0xf0 ./Core/Src/main.o
                0x00000000080006ec                SystemClock_Config
 *fill*         0x00000000080007dc        0x4 
 .text.startup.main
                0x00000000080007e0      0x7e4 ./Core/Src/main.o
                0x00000000080007e0                main
 .text.Error_Handler
                0x0000000008000fc4        0x4 ./Core/Src/main.o
                0x0000000008000fc4                Error_Handler
 .text.compute_gcc_phat
                0x0000000008000fc8       0x7c ./Core/Src/srp.o
                0x0000000008000fc8                compute_gcc_phat
 .text.compute_beam_energy
                0x0000000008001044      0x220 ./Core/Src/srp.o
                0x0000000008001044                compute_beam_energy
 .text.HAL_MspInit
                0x0000000008001264       0x24 ./Core/Src/stm32h7xx_hal_msp.o
                0x0000000008001264                HAL_MspInit
 .text.NMI_Handler
                0x0000000008001288        0x4 ./Core/Src/stm32h7xx_it.o
                0x0000000008001288                NMI_Handler
 .text.HardFault_Handler
                0x000000000800128c        0x4 ./Core/Src/stm32h7xx_it.o
                0x000000000800128c                HardFault_Handler
 .text.MemManage_Handler
                0x0000000008001290        0x4 ./Core/Src/stm32h7xx_it.o
                0x0000000008001290                MemManage_Handler
 .text.BusFault_Handler
                0x0000000008001294        0x4 ./Core/Src/stm32h7xx_it.o
                0x0000000008001294                BusFault_Handler
 .text.UsageFault_Handler
                0x0000000008001298        0x4 ./Core/Src/stm32h7xx_it.o
                0x0000000008001298                UsageFault_Handler
 .text.SVC_Handler
                0x000000000800129c        0x4 ./Core/Src/stm32h7xx_it.o
                0x000000000800129c                SVC_Handler
 .text.DebugMon_Handler
                0x00000000080012a0        0x4 ./Core/Src/stm32h7xx_it.o
                0x00000000080012a0                DebugMon_Handler
 .text.PendSV_Handler
                0x00000000080012a4        0x4 ./Core/Src/stm32h7xx_it.o
                0x00000000080012a4                PendSV_Handler
 .text.SysTick_Handler
                0x00000000080012a8        0x4 ./Core/Src/stm32h7xx_it.o
                0x00000000080012a8                SysTick_Handler
 .text.DMA1_Stream0_IRQHandler
                0x00000000080012ac        0xc ./Core/Src/stm32h7xx_it.o
                0x00000000080012ac                DMA1_Stream0_IRQHandler
 .text.DMA1_Stream1_IRQHandler
                0x00000000080012b8        0xc ./Core/Src/stm32h7xx_it.o
                0x00000000080012b8                DMA1_Stream1_IRQHandler
 .text.DMA1_Stream2_IRQHandler
                0x00000000080012c4        0xc ./Core/Src/stm32h7xx_it.o
                0x00000000080012c4                DMA1_Stream2_IRQHandler
 .text.DMA1_Stream3_IRQHandler
                0x00000000080012d0        0xc ./Core/Src/stm32h7xx_it.o
                0x00000000080012d0                DMA1_Stream3_IRQHandler
 .text.DMA1_Stream4_IRQHandler
                0x00000000080012dc        0xc ./Core/Src/stm32h7xx_it.o
                0x00000000080012dc                DMA1_Stream4_IRQHandler
 .text.DMA1_Stream5_IRQHandler
                0x00000000080012e8        0xc ./Core/Src/stm32h7xx_it.o
                0x00000000080012e8                DMA1_Stream5_IRQHandler
 .text.OTG_HS_IRQHandler
                0x00000000080012f4        0xc ./Core/Src/stm32h7xx_it.o
                0x00000000080012f4                OTG_HS_IRQHandler
 .text._getpid  0x0000000008001300        0x4 ./Core/Src/syscalls.o
                0x0000000008001300                _getpid
 .text._kill    0x0000000008001304       0x14 ./Core/Src/syscalls.o
                0x0000000008001304                _kill
 .text._exit    0x0000000008001318        0xc ./Core/Src/syscalls.o
                0x0000000008001318                _exit
 .text._read    0x0000000008001324       0x1c ./Core/Src/syscalls.o
                0x0000000008001324                _read
 .text._write   0x0000000008001340       0x1c ./Core/Src/syscalls.o
                0x0000000008001340                _write
 .text._close   0x000000000800135c        0x8 ./Core/Src/syscalls.o
                0x000000000800135c                _close
 .text._fstat   0x0000000008001364        0xc ./Core/Src/syscalls.o
                0x0000000008001364                _fstat
 .text._isatty  0x0000000008001370        0x4 ./Core/Src/syscalls.o
                0x0000000008001370                _isatty
 .text._lseek   0x0000000008001374        0x4 ./Core/Src/syscalls.o
                0x0000000008001374                _lseek
 .text._sbrk    0x0000000008001378       0x48 ./Core/Src/sysmem.o
                0x0000000008001378                _sbrk
 .text.SystemInit
                0x00000000080013c0       0xc4 ./Core/Src/system_stm32h7xx.o
                0x00000000080013c0                SystemInit
 *fill*         0x0000000008001484        0x4 
 .text.MX_TIM2_Init
                0x0000000008001488      0x160 ./Core/Src/tim.o
                0x0000000008001488                MX_TIM2_Init
 .text.MX_TIM4_Init
                0x00000000080015e8       0x90 ./Core/Src/tim.o
                0x00000000080015e8                MX_TIM4_Init
 .text.MX_TIM5_Init
                0x0000000008001678       0xe0 ./Core/Src/tim.o
                0x0000000008001678                MX_TIM5_Init
 .text.MX_TIM23_Init
                0x0000000008001758       0xe0 ./Core/Src/tim.o
                0x0000000008001758                MX_TIM23_Init
 .text.HAL_TIM_PWM_MspInit
                0x0000000008001838       0x30 ./Core/Src/tim.o
                0x0000000008001838                HAL_TIM_PWM_MspInit
 .text.HAL_TIM_Base_MspInit
                0x0000000008001868      0x1a8 ./Core/Src/tim.o
                0x0000000008001868                HAL_TIM_Base_MspInit
 .text.HAL_TIM_MspPostInit
                0x0000000008001a10       0xe4 ./Core/Src/tim.o
                0x0000000008001a10                HAL_TIM_MspPostInit
 *fill*         0x0000000008001af4        0x4 
 .text.MX_TIM3_Init
                0x0000000008001af8       0xf0 ./Core/Src/tim.o
                0x0000000008001af8                MX_TIM3_Init
 .text.MX_TIM8_Init
                0x0000000008001be8      0x150 ./Core/Src/tim.o
                0x0000000008001be8                MX_TIM8_Init
 .text.Reset_Handler
                0x0000000008001d38       0x50 ./Core/Startup/startup_stm32h723vgtx.o
                0x0000000008001d38                Reset_Handler
 .text.Default_Handler
                0x0000000008001d88        0x2 ./Core/Startup/startup_stm32h723vgtx.o
                0x0000000008001d88                RTC_Alarm_IRQHandler
                0x0000000008001d88                EXTI2_IRQHandler
                0x0000000008001d88                TIM8_CC_IRQHandler
                0x0000000008001d88                UART8_IRQHandler
                0x0000000008001d88                SPI4_IRQHandler
                0x0000000008001d88                FDCAN3_IT0_IRQHandler
                0x0000000008001d88                TIM1_CC_IRQHandler
                0x0000000008001d88                BDMA_Channel6_IRQHandler
                0x0000000008001d88                DMA2_Stream5_IRQHandler
                0x0000000008001d88                CORDIC_IRQHandler
                0x0000000008001d88                BDMA_Channel1_IRQHandler
                0x0000000008001d88                TAMP_STAMP_IRQHandler
                0x0000000008001d88                EXTI3_IRQHandler
                0x0000000008001d88                LPTIM4_IRQHandler
                0x0000000008001d88                TIM8_TRG_COM_TIM14_IRQHandler
                0x0000000008001d88                LPTIM2_IRQHandler
                0x0000000008001d88                DFSDM1_FLT1_IRQHandler
                0x0000000008001d88                DMAMUX2_OVR_IRQHandler
                0x0000000008001d88                TIM8_UP_TIM13_IRQHandler
                0x0000000008001d88                I2C3_ER_IRQHandler
                0x0000000008001d88                DFSDM1_FLT2_IRQHandler
                0x0000000008001d88                I2C5_EV_IRQHandler
                0x0000000008001d88                USART10_IRQHandler
                0x0000000008001d88                MDMA_IRQHandler
                0x0000000008001d88                LPTIM3_IRQHandler
                0x0000000008001d88                HSEM1_IRQHandler
                0x0000000008001d88                EXTI0_IRQHandler
                0x0000000008001d88                I2C2_EV_IRQHandler
                0x0000000008001d88                FPU_IRQHandler
                0x0000000008001d88                OTG_HS_WKUP_IRQHandler
                0x0000000008001d88                FDCAN1_IT1_IRQHandler
                0x0000000008001d88                LTDC_ER_IRQHandler
                0x0000000008001d88                DMA2_Stream2_IRQHandler
                0x0000000008001d88                SPI1_IRQHandler
                0x0000000008001d88                OCTOSPI1_IRQHandler
                0x0000000008001d88                TIM6_DAC_IRQHandler
                0x0000000008001d88                DMA2_Stream3_IRQHandler
                0x0000000008001d88                OCTOSPI2_IRQHandler
                0x0000000008001d88                DFSDM1_FLT3_IRQHandler
                0x0000000008001d88                TIM23_IRQHandler
                0x0000000008001d88                USART6_IRQHandler
                0x0000000008001d88                TIM17_IRQHandler
                0x0000000008001d88                USART3_IRQHandler
                0x0000000008001d88                BDMA_Channel7_IRQHandler
                0x0000000008001d88                LPTIM5_IRQHandler
                0x0000000008001d88                UART5_IRQHandler
                0x0000000008001d88                ADC3_IRQHandler
                0x0000000008001d88                DMA2_Stream0_IRQHandler
                0x0000000008001d88                TIM4_IRQHandler
                0x0000000008001d88                BDMA_Channel2_IRQHandler
                0x0000000008001d88                I2C1_EV_IRQHandler
                0x0000000008001d88                DMA1_Stream6_IRQHandler
                0x0000000008001d88                DMAMUX1_OVR_IRQHandler
                0x0000000008001d88                TIM16_IRQHandler
                0x0000000008001d88                UART4_IRQHandler
                0x0000000008001d88                BDMA_Channel5_IRQHandler
                0x0000000008001d88                TIM3_IRQHandler
                0x0000000008001d88                RCC_IRQHandler
                0x0000000008001d88                UART9_IRQHandler
                0x0000000008001d88                TIM8_BRK_TIM12_IRQHandler
                0x0000000008001d88                TIM1_TRG_COM_IRQHandler
                0x0000000008001d88                Default_Handler
                0x0000000008001d88                ECC_IRQHandler
                0x0000000008001d88                FMAC_IRQHandler
                0x0000000008001d88                CEC_IRQHandler
                0x0000000008001d88                EXTI15_10_IRQHandler
                0x0000000008001d88                BDMA_Channel0_IRQHandler
                0x0000000008001d88                ADC_IRQHandler
                0x0000000008001d88                I2C5_ER_IRQHandler
                0x0000000008001d88                DMA1_Stream7_IRQHandler
                0x0000000008001d88                SPI5_IRQHandler
                0x0000000008001d88                TIM7_IRQHandler
                0x0000000008001d88                FDCAN3_IT1_IRQHandler
                0x0000000008001d88                SDMMC1_IRQHandler
                0x0000000008001d88                TIM5_IRQHandler
                0x0000000008001d88                DMA2_Stream7_IRQHandler
                0x0000000008001d88                TIM15_IRQHandler
                0x0000000008001d88                PVD_AVD_IRQHandler
                0x0000000008001d88                I2C3_EV_IRQHandler
                0x0000000008001d88                EXTI9_5_IRQHandler
                0x0000000008001d88                RTC_WKUP_IRQHandler
                0x0000000008001d88                LTDC_IRQHandler
                0x0000000008001d88                ETH_WKUP_IRQHandler
                0x0000000008001d88                SPDIF_RX_IRQHandler
                0x0000000008001d88                SPI2_IRQHandler
                0x0000000008001d88                OTG_HS_EP1_IN_IRQHandler
                0x0000000008001d88                TIM24_IRQHandler
                0x0000000008001d88                CRS_IRQHandler
                0x0000000008001d88                EXTI4_IRQHandler
                0x0000000008001d88                RNG_IRQHandler
                0x0000000008001d88                FDCAN2_IT1_IRQHandler
                0x0000000008001d88                ETH_IRQHandler
                0x0000000008001d88                TIM1_UP_IRQHandler
                0x0000000008001d88                BDMA_Channel4_IRQHandler
                0x0000000008001d88                OTG_HS_EP1_OUT_IRQHandler
                0x0000000008001d88                WWDG_IRQHandler
                0x0000000008001d88                SPI6_IRQHandler
                0x0000000008001d88                MDIOS_IRQHandler
                0x0000000008001d88                I2C4_EV_IRQHandler
                0x0000000008001d88                FDCAN2_IT0_IRQHandler
                0x0000000008001d88                LPUART1_IRQHandler
                0x0000000008001d88                FDCAN1_IT0_IRQHandler
                0x0000000008001d88                TIM2_IRQHandler
                0x0000000008001d88                DMA2D_IRQHandler
                0x0000000008001d88                TIM1_BRK_IRQHandler
                0x0000000008001d88                EXTI1_IRQHandler
                0x0000000008001d88                SDMMC2_IRQHandler
                0x0000000008001d88                BDMA_Channel3_IRQHandler
                0x0000000008001d88                DTS_IRQHandler
                0x0000000008001d88                UART7_IRQHandler
                0x0000000008001d88                MDIOS_WKUP_IRQHandler
                0x0000000008001d88                USART2_IRQHandler
                0x0000000008001d88                DFSDM1_FLT0_IRQHandler
                0x0000000008001d88                SAI4_IRQHandler
                0x0000000008001d88                I2C2_ER_IRQHandler
                0x0000000008001d88                DMA2_Stream1_IRQHandler
                0x0000000008001d88                FLASH_IRQHandler
                0x0000000008001d88                DMA2_Stream4_IRQHandler
                0x0000000008001d88                USART1_IRQHandler
                0x0000000008001d88                SPI3_IRQHandler
                0x0000000008001d88                WAKEUP_PIN_IRQHandler
                0x0000000008001d88                I2C1_ER_IRQHandler
                0x0000000008001d88                FMC_IRQHandler
                0x0000000008001d88                FDCAN_CAL_IRQHandler
                0x0000000008001d88                SWPMI1_IRQHandler
                0x0000000008001d88                COMP1_IRQHandler
                0x0000000008001d88                LPTIM1_IRQHandler
                0x0000000008001d88                DCMI_PSSI_IRQHandler
                0x0000000008001d88                I2C4_ER_IRQHandler
                0x0000000008001d88                DMA2_Stream6_IRQHandler
                0x0000000008001d88                SAI1_IRQHandler
 *fill*         0x0000000008001d8a        0x2 
 .text.HAL_InitTick
                0x0000000008001d8c       0x4c ./Drivers/STM32H7xx_HAL_Driver/Src/stm32h7xx_hal.o
                0x0000000008001d8c                HAL_InitTick
 .text.HAL_Init
                0x0000000008001dd8       0x60 ./Drivers/STM32H7xx_HAL_Driver/Src/stm32h7xx_hal.o
                0x0000000008001dd8                HAL_Init
 .text.HAL_IncTick
                0x0000000008001e38       0x18 ./Drivers/STM32H7xx_HAL_Driver/Src/stm32h7xx_hal.o
                0x0000000008001e38                HAL_IncTick
 .text.HAL_GetTick
                0x0000000008001e50        0xc ./Drivers/STM32H7xx_HAL_Driver/Src/stm32h7xx_hal.o
                0x0000000008001e50                HAL_GetTick
 .text.HAL_Delay
                0x0000000008001e5c       0x24 ./Drivers/STM32H7xx_HAL_Driver/Src/stm32h7xx_hal.o
                0x0000000008001e5c                HAL_Delay
 .text.HAL_GetREVID
                0x0000000008001e80        0xc ./Drivers/STM32H7xx_HAL_Driver/Src/stm32h7xx_hal.o
                0x0000000008001e80                HAL_GetREVID
 .text.HAL_NVIC_SetPriorityGrouping
                0x0000000008001e8c       0x24 ./Drivers/STM32H7xx_HAL_Driver/Src/stm32h7xx_hal_cortex.o
                0x0000000008001e8c                HAL_NVIC_SetPriorityGrouping
 .text.HAL_NVIC_SetPriority
                0x0000000008001eb0       0x7c ./Drivers/STM32H7xx_HAL_Driver/Src/stm32h7xx_hal_cortex.o
                0x0000000008001eb0                HAL_NVIC_SetPriority
 .text.HAL_NVIC_EnableIRQ
                0x0000000008001f2c       0x1c ./Drivers/STM32H7xx_HAL_Driver/Src/stm32h7xx_hal_cortex.o
                0x0000000008001f2c                HAL_NVIC_EnableIRQ
 .text.HAL_SYSTICK_Config
                0x0000000008001f48       0x2c ./Drivers/STM32H7xx_HAL_Driver/Src/stm32h7xx_hal_cortex.o
                0x0000000008001f48                HAL_SYSTICK_Config
 .text.DMA_CalcBaseAndBitshift
                0x0000000008001f74       0xf4 ./Drivers/STM32H7xx_HAL_Driver/Src/stm32h7xx_hal_dma.o
 .text.DMA_CalcDMAMUXChannelBaseAndMask
                0x0000000008002068       0xd0 ./Drivers/STM32H7xx_HAL_Driver/Src/stm32h7xx_hal_dma.o
 .text.HAL_DMA_Init
                0x0000000008002138      0x508 ./Drivers/STM32H7xx_HAL_Driver/Src/stm32h7xx_hal_dma.o
                0x0000000008002138                HAL_DMA_Init
 .text.HAL_DMA_Start_IT
                0x0000000008002640      0x330 ./Drivers/STM32H7xx_HAL_Driver/Src/stm32h7xx_hal_dma.o
                0x0000000008002640                HAL_DMA_Start_IT
 .text.HAL_DMA_Abort_IT
                0x0000000008002970      0x194 ./Drivers/STM32H7xx_HAL_Driver/Src/stm32h7xx_hal_dma.o
                0x0000000008002970                HAL_DMA_Abort_IT
 .text.HAL_DMA_IRQHandler
                0x0000000008002b04      0x69c ./Drivers/STM32H7xx_HAL_Driver/Src/stm32h7xx_hal_dma.o
                0x0000000008002b04                HAL_DMA_IRQHandler
 .text.HAL_FMAC_Init
                0x00000000080031a0       0x98 ./Drivers/STM32H7xx_HAL_Driver/Src/stm32h7xx_hal_fmac.o
                0x00000000080031a0                HAL_FMAC_Init
 .text.HAL_FMAC_FilterConfig_DMA
                0x0000000008003238      0x118 ./Drivers/STM32H7xx_HAL_Driver/Src/stm32h7xx_hal_fmac.o
                0x0000000008003238                HAL_FMAC_FilterConfig_DMA
 .text.HAL_FMAC_ErrorCallback
                0x0000000008003350        0x4 ./Drivers/STM32H7xx_HAL_Driver/Src/stm32h7xx_hal_fmac.o
                0x0000000008003350                HAL_FMAC_ErrorCallback
 .text.FMAC_DMAError
                0x0000000008003354       0x18 ./Drivers/STM32H7xx_HAL_Driver/Src/stm32h7xx_hal_fmac.o
 .text.FMAC_DMAFilterConfig
                0x000000000800336c       0x78 ./Drivers/STM32H7xx_HAL_Driver/Src/stm32h7xx_hal_fmac.o
 .text.HAL_GPIO_Init
                0x00000000080033e4      0x250 ./Drivers/STM32H7xx_HAL_Driver/Src/stm32h7xx_hal_gpio.o
                0x00000000080033e4                HAL_GPIO_Init
 .text.HAL_GPIO_WritePin
                0x0000000008003634        0x8 ./Drivers/STM32H7xx_HAL_Driver/Src/stm32h7xx_hal_gpio.o
                0x0000000008003634                HAL_GPIO_WritePin
 .text.HAL_PCD_Init
                0x000000000800363c      0x12c ./Drivers/STM32H7xx_HAL_Driver/Src/stm32h7xx_hal_pcd.o
                0x000000000800363c                HAL_PCD_Init
 .text.HAL_PCD_Start
                0x0000000008003768       0x44 ./Drivers/STM32H7xx_HAL_Driver/Src/stm32h7xx_hal_pcd.o
                0x0000000008003768                HAL_PCD_Start
 .text.HAL_PCD_IRQHandler
                0x00000000080037ac      0xb4c ./Drivers/STM32H7xx_HAL_Driver/Src/stm32h7xx_hal_pcd.o
                0x00000000080037ac                HAL_PCD_IRQHandler
 .text.HAL_PCD_SetAddress
                0x00000000080042f8       0x2c ./Drivers/STM32H7xx_HAL_Driver/Src/stm32h7xx_hal_pcd.o
                0x00000000080042f8                HAL_PCD_SetAddress
 .text.HAL_PCD_EP_Open
                0x0000000008004324       0x7c ./Drivers/STM32H7xx_HAL_Driver/Src/stm32h7xx_hal_pcd.o
                0x0000000008004324                HAL_PCD_EP_Open
 .text.HAL_PCD_EP_Close
                0x00000000080043a0       0x6c ./Drivers/STM32H7xx_HAL_Driver/Src/stm32h7xx_hal_pcd.o
                0x00000000080043a0                HAL_PCD_EP_Close
 .text.HAL_PCD_EP_Receive
                0x000000000800440c       0x44 ./Drivers/STM32H7xx_HAL_Driver/Src/stm32h7xx_hal_pcd.o
                0x000000000800440c                HAL_PCD_EP_Receive
 .text.HAL_PCD_EP_GetRxCount
                0x0000000008004450       0x14 ./Drivers/STM32H7xx_HAL_Driver/Src/stm32h7xx_hal_pcd.o
                0x0000000008004450                HAL_PCD_EP_GetRxCount
 .text.HAL_PCD_EP_Transmit
                0x0000000008004464       0x44 ./Drivers/STM32H7xx_HAL_Driver/Src/stm32h7xx_hal_pcd.o
                0x0000000008004464                HAL_PCD_EP_Transmit
 .text.HAL_PCD_EP_SetStall
                0x00000000080044a8       0x88 ./Drivers/STM32H7xx_HAL_Driver/Src/stm32h7xx_hal_pcd.o
                0x00000000080044a8                HAL_PCD_EP_SetStall
 .text.HAL_PCD_EP_ClrStall
                0x0000000008004530       0x78 ./Drivers/STM32H7xx_HAL_Driver/Src/stm32h7xx_hal_pcd.o
                0x0000000008004530                HAL_PCD_EP_ClrStall
 .text.HAL_PCDEx_SetTxFiFo
                0x00000000080045a8       0x4c ./Drivers/STM32H7xx_HAL_Driver/Src/stm32h7xx_hal_pcd_ex.o
                0x00000000080045a8                HAL_PCDEx_SetTxFiFo
 .text.HAL_PCDEx_SetRxFiFo
                0x00000000080045f4        0xc ./Drivers/STM32H7xx_HAL_Driver/Src/stm32h7xx_hal_pcd_ex.o
                0x00000000080045f4                HAL_PCDEx_SetRxFiFo
 .text.HAL_PCDEx_ActivateLPM
                0x0000000008004600       0x30 ./Drivers/STM32H7xx_HAL_Driver/Src/stm32h7xx_hal_pcd_ex.o
                0x0000000008004600                HAL_PCDEx_ActivateLPM
 .text.HAL_PCDEx_LPM_Callback
                0x0000000008004630        0x4 ./Drivers/STM32H7xx_HAL_Driver/Src/stm32h7xx_hal_pcd_ex.o
                0x0000000008004630                HAL_PCDEx_LPM_Callback
 .text.HAL_PWREx_ConfigSupply
                0x0000000008004634       0x48 ./Drivers/STM32H7xx_HAL_Driver/Src/stm32h7xx_hal_pwr_ex.o
                0x0000000008004634                HAL_PWREx_ConfigSupply
 .text.HAL_PWREx_EnableUSBVoltageDetector
                0x000000000800467c       0x10 ./Drivers/STM32H7xx_HAL_Driver/Src/stm32h7xx_hal_pwr_ex.o
                0x000000000800467c                HAL_PWREx_EnableUSBVoltageDetector
 .text.HAL_RCC_GetSysClockFreq.part.0
                0x000000000800468c      0x10c ./Drivers/STM32H7xx_HAL_Driver/Src/stm32h7xx_hal_rcc.o
 .text.HAL_RCC_OscConfig
                0x0000000008004798      0x558 ./Drivers/STM32H7xx_HAL_Driver/Src/stm32h7xx_hal_rcc.o
                0x0000000008004798                HAL_RCC_OscConfig
 .text.HAL_RCC_GetSysClockFreq
                0x0000000008004cf0      0x144 ./Drivers/STM32H7xx_HAL_Driver/Src/stm32h7xx_hal_rcc.o
                0x0000000008004cf0                HAL_RCC_GetSysClockFreq
 .text.HAL_RCC_ClockConfig
                0x0000000008004e34      0x250 ./Drivers/STM32H7xx_HAL_Driver/Src/stm32h7xx_hal_rcc.o
                0x0000000008004e34                HAL_RCC_ClockConfig
 .text.HAL_RCC_GetHCLKFreq
                0x0000000008005084       0x80 ./Drivers/STM32H7xx_HAL_Driver/Src/stm32h7xx_hal_rcc.o
                0x0000000008005084                HAL_RCC_GetHCLKFreq
 .text.RCCEx_PLL2_Config
                0x0000000008005104       0xf4 ./Drivers/STM32H7xx_HAL_Driver/Src/stm32h7xx_hal_rcc_ex.o
 .text.RCCEx_PLL3_Config
                0x00000000080051f8       0xf4 ./Drivers/STM32H7xx_HAL_Driver/Src/stm32h7xx_hal_rcc_ex.o
 .text.HAL_RCCEx_PeriphCLKConfig
                0x00000000080052ec      0xb68 ./Drivers/STM32H7xx_HAL_Driver/Src/stm32h7xx_hal_rcc_ex.o
                0x00000000080052ec                HAL_RCCEx_PeriphCLKConfig
 .text.HAL_RCCEx_CRSConfig
                0x0000000008005e54       0x70 ./Drivers/STM32H7xx_HAL_Driver/Src/stm32h7xx_hal_rcc_ex.o
                0x0000000008005e54                HAL_RCCEx_CRSConfig
 .text.TIM_OC1_SetConfig
                0x0000000008005ec4       0x7c ./Drivers/STM32H7xx_HAL_Driver/Src/stm32h7xx_hal_tim.o
 .text.TIM_OC3_SetConfig
                0x0000000008005f40       0x84 ./Drivers/STM32H7xx_HAL_Driver/Src/stm32h7xx_hal_tim.o
 .text.HAL_TIM_Base_Init
                0x0000000008005fc4      0x184 ./Drivers/STM32H7xx_HAL_Driver/Src/stm32h7xx_hal_tim.o
                0x0000000008005fc4                HAL_TIM_Base_Init
 .text.HAL_TIM_PWM_Init
                0x0000000008006148      0x184 ./Drivers/STM32H7xx_HAL_Driver/Src/stm32h7xx_hal_tim.o
                0x0000000008006148                HAL_TIM_PWM_Init
 .text.HAL_TIM_PWM_Start
                0x00000000080062cc      0x188 ./Drivers/STM32H7xx_HAL_Driver/Src/stm32h7xx_hal_tim.o
                0x00000000080062cc                HAL_TIM_PWM_Start
 .text.HAL_TIM_PWM_Stop
                0x0000000008006454      0x100 ./Drivers/STM32H7xx_HAL_Driver/Src/stm32h7xx_hal_tim.o
                0x0000000008006454                HAL_TIM_PWM_Stop
 .text.HAL_TIM_OnePulse_MspInit
                0x0000000008006554        0x4 ./Drivers/STM32H7xx_HAL_Driver/Src/stm32h7xx_hal_tim.o
                0x0000000008006554                HAL_TIM_OnePulse_MspInit
 .text.HAL_TIM_OnePulse_Init
                0x0000000008006558      0x17c ./Drivers/STM32H7xx_HAL_Driver/Src/stm32h7xx_hal_tim.o
                0x0000000008006558                HAL_TIM_OnePulse_Init
 .text.HAL_TIM_SlaveConfigSynchro
                0x00000000080066d4      0x174 ./Drivers/STM32H7xx_HAL_Driver/Src/stm32h7xx_hal_tim.o
                0x00000000080066d4                HAL_TIM_SlaveConfigSynchro
 .text.TIM_OC2_SetConfig
                0x0000000008006848       0x84 ./Drivers/STM32H7xx_HAL_Driver/Src/stm32h7xx_hal_tim.o
                0x0000000008006848                TIM_OC2_SetConfig
 .text.HAL_TIM_PWM_ConfigChannel
                0x00000000080068cc      0x240 ./Drivers/STM32H7xx_HAL_Driver/Src/stm32h7xx_hal_tim.o
                0x00000000080068cc                HAL_TIM_PWM_ConfigChannel
 .text.HAL_TIMEx_MasterConfigSynchronization
                0x0000000008006b0c       0xc8 ./Drivers/STM32H7xx_HAL_Driver/Src/stm32h7xx_hal_tim_ex.o
                0x0000000008006b0c                HAL_TIMEx_MasterConfigSynchronization
 .text.HAL_TIMEx_ConfigBreakDeadTime
                0x0000000008006bd4       0x9c ./Drivers/STM32H7xx_HAL_Driver/Src/stm32h7xx_hal_tim_ex.o
                0x0000000008006bd4                HAL_TIMEx_ConfigBreakDeadTime
 .text.USB_CoreInit
                0x0000000008006c70      0x144 ./Drivers/STM32H7xx_HAL_Driver/Src/stm32h7xx_ll_usb.o
                0x0000000008006c70                USB_CoreInit
 .text.USB_SetTurnaroundTime
                0x0000000008006db4       0xf4 ./Drivers/STM32H7xx_HAL_Driver/Src/stm32h7xx_ll_usb.o
                0x0000000008006db4                USB_SetTurnaroundTime
 .text.USB_EnableGlobalInt
                0x0000000008006ea8       0x10 ./Drivers/STM32H7xx_HAL_Driver/Src/stm32h7xx_ll_usb.o
                0x0000000008006ea8                USB_EnableGlobalInt
 .text.USB_DisableGlobalInt
                0x0000000008006eb8       0x10 ./Drivers/STM32H7xx_HAL_Driver/Src/stm32h7xx_ll_usb.o
                0x0000000008006eb8                USB_DisableGlobalInt
 .text.USB_SetCurrentMode
                0x0000000008006ec8       0x6c ./Drivers/STM32H7xx_HAL_Driver/Src/stm32h7xx_ll_usb.o
                0x0000000008006ec8                USB_SetCurrentMode
 .text.USB_DevInit
                0x0000000008006f34      0x244 ./Drivers/STM32H7xx_HAL_Driver/Src/stm32h7xx_ll_usb.o
                0x0000000008006f34                USB_DevInit
 .text.USB_FlushTxFifo
                0x0000000008007178       0x54 ./Drivers/STM32H7xx_HAL_Driver/Src/stm32h7xx_ll_usb.o
                0x0000000008007178                USB_FlushTxFifo
 .text.USB_GetDevSpeed
                0x00000000080071cc       0x18 ./Drivers/STM32H7xx_HAL_Driver/Src/stm32h7xx_ll_usb.o
                0x00000000080071cc                USB_GetDevSpeed
 .text.USB_ActivateEndpoint
                0x00000000080071e4       0x90 ./Drivers/STM32H7xx_HAL_Driver/Src/stm32h7xx_ll_usb.o
                0x00000000080071e4                USB_ActivateEndpoint
 .text.USB_DeactivateEndpoint
                0x0000000008007274       0xbc ./Drivers/STM32H7xx_HAL_Driver/Src/stm32h7xx_ll_usb.o
                0x0000000008007274                USB_DeactivateEndpoint
 .text.USB_EPStartXfer
                0x0000000008007330      0x288 ./Drivers/STM32H7xx_HAL_Driver/Src/stm32h7xx_ll_usb.o
                0x0000000008007330                USB_EPStartXfer
 .text.USB_EPStopXfer
                0x00000000080075b8       0x88 ./Drivers/STM32H7xx_HAL_Driver/Src/stm32h7xx_ll_usb.o
                0x00000000080075b8                USB_EPStopXfer
 .text.USB_WritePacket
                0x0000000008007640       0x2c ./Drivers/STM32H7xx_HAL_Driver/Src/stm32h7xx_ll_usb.o
                0x0000000008007640                USB_WritePacket
 .text.USB_ReadPacket
                0x000000000800766c       0x48 ./Drivers/STM32H7xx_HAL_Driver/Src/stm32h7xx_ll_usb.o
                0x000000000800766c                USB_ReadPacket
 .text.USB_EPSetStall
                0x00000000080076b4       0x68 ./Drivers/STM32H7xx_HAL_Driver/Src/stm32h7xx_ll_usb.o
                0x00000000080076b4                USB_EPSetStall
 .text.USB_EPClearStall
                0x000000000800771c       0x58 ./Drivers/STM32H7xx_HAL_Driver/Src/stm32h7xx_ll_usb.o
                0x000000000800771c                USB_EPClearStall
 .text.USB_SetDevAddress
                0x0000000008007774       0x24 ./Drivers/STM32H7xx_HAL_Driver/Src/stm32h7xx_ll_usb.o
                0x0000000008007774                USB_SetDevAddress
 .text.USB_DevConnect
                0x0000000008007798       0x20 ./Drivers/STM32H7xx_HAL_Driver/Src/stm32h7xx_ll_usb.o
                0x0000000008007798                USB_DevConnect
 .text.USB_DevDisconnect
                0x00000000080077b8       0x20 ./Drivers/STM32H7xx_HAL_Driver/Src/stm32h7xx_ll_usb.o
                0x00000000080077b8                USB_DevDisconnect
 .text.USB_ReadInterrupts
                0x00000000080077d8        0x8 ./Drivers/STM32H7xx_HAL_Driver/Src/stm32h7xx_ll_usb.o
                0x00000000080077d8                USB_ReadInterrupts
 .text.USB_ReadDevAllOutEpInterrupt
                0x00000000080077e0       0x10 ./Drivers/STM32H7xx_HAL_Driver/Src/stm32h7xx_ll_usb.o
                0x00000000080077e0                USB_ReadDevAllOutEpInterrupt
 .text.USB_ReadDevAllInEpInterrupt
                0x00000000080077f0       0x10 ./Drivers/STM32H7xx_HAL_Driver/Src/stm32h7xx_ll_usb.o
                0x00000000080077f0                USB_ReadDevAllInEpInterrupt
 .text.USB_ReadDevOutEPInterrupt
                0x0000000008007800       0x14 ./Drivers/STM32H7xx_HAL_Driver/Src/stm32h7xx_ll_usb.o
                0x0000000008007800                USB_ReadDevOutEPInterrupt
 .text.USB_ReadDevInEPInterrupt
                0x0000000008007814       0x20 ./Drivers/STM32H7xx_HAL_Driver/Src/stm32h7xx_ll_usb.o
                0x0000000008007814                USB_ReadDevInEPInterrupt
 .text.USB_GetMode
                0x0000000008007834        0x8 ./Drivers/STM32H7xx_HAL_Driver/Src/stm32h7xx_ll_usb.o
                0x0000000008007834                USB_GetMode
 .text.USB_ActivateSetup
                0x000000000800783c       0x2c ./Drivers/STM32H7xx_HAL_Driver/Src/stm32h7xx_ll_usb.o
                0x000000000800783c                USB_ActivateSetup
 .text.USB_EP0_OutStart
                0x0000000008007868       0x58 ./Drivers/STM32H7xx_HAL_Driver/Src/stm32h7xx_ll_usb.o
                0x0000000008007868                USB_EP0_OutStart
 .text.USBD_CDC_EP0_RxReady
                0x00000000080078c0       0x3c ./Middlewares/ST/STM32_USB_Device_Library/Class/CDC/Src/usbd_cdc.o
 .text.USBD_CDC_GetDeviceQualifierDescriptor
                0x00000000080078fc       0x10 ./Middlewares/ST/STM32_USB_Device_Library/Class/CDC/Src/usbd_cdc.o
                0x00000000080078fc                USBD_CDC_GetDeviceQualifierDescriptor
 .text.USBD_CDC_GetFSCfgDesc
                0x000000000800790c       0x48 ./Middlewares/ST/STM32_USB_Device_Library/Class/CDC/Src/usbd_cdc.o
 .text.USBD_CDC_GetHSCfgDesc
                0x0000000008007954       0x48 ./Middlewares/ST/STM32_USB_Device_Library/Class/CDC/Src/usbd_cdc.o
 .text.USBD_CDC_DataOut
                0x000000000800799c       0x38 ./Middlewares/ST/STM32_USB_Device_Library/Class/CDC/Src/usbd_cdc.o
 .text.USBD_CDC_DataIn
                0x00000000080079d4       0x74 ./Middlewares/ST/STM32_USB_Device_Library/Class/CDC/Src/usbd_cdc.o
 .text.USBD_CDC_Setup
                0x0000000008007a48      0x11c ./Middlewares/ST/STM32_USB_Device_Library/Class/CDC/Src/usbd_cdc.o
 .text.USBD_CDC_DeInit
                0x0000000008007b64       0x5c ./Middlewares/ST/STM32_USB_Device_Library/Class/CDC/Src/usbd_cdc.o
 .text.USBD_CDC_Init
                0x0000000008007bc0       0xf4 ./Middlewares/ST/STM32_USB_Device_Library/Class/CDC/Src/usbd_cdc.o
 .text.USBD_CDC_GetOtherSpeedCfgDesc
                0x0000000008007cb4       0x48 ./Middlewares/ST/STM32_USB_Device_Library/Class/CDC/Src/usbd_cdc.o
 .text.USBD_CDC_RegisterInterface
                0x0000000008007cfc       0x18 ./Middlewares/ST/STM32_USB_Device_Library/Class/CDC/Src/usbd_cdc.o
                0x0000000008007cfc                USBD_CDC_RegisterInterface
 .text.USBD_CDC_SetTxBuffer
                0x0000000008007d14       0x1c ./Middlewares/ST/STM32_USB_Device_Library/Class/CDC/Src/usbd_cdc.o
                0x0000000008007d14                USBD_CDC_SetTxBuffer
 .text.USBD_CDC_SetRxBuffer
                0x0000000008007d30       0x18 ./Middlewares/ST/STM32_USB_Device_Library/Class/CDC/Src/usbd_cdc.o
                0x0000000008007d30                USBD_CDC_SetRxBuffer
 .text.USBD_CDC_TransmitPacket
                0x0000000008007d48       0x38 ./Middlewares/ST/STM32_USB_Device_Library/Class/CDC/Src/usbd_cdc.o
                0x0000000008007d48                USBD_CDC_TransmitPacket
 .text.USBD_CDC_ReceivePacket
                0x0000000008007d80       0x3c ./Middlewares/ST/STM32_USB_Device_Library/Class/CDC/Src/usbd_cdc.o
                0x0000000008007d80                USBD_CDC_ReceivePacket
 .text.USBD_Init
                0x0000000008007dbc       0x28 ./Middlewares/ST/STM32_USB_Device_Library/Core/Src/usbd_core.o
                0x0000000008007dbc                USBD_Init
 .text.USBD_RegisterClass
                0x0000000008007de4       0x38 ./Middlewares/ST/STM32_USB_Device_Library/Core/Src/usbd_core.o
                0x0000000008007de4                USBD_RegisterClass
 .text.USBD_Start
                0x0000000008007e1c        0x4 ./Middlewares/ST/STM32_USB_Device_Library/Core/Src/usbd_core.o
                0x0000000008007e1c                USBD_Start
 .text.USBD_SetClassConfig
                0x0000000008007e20       0x10 ./Middlewares/ST/STM32_USB_Device_Library/Core/Src/usbd_core.o
                0x0000000008007e20                USBD_SetClassConfig
 .text.USBD_ClrClassConfig
                0x0000000008007e30       0x14 ./Middlewares/ST/STM32_USB_Device_Library/Core/Src/usbd_core.o
                0x0000000008007e30                USBD_ClrClassConfig
 .text.USBD_LL_SetupStage
                0x0000000008007e44       0x60 ./Middlewares/ST/STM32_USB_Device_Library/Core/Src/usbd_core.o
                0x0000000008007e44                USBD_LL_SetupStage
 .text.USBD_LL_DataOutStage
                0x0000000008007ea4       0x74 ./Middlewares/ST/STM32_USB_Device_Library/Core/Src/usbd_core.o
                0x0000000008007ea4                USBD_LL_DataOutStage
 .text.USBD_LL_DataInStage
                0x0000000008007f18       0xc0 ./Middlewares/ST/STM32_USB_Device_Library/Core/Src/usbd_core.o
                0x0000000008007f18                USBD_LL_DataInStage
 .text.USBD_LL_Reset
                0x0000000008007fd8       0x5c ./Middlewares/ST/STM32_USB_Device_Library/Core/Src/usbd_core.o
                0x0000000008007fd8                USBD_LL_Reset
 .text.USBD_LL_SetSpeed
                0x0000000008008034        0x8 ./Middlewares/ST/STM32_USB_Device_Library/Core/Src/usbd_core.o
                0x0000000008008034                USBD_LL_SetSpeed
 .text.USBD_LL_Suspend
                0x000000000800803c       0x20 ./Middlewares/ST/STM32_USB_Device_Library/Core/Src/usbd_core.o
                0x000000000800803c                USBD_LL_Suspend
 .text.USBD_LL_Resume
                0x000000000800805c       0x18 ./Middlewares/ST/STM32_USB_Device_Library/Core/Src/usbd_core.o
                0x000000000800805c                USBD_LL_Resume
 .text.USBD_LL_SOF
                0x0000000008008074       0x20 ./Middlewares/ST/STM32_USB_Device_Library/Core/Src/usbd_core.o
                0x0000000008008074                USBD_LL_SOF
 .text.USBD_LL_IsoINIncomplete
                0x0000000008008094       0x2c ./Middlewares/ST/STM32_USB_Device_Library/Core/Src/usbd_core.o
                0x0000000008008094                USBD_LL_IsoINIncomplete
 .text.USBD_LL_IsoOUTIncomplete
                0x00000000080080c0       0x2c ./Middlewares/ST/STM32_USB_Device_Library/Core/Src/usbd_core.o
                0x00000000080080c0                USBD_LL_IsoOUTIncomplete
 .text.USBD_LL_DevConnected
                0x00000000080080ec        0x4 ./Middlewares/ST/STM32_USB_Device_Library/Core/Src/usbd_core.o
                0x00000000080080ec                USBD_LL_DevConnected
 .text.USBD_LL_DevDisconnected
                0x00000000080080f0       0x24 ./Middlewares/ST/STM32_USB_Device_Library/Core/Src/usbd_core.o
                0x00000000080080f0                USBD_LL_DevDisconnected
 .text.USBD_CoreFindIF
                0x0000000008008114        0x4 ./Middlewares/ST/STM32_USB_Device_Library/Core/Src/usbd_core.o
                0x0000000008008114                USBD_CoreFindIF
 .text.USBD_CoreFindEP
                0x0000000008008118        0x4 ./Middlewares/ST/STM32_USB_Device_Library/Core/Src/usbd_core.o
                0x0000000008008118                USBD_CoreFindEP
 .text.USBD_GetEpDesc
                0x000000000800811c       0x2c ./Middlewares/ST/STM32_USB_Device_Library/Core/Src/usbd_core.o
                0x000000000800811c                USBD_GetEpDesc
 .text.USBD_StdDevReq
                0x0000000008008148      0x38c ./Middlewares/ST/STM32_USB_Device_Library/Core/Src/usbd_ctlreq.o
                0x0000000008008148                USBD_StdDevReq
 .text.USBD_StdItfReq
                0x00000000080084d4       0x84 ./Middlewares/ST/STM32_USB_Device_Library/Core/Src/usbd_ctlreq.o
                0x00000000080084d4                USBD_StdItfReq
 .text.USBD_StdEPReq
                0x0000000008008558      0x15c ./Middlewares/ST/STM32_USB_Device_Library/Core/Src/usbd_ctlreq.o
                0x0000000008008558                USBD_StdEPReq
 .text.USBD_ParseSetupRequest
                0x00000000080086b4       0x18 ./Middlewares/ST/STM32_USB_Device_Library/Core/Src/usbd_ctlreq.o
                0x00000000080086b4                USBD_ParseSetupRequest
 .text.USBD_CtlError
                0x00000000080086cc       0x18 ./Middlewares/ST/STM32_USB_Device_Library/Core/Src/usbd_ctlreq.o
                0x00000000080086cc                USBD_CtlError
 .text.USBD_GetString
                0x00000000080086e4       0x54 ./Middlewares/ST/STM32_USB_Device_Library/Core/Src/usbd_ctlreq.o
                0x00000000080086e4                USBD_GetString
 .text.USBD_CtlSendData
                0x0000000008008738       0x1c ./Middlewares/ST/STM32_USB_Device_Library/Core/Src/usbd_ioreq.o
                0x0000000008008738                USBD_CtlSendData
 .text.USBD_CtlContinueSendData
                0x0000000008008754       0x14 ./Middlewares/ST/STM32_USB_Device_Library/Core/Src/usbd_ioreq.o
                0x0000000008008754                USBD_CtlContinueSendData
 .text.USBD_CtlPrepareRx
                0x0000000008008768       0x1c ./Middlewares/ST/STM32_USB_Device_Library/Core/Src/usbd_ioreq.o
                0x0000000008008768                USBD_CtlPrepareRx
 .text.USBD_CtlContinueRx
                0x0000000008008784       0x14 ./Middlewares/ST/STM32_USB_Device_Library/Core/Src/usbd_ioreq.o
                0x0000000008008784                USBD_CtlContinueRx
 .text.USBD_CtlSendStatus
                0x0000000008008798       0x18 ./Middlewares/ST/STM32_USB_Device_Library/Core/Src/usbd_ioreq.o
                0x0000000008008798                USBD_CtlSendStatus
 .text.USBD_CtlReceiveStatus
                0x00000000080087b0       0x18 ./Middlewares/ST/STM32_USB_Device_Library/Core/Src/usbd_ioreq.o
                0x00000000080087b0                USBD_CtlReceiveStatus
 .text.MX_USB_DEVICE_Init
                0x00000000080087c8       0x7c ./USB_DEVICE/App/usb_device.o
                0x00000000080087c8                MX_USB_DEVICE_Init
 .text.CDC_DeInit_HS
                0x0000000008008844        0x4 ./USB_DEVICE/App/usbd_cdc_if.o
 .text.CDC_Control_HS
                0x0000000008008848        0x4 ./USB_DEVICE/App/usbd_cdc_if.o
 .text.CDC_TransmitCplt_HS
                0x000000000800884c        0x4 ./USB_DEVICE/App/usbd_cdc_if.o
 .text.CDC_Receive_HS
                0x0000000008008850       0x1c ./USB_DEVICE/App/usbd_cdc_if.o
 .text.CDC_Init_HS
                0x000000000800886c       0x28 ./USB_DEVICE/App/usbd_cdc_if.o
 .text.CDC_Transmit_HS
                0x0000000008008894       0x2c ./USB_DEVICE/App/usbd_cdc_if.o
                0x0000000008008894                CDC_Transmit_HS
 .text.USBD_HS_DeviceDescriptor
                0x00000000080088c0        0xc ./USB_DEVICE/App/usbd_desc.o
                0x00000000080088c0                USBD_HS_DeviceDescriptor
 .text.USBD_HS_LangIDStrDescriptor
                0x00000000080088cc        0xc ./USB_DEVICE/App/usbd_desc.o
                0x00000000080088cc                USBD_HS_LangIDStrDescriptor
 .text.USBD_HS_ManufacturerStrDescriptor
                0x00000000080088d8       0x1c ./USB_DEVICE/App/usbd_desc.o
                0x00000000080088d8                USBD_HS_ManufacturerStrDescriptor
 .text.USBD_HS_ProductStrDescriptor
                0x00000000080088f4       0x1c ./USB_DEVICE/App/usbd_desc.o
                0x00000000080088f4                USBD_HS_ProductStrDescriptor
 .text.USBD_HS_ConfigStrDescriptor
                0x0000000008008910       0x1c ./USB_DEVICE/App/usbd_desc.o
                0x0000000008008910                USBD_HS_ConfigStrDescriptor
 .text.USBD_HS_InterfaceStrDescriptor
                0x000000000800892c       0x1c ./USB_DEVICE/App/usbd_desc.o
                0x000000000800892c                USBD_HS_InterfaceStrDescriptor
 .text.USBD_HS_SerialStrDescriptor
                0x0000000008008948      0x124 ./USB_DEVICE/App/usbd_desc.o
                0x0000000008008948                USBD_HS_SerialStrDescriptor
 *fill*         0x0000000008008a6c        0x4 
 .text.HAL_PCD_MspInit
                0x0000000008008a70       0xbc ./USB_DEVICE/Target/usbd_conf.o
                0x0000000008008a70                HAL_PCD_MspInit
 .text.HAL_PCD_SetupStageCallback
                0x0000000008008b2c        0xc ./USB_DEVICE/Target/usbd_conf.o
                0x0000000008008b2c                HAL_PCD_SetupStageCallback
 .text.HAL_PCD_DataOutStageCallback
                0x0000000008008b38       0x14 ./USB_DEVICE/Target/usbd_conf.o
                0x0000000008008b38                HAL_PCD_DataOutStageCallback
 .text.HAL_PCD_DataInStageCallback
                0x0000000008008b4c       0x14 ./USB_DEVICE/Target/usbd_conf.o
                0x0000000008008b4c                HAL_PCD_DataInStageCallback
 .text.HAL_PCD_SOFCallback
                0x0000000008008b60        0x8 ./USB_DEVICE/Target/usbd_conf.o
                0x0000000008008b60                HAL_PCD_SOFCallback
 .text.HAL_PCD_ResetCallback
                0x0000000008008b68       0x2c ./USB_DEVICE/Target/usbd_conf.o
                0x0000000008008b68                HAL_PCD_ResetCallback
 .text.HAL_PCD_SuspendCallback
                0x0000000008008b94       0x30 ./USB_DEVICE/Target/usbd_conf.o
                0x0000000008008b94                HAL_PCD_SuspendCallback
 .text.HAL_PCD_ResumeCallback
                0x0000000008008bc4        0x8 ./USB_DEVICE/Target/usbd_conf.o
                0x0000000008008bc4                HAL_PCD_ResumeCallback
 .text.HAL_PCD_ISOOUTIncompleteCallback
                0x0000000008008bcc        0x8 ./USB_DEVICE/Target/usbd_conf.o
                0x0000000008008bcc                HAL_PCD_ISOOUTIncompleteCallback
 .text.HAL_PCD_ISOINIncompleteCallback
                0x0000000008008bd4        0x8 ./USB_DEVICE/Target/usbd_conf.o
                0x0000000008008bd4                HAL_PCD_ISOINIncompleteCallback
 .text.HAL_PCD_ConnectCallback
                0x0000000008008bdc        0x8 ./USB_DEVICE/Target/usbd_conf.o
                0x0000000008008bdc                HAL_PCD_ConnectCallback
 .text.HAL_PCD_DisconnectCallback
                0x0000000008008be4        0x8 ./USB_DEVICE/Target/usbd_conf.o
                0x0000000008008be4                HAL_PCD_DisconnectCallback
 *fill*         0x0000000008008bec        0x4 
 .text.USBD_LL_Init
                0x0000000008008bf0       0x88 ./USB_DEVICE/Target/usbd_conf.o
                0x0000000008008bf0                USBD_LL_Init
 .text.USBD_LL_Start
                0x0000000008008c78       0x1c ./USB_DEVICE/Target/usbd_conf.o
                0x0000000008008c78                USBD_LL_Start
 .text.USBD_LL_OpenEP
                0x0000000008008c94       0x24 ./USB_DEVICE/Target/usbd_conf.o
                0x0000000008008c94                USBD_LL_OpenEP
 .text.USBD_LL_CloseEP
                0x0000000008008cb8       0x1c ./USB_DEVICE/Target/usbd_conf.o
                0x0000000008008cb8                USBD_LL_CloseEP
 .text.USBD_LL_StallEP
                0x0000000008008cd4       0x1c ./USB_DEVICE/Target/usbd_conf.o
                0x0000000008008cd4                USBD_LL_StallEP
 .text.USBD_LL_ClearStallEP
                0x0000000008008cf0       0x1c ./USB_DEVICE/Target/usbd_conf.o
                0x0000000008008cf0                USBD_LL_ClearStallEP
 .text.USBD_LL_IsStallEP
                0x0000000008008d0c       0x28 ./USB_DEVICE/Target/usbd_conf.o
                0x0000000008008d0c                USBD_LL_IsStallEP
 .text.USBD_LL_SetUSBAddress
                0x0000000008008d34       0x1c ./USB_DEVICE/Target/usbd_conf.o
                0x0000000008008d34                USBD_LL_SetUSBAddress
 .text.USBD_LL_Transmit
                0x0000000008008d50       0x1c ./USB_DEVICE/Target/usbd_conf.o
                0x0000000008008d50                USBD_LL_Transmit
 .text.USBD_LL_PrepareReceive
                0x0000000008008d6c       0x1c ./USB_DEVICE/Target/usbd_conf.o
                0x0000000008008d6c                USBD_LL_PrepareReceive
 .text.USBD_LL_GetRxDataSize
                0x0000000008008d88        0x8 ./USB_DEVICE/Target/usbd_conf.o
                0x0000000008008d88                USBD_LL_GetRxDataSize
 .text.USBD_static_malloc
                0x0000000008008d90        0x8 ./USB_DEVICE/Target/usbd_conf.o
                0x0000000008008d90                USBD_static_malloc
 .text.USBD_static_free
                0x0000000008008d98        0x4 ./USB_DEVICE/Target/usbd_conf.o
                0x0000000008008d98                USBD_static_free
 .text.arm_q15_to_float
                0x0000000008008d9c       0xd0 /home/clayton/Documents/university/fifth_year/second_semester/fyp-nubots-ssl/STM32/pcb_fft/Drivers/CMSIS/Lib/GCC/libarm_cortexM7lfsp_math.a(arm_q15_to_float.o)
                0x0000000008008d9c                arm_q15_to_float
 .text.arm_float_to_q15
                0x0000000008008e6c      0x164 /home/clayton/Documents/university/fifth_year/second_semester/fyp-nubots-ssl/STM32/pcb_fft/Drivers/CMSIS/Lib/GCC/libarm_cortexM7lfsp_math.a(arm_float_to_q15.o)
                0x0000000008008e6c                arm_float_to_q15
 .text.arm_rfft_32_fast_init_f32
                0x0000000008008fd0       0x38 /home/clayton/Documents/university/fifth_year/second_semester/fyp-nubots-ssl/STM32/pcb_fft/Drivers/CMSIS/Lib/GCC/libarm_cortexM7lfsp_math.a(arm_rfft_fast_init_f32.o)
                0x0000000008008fd0                arm_rfft_32_fast_init_f32
 .text.arm_rfft_64_fast_init_f32
                0x0000000008009008       0x38 /home/clayton/Documents/university/fifth_year/second_semester/fyp-nubots-ssl/STM32/pcb_fft/Drivers/CMSIS/Lib/GCC/libarm_cortexM7lfsp_math.a(arm_rfft_fast_init_f32.o)
                0x0000000008009008                arm_rfft_64_fast_init_f32
 .text.arm_rfft_256_fast_init_f32
                0x0000000008009040       0x38 /home/clayton/Documents/university/fifth_year/second_semester/fyp-nubots-ssl/STM32/pcb_fft/Drivers/CMSIS/Lib/GCC/libarm_cortexM7lfsp_math.a(arm_rfft_fast_init_f32.o)
                0x0000000008009040                arm_rfft_256_fast_init_f32
 .text.arm_rfft_512_fast_init_f32
                0x0000000008009078       0x3c /home/clayton/Documents/university/fifth_year/second_semester/fyp-nubots-ssl/STM32/pcb_fft/Drivers/CMSIS/Lib/GCC/libarm_cortexM7lfsp_math.a(arm_rfft_fast_init_f32.o)
                0x0000000008009078                arm_rfft_512_fast_init_f32
 .text.arm_rfft_1024_fast_init_f32
                0x00000000080090b4       0x3c /home/clayton/Documents/university/fifth_year/second_semester/fyp-nubots-ssl/STM32/pcb_fft/Drivers/CMSIS/Lib/GCC/libarm_cortexM7lfsp_math.a(arm_rfft_fast_init_f32.o)
                0x00000000080090b4                arm_rfft_1024_fast_init_f32
 .text.arm_rfft_2048_fast_init_f32
                0x00000000080090f0       0x3c /home/clayton/Documents/university/fifth_year/second_semester/fyp-nubots-ssl/STM32/pcb_fft/Drivers/CMSIS/Lib/GCC/libarm_cortexM7lfsp_math.a(arm_rfft_fast_init_f32.o)
                0x00000000080090f0                arm_rfft_2048_fast_init_f32
 .text.arm_rfft_4096_fast_init_f32
                0x000000000800912c       0x3c /home/clayton/Documents/university/fifth_year/second_semester/fyp-nubots-ssl/STM32/pcb_fft/Drivers/CMSIS/Lib/GCC/libarm_cortexM7lfsp_math.a(arm_rfft_fast_init_f32.o)
                0x000000000800912c                arm_rfft_4096_fast_init_f32
 .text.arm_rfft_fast_init_f32
                0x0000000008009168       0x68 /home/clayton/Documents/university/fifth_year/second_semester/fyp-nubots-ssl/STM32/pcb_fft/Drivers/CMSIS/Lib/GCC/libarm_cortexM7lfsp_math.a(arm_rfft_fast_init_f32.o)
                0x0000000008009168                arm_rfft_fast_init_f32
 .text.stage_rfft_f32
                0x00000000080091d0       0xb8 /home/clayton/Documents/university/fifth_year/second_semester/fyp-nubots-ssl/STM32/pcb_fft/Drivers/CMSIS/Lib/GCC/libarm_cortexM7lfsp_math.a(arm_rfft_fast_f32.o)
                0x00000000080091d0                stage_rfft_f32
 .text.merge_rfft_f32
                0x0000000008009288       0xac /home/clayton/Documents/university/fifth_year/second_semester/fyp-nubots-ssl/STM32/pcb_fft/Drivers/CMSIS/Lib/GCC/libarm_cortexM7lfsp_math.a(arm_rfft_fast_f32.o)
                0x0000000008009288                merge_rfft_f32
 .text.arm_rfft_fast_f32
                0x0000000008009334       0x40 /home/clayton/Documents/university/fifth_year/second_semester/fyp-nubots-ssl/STM32/pcb_fft/Drivers/CMSIS/Lib/GCC/libarm_cortexM7lfsp_math.a(arm_rfft_fast_f32.o)
                0x0000000008009334                arm_rfft_fast_f32
 .text.arm_cfft_radix8by2_f32
                0x0000000008009374      0x198 /home/clayton/Documents/university/fifth_year/second_semester/fyp-nubots-ssl/STM32/pcb_fft/Drivers/CMSIS/Lib/GCC/libarm_cortexM7lfsp_math.a(arm_cfft_f32.o)
                0x0000000008009374                arm_cfft_radix8by2_f32
 .text.arm_cfft_radix8by4_f32
                0x000000000800950c      0x4b8 /home/clayton/Documents/university/fifth_year/second_semester/fyp-nubots-ssl/STM32/pcb_fft/Drivers/CMSIS/Lib/GCC/libarm_cortexM7lfsp_math.a(arm_cfft_f32.o)
                0x000000000800950c                arm_cfft_radix8by4_f32
 .text.arm_cfft_f32
                0x00000000080099c4       0xec /home/clayton/Documents/university/fifth_year/second_semester/fyp-nubots-ssl/STM32/pcb_fft/Drivers/CMSIS/Lib/GCC/libarm_cortexM7lfsp_math.a(arm_cfft_f32.o)
                0x00000000080099c4                arm_cfft_f32
 .text.arm_bitreversal_32
                0x0000000008009ab0       0x50 /home/clayton/Documents/university/fifth_year/second_semester/fyp-nubots-ssl/STM32/pcb_fft/Drivers/CMSIS/Lib/GCC/libarm_cortexM7lfsp_math.a(arm_bitreversal2.o)
                0x0000000008009ab0                arm_bitreversal_32
 .text.arm_fir_decimate_q15
                0x0000000008009b00      0x2e8 /home/clayton/Documents/university/fifth_year/second_semester/fyp-nubots-ssl/STM32/pcb_fft/Drivers/CMSIS/Lib/GCC/libarm_cortexM7lfsp_math.a(arm_fir_decimate_q15.o)
                0x0000000008009b00                arm_fir_decimate_q15
 .text.arm_fir_decimate_init_q15
                0x0000000008009de8       0x40 /home/clayton/Documents/university/fifth_year/second_semester/fyp-nubots-ssl/STM32/pcb_fft/Drivers/CMSIS/Lib/GCC/libarm_cortexM7lfsp_math.a(arm_fir_decimate_init_q15.o)
                0x0000000008009de8                arm_fir_decimate_init_q15
 .text.arm_cmplx_mult_cmplx_f32
                0x0000000008009e28      0x194 /home/clayton/Documents/university/fifth_year/second_semester/fyp-nubots-ssl/STM32/pcb_fft/Drivers/CMSIS/Lib/GCC/libarm_cortexM7lfsp_math.a(arm_cmplx_mult_cmplx_f32.o)
                0x0000000008009e28                arm_cmplx_mult_cmplx_f32
 .text.arm_cmplx_mag_f32
                0x0000000008009fbc      0x248 /home/clayton/Documents/university/fifth_year/second_semester/fyp-nubots-ssl/STM32/pcb_fft/Drivers/CMSIS/Lib/GCC/libarm_cortexM7lfsp_math.a(arm_cmplx_mag_f32.o)
                0x0000000008009fbc                arm_cmplx_mag_f32
 .text.arm_cmplx_conj_f32
                0x000000000800a204       0xb4 /home/clayton/Documents/university/fifth_year/second_semester/fyp-nubots-ssl/STM32/pcb_fft/Drivers/CMSIS/Lib/GCC/libarm_cortexM7lfsp_math.a(arm_cmplx_conj_f32.o)
                0x000000000800a204                arm_cmplx_conj_f32
 .text.arm_mult_f32
                0x000000000800a2b8       0xb4 /home/clayton/Documents/university/fifth_year/second_semester/fyp-nubots-ssl/STM32/pcb_fft/Drivers/CMSIS/Lib/GCC/libarm_cortexM7lfsp_math.a(arm_mult_f32.o)
                0x000000000800a2b8                arm_mult_f32
 .text.arm_radix8_butterfly_f32
                0x000000000800a36c      0x584 /home/clayton/Documents/university/fifth_year/second_semester/fyp-nubots-ssl/STM32/pcb_fft/Drivers/CMSIS/Lib/GCC/libarm_cortexM7lfsp_math.a(arm_cfft_radix8_f32.o)
                0x000000000800a36c                arm_radix8_butterfly_f32
 .text.malloc   0x000000000800a8f0       0x10 /opt/st/stm32cubeide_1.13.0/plugins/com.st.stm32cube.ide.mcu.externaltools.gnu-tools-for-stm32.11.3.rel1.linux64_1.1.0.202305231506/tools/bin/../lib/gcc/arm-none-eabi/11.3.1/../../../../arm-none-eabi/lib/thumb/v7e-m+dp/hard/libc_nano.a(libc_a-malloc.o)
                0x000000000800a8f0                malloc
 .text.sbrk_aligned
                0x000000000800a900       0x40 /opt/st/stm32cubeide_1.13.0/plugins/com.st.stm32cube.ide.mcu.externaltools.gnu-tools-for-stm32.11.3.rel1.linux64_1.1.0.202305231506/tools/bin/../lib/gcc/arm-none-eabi/11.3.1/../../../../arm-none-eabi/lib/thumb/v7e-m+dp/hard/libc_nano.a(libc_a-mallocr.o)
 .text._malloc_r
                0x000000000800a940      0x100 /opt/st/stm32cubeide_1.13.0/plugins/com.st.stm32cube.ide.mcu.externaltools.gnu-tools-for-stm32.11.3.rel1.linux64_1.1.0.202305231506/tools/bin/../lib/gcc/arm-none-eabi/11.3.1/../../../../arm-none-eabi/lib/thumb/v7e-m+dp/hard/libc_nano.a(libc_a-mallocr.o)
                0x000000000800a940                _malloc_r
 .text.__malloc_lock
                0x000000000800aa40        0xc /opt/st/stm32cubeide_1.13.0/plugins/com.st.stm32cube.ide.mcu.externaltools.gnu-tools-for-stm32.11.3.rel1.linux64_1.1.0.202305231506/tools/bin/../lib/gcc/arm-none-eabi/11.3.1/../../../../arm-none-eabi/lib/thumb/v7e-m+dp/hard/libc_nano.a(libc_a-mlock.o)
                0x000000000800aa40                __malloc_lock
 .text.__malloc_unlock
                0x000000000800aa4c        0xc /opt/st/stm32cubeide_1.13.0/plugins/com.st.stm32cube.ide.mcu.externaltools.gnu-tools-for-stm32.11.3.rel1.linux64_1.1.0.202305231506/tools/bin/../lib/gcc/arm-none-eabi/11.3.1/../../../../arm-none-eabi/lib/thumb/v7e-m+dp/hard/libc_nano.a(libc_a-mlock.o)
                0x000000000800aa4c                __malloc_unlock
 .text.__cvt    0x000000000800aa58       0xa4 /opt/st/stm32cubeide_1.13.0/plugins/com.st.stm32cube.ide.mcu.externaltools.gnu-tools-for-stm32.11.3.rel1.linux64_1.1.0.202305231506/tools/bin/../lib/gcc/arm-none-eabi/11.3.1/../../../../arm-none-eabi/lib/thumb/v7e-m+dp/hard/libc_nano.a(libc_a-nano-vfprintf_float.o)
                0x000000000800aa58                __cvt
 .text.__exponent
                0x000000000800aafc       0x7c /opt/st/stm32cubeide_1.13.0/plugins/com.st.stm32cube.ide.mcu.externaltools.gnu-tools-for-stm32.11.3.rel1.linux64_1.1.0.202305231506/tools/bin/../lib/gcc/arm-none-eabi/11.3.1/../../../../arm-none-eabi/lib/thumb/v7e-m+dp/hard/libc_nano.a(libc_a-nano-vfprintf_float.o)
                0x000000000800aafc                __exponent
 .text._printf_float
                0x000000000800ab78      0x434 /opt/st/stm32cubeide_1.13.0/plugins/com.st.stm32cube.ide.mcu.externaltools.gnu-tools-for-stm32.11.3.rel1.linux64_1.1.0.202305231506/tools/bin/../lib/gcc/arm-none-eabi/11.3.1/../../../../arm-none-eabi/lib/thumb/v7e-m+dp/hard/libc_nano.a(libc_a-nano-vfprintf_float.o)
                0x000000000800ab78                _printf_float
 .text._printf_common
                0x000000000800afac       0xda /opt/st/stm32cubeide_1.13.0/plugins/com.st.stm32cube.ide.mcu.externaltools.gnu-tools-for-stm32.11.3.rel1.linux64_1.1.0.202305231506/tools/bin/../lib/gcc/arm-none-eabi/11.3.1/../../../../arm-none-eabi/lib/thumb/v7e-m+dp/hard/libc_nano.a(libc_a-nano-vfprintf_i.o)
                0x000000000800afac                _printf_common
 *fill*         0x000000000800b086        0x2 
 .text._printf_i
                0x000000000800b088      0x244 /opt/st/stm32cubeide_1.13.0/plugins/com.st.stm32cube.ide.mcu.externaltools.gnu-tools-for-stm32.11.3.rel1.linux64_1.1.0.202305231506/tools/bin/../lib/gcc/arm-none-eabi/11.3.1/../../../../arm-none-eabi/lib/thumb/v7e-m+dp/hard/libc_nano.a(libc_a-nano-vfprintf_i.o)
                0x000000000800b088                _printf_i
 .text.std      0x000000000800b2cc       0x48 /opt/st/stm32cubeide_1.13.0/plugins/com.st.stm32cube.ide.mcu.externaltools.gnu-tools-for-stm32.11.3.rel1.linux64_1.1.0.202305231506/tools/bin/../lib/gcc/arm-none-eabi/11.3.1/../../../../arm-none-eabi/lib/thumb/v7e-m+dp/hard/libc_nano.a(libc_a-findfp.o)
 .text.stdio_exit_handler
                0x000000000800b314       0x18 /opt/st/stm32cubeide_1.13.0/plugins/com.st.stm32cube.ide.mcu.externaltools.gnu-tools-for-stm32.11.3.rel1.linux64_1.1.0.202305231506/tools/bin/../lib/gcc/arm-none-eabi/11.3.1/../../../../arm-none-eabi/lib/thumb/v7e-m+dp/hard/libc_nano.a(libc_a-findfp.o)
 .text.cleanup_stdio
                0x000000000800b32c       0x40 /opt/st/stm32cubeide_1.13.0/plugins/com.st.stm32cube.ide.mcu.externaltools.gnu-tools-for-stm32.11.3.rel1.linux64_1.1.0.202305231506/tools/bin/../lib/gcc/arm-none-eabi/11.3.1/../../../../arm-none-eabi/lib/thumb/v7e-m+dp/hard/libc_nano.a(libc_a-findfp.o)
 .text.global_stdio_init.part.0
                0x000000000800b36c       0x3c /opt/st/stm32cubeide_1.13.0/plugins/com.st.stm32cube.ide.mcu.externaltools.gnu-tools-for-stm32.11.3.rel1.linux64_1.1.0.202305231506/tools/bin/../lib/gcc/arm-none-eabi/11.3.1/../../../../arm-none-eabi/lib/thumb/v7e-m+dp/hard/libc_nano.a(libc_a-findfp.o)
 .text.__sfp_lock_acquire
                0x000000000800b3a8        0xc /opt/st/stm32cubeide_1.13.0/plugins/com.st.stm32cube.ide.mcu.externaltools.gnu-tools-for-stm32.11.3.rel1.linux64_1.1.0.202305231506/tools/bin/../lib/gcc/arm-none-eabi/11.3.1/../../../../arm-none-eabi/lib/thumb/v7e-m+dp/hard/libc_nano.a(libc_a-findfp.o)
                0x000000000800b3a8                __sfp_lock_acquire
 .text.__sfp_lock_release
                0x000000000800b3b4        0xc /opt/st/stm32cubeide_1.13.0/plugins/com.st.stm32cube.ide.mcu.externaltools.gnu-tools-for-stm32.11.3.rel1.linux64_1.1.0.202305231506/tools/bin/../lib/gcc/arm-none-eabi/11.3.1/../../../../arm-none-eabi/lib/thumb/v7e-m+dp/hard/libc_nano.a(libc_a-findfp.o)
                0x000000000800b3b4                __sfp_lock_release
 .text.__sinit  0x000000000800b3c0       0x30 /opt/st/stm32cubeide_1.13.0/plugins/com.st.stm32cube.ide.mcu.externaltools.gnu-tools-for-stm32.11.3.rel1.linux64_1.1.0.202305231506/tools/bin/../lib/gcc/arm-none-eabi/11.3.1/../../../../arm-none-eabi/lib/thumb/v7e-m+dp/hard/libc_nano.a(libc_a-findfp.o)
                0x000000000800b3c0                __sinit
 .text._fwalk_sglue
                0x000000000800b3f0       0x3c /opt/st/stm32cubeide_1.13.0/plugins/com.st.stm32cube.ide.mcu.externaltools.gnu-tools-for-stm32.11.3.rel1.linux64_1.1.0.202305231506/tools/bin/../lib/gcc/arm-none-eabi/11.3.1/../../../../arm-none-eabi/lib/thumb/v7e-m+dp/hard/libc_nano.a(libc_a-fwalk.o)
                0x000000000800b3f0                _fwalk_sglue
 .text.sprintf  0x000000000800b42c       0x40 /opt/st/stm32cubeide_1.13.0/plugins/com.st.stm32cube.ide.mcu.externaltools.gnu-tools-for-stm32.11.3.rel1.linux64_1.1.0.202305231506/tools/bin/../lib/gcc/arm-none-eabi/11.3.1/../../../../arm-none-eabi/lib/thumb/v7e-m+dp/hard/libc_nano.a(libc_a-sprintf.o)
                0x000000000800b42c                sprintf
                0x000000000800b42c                siprintf
 .text.__sread  0x000000000800b46c       0x22 /opt/st/stm32cubeide_1.13.0/plugins/com.st.stm32cube.ide.mcu.externaltools.gnu-tools-for-stm32.11.3.rel1.linux64_1.1.0.202305231506/tools/bin/../lib/gcc/arm-none-eabi/11.3.1/../../../../arm-none-eabi/lib/thumb/v7e-m+dp/hard/libc_nano.a(libc_a-stdio.o)
                0x000000000800b46c                __sread
 .text.__swrite
                0x000000000800b48e       0x38 /opt/st/stm32cubeide_1.13.0/plugins/com.st.stm32cube.ide.mcu.externaltools.gnu-tools-for-stm32.11.3.rel1.linux64_1.1.0.202305231506/tools/bin/../lib/gcc/arm-none-eabi/11.3.1/../../../../arm-none-eabi/lib/thumb/v7e-m+dp/hard/libc_nano.a(libc_a-stdio.o)
                0x000000000800b48e                __swrite
 .text.__sseek  0x000000000800b4c6       0x24 /opt/st/stm32cubeide_1.13.0/plugins/com.st.stm32cube.ide.mcu.externaltools.gnu-tools-for-stm32.11.3.rel1.linux64_1.1.0.202305231506/tools/bin/../lib/gcc/arm-none-eabi/11.3.1/../../../../arm-none-eabi/lib/thumb/v7e-m+dp/hard/libc_nano.a(libc_a-stdio.o)
                0x000000000800b4c6                __sseek
 .text.__sclose
                0x000000000800b4ea        0x8 /opt/st/stm32cubeide_1.13.0/plugins/com.st.stm32cube.ide.mcu.externaltools.gnu-tools-for-stm32.11.3.rel1.linux64_1.1.0.202305231506/tools/bin/../lib/gcc/arm-none-eabi/11.3.1/../../../../arm-none-eabi/lib/thumb/v7e-m+dp/hard/libc_nano.a(libc_a-stdio.o)
                0x000000000800b4ea                __sclose
 .text.memset   0x000000000800b4f2       0x10 /opt/st/stm32cubeide_1.13.0/plugins/com.st.stm32cube.ide.mcu.externaltools.gnu-tools-for-stm32.11.3.rel1.linux64_1.1.0.202305231506/tools/bin/../lib/gcc/arm-none-eabi/11.3.1/../../../../arm-none-eabi/lib/thumb/v7e-m+dp/hard/libc_nano.a(libc_a-memset.o)
                0x000000000800b4f2                memset
 *fill*         0x000000000800b502        0x2 
 .text._localeconv_r
                0x000000000800b504        0x8 /opt/st/stm32cubeide_1.13.0/plugins/com.st.stm32cube.ide.mcu.externaltools.gnu-tools-for-stm32.11.3.rel1.linux64_1.1.0.202305231506/tools/bin/../lib/gcc/arm-none-eabi/11.3.1/../../../../arm-none-eabi/lib/thumb/v7e-m+dp/hard/libc_nano.a(libc_a-localeconv.o)
                0x000000000800b504                _localeconv_r
 .text._close_r
                0x000000000800b50c       0x20 /opt/st/stm32cubeide_1.13.0/plugins/com.st.stm32cube.ide.mcu.externaltools.gnu-tools-for-stm32.11.3.rel1.linux64_1.1.0.202305231506/tools/bin/../lib/gcc/arm-none-eabi/11.3.1/../../../../arm-none-eabi/lib/thumb/v7e-m+dp/hard/libc_nano.a(libc_a-closer.o)
                0x000000000800b50c                _close_r
 .text._lseek_r
                0x000000000800b52c       0x24 /opt/st/stm32cubeide_1.13.0/plugins/com.st.stm32cube.ide.mcu.externaltools.gnu-tools-for-stm32.11.3.rel1.linux64_1.1.0.202305231506/tools/bin/../lib/gcc/arm-none-eabi/11.3.1/../../../../arm-none-eabi/lib/thumb/v7e-m+dp/hard/libc_nano.a(libc_a-lseekr.o)
                0x000000000800b52c                _lseek_r
 .text._read_r  0x000000000800b550       0x24 /opt/st/stm32cubeide_1.13.0/plugins/com.st.stm32cube.ide.mcu.externaltools.gnu-tools-for-stm32.11.3.rel1.linux64_1.1.0.202305231506/tools/bin/../lib/gcc/arm-none-eabi/11.3.1/../../../../arm-none-eabi/lib/thumb/v7e-m+dp/hard/libc_nano.a(libc_a-readr.o)
                0x000000000800b550                _read_r
 .text._sbrk_r  0x000000000800b574       0x20 /opt/st/stm32cubeide_1.13.0/plugins/com.st.stm32cube.ide.mcu.externaltools.gnu-tools-for-stm32.11.3.rel1.linux64_1.1.0.202305231506/tools/bin/../lib/gcc/arm-none-eabi/11.3.1/../../../../arm-none-eabi/lib/thumb/v7e-m+dp/hard/libc_nano.a(libc_a-sbrkr.o)
                0x000000000800b574                _sbrk_r
 .text._write_r
                0x000000000800b594       0x24 /opt/st/stm32cubeide_1.13.0/plugins/com.st.stm32cube.ide.mcu.externaltools.gnu-tools-for-stm32.11.3.rel1.linux64_1.1.0.202305231506/tools/bin/../lib/gcc/arm-none-eabi/11.3.1/../../../../arm-none-eabi/lib/thumb/v7e-m+dp/hard/libc_nano.a(libc_a-writer.o)
                0x000000000800b594                _write_r
 .text.__errno  0x000000000800b5b8        0xc /opt/st/stm32cubeide_1.13.0/plugins/com.st.stm32cube.ide.mcu.externaltools.gnu-tools-for-stm32.11.3.rel1.linux64_1.1.0.202305231506/tools/bin/../lib/gcc/arm-none-eabi/11.3.1/../../../../arm-none-eabi/lib/thumb/v7e-m+dp/hard/libc_nano.a(libc_a-errno.o)
                0x000000000800b5b8                __errno
 .text.__libc_init_array
                0x000000000800b5c4       0x48 /opt/st/stm32cubeide_1.13.0/plugins/com.st.stm32cube.ide.mcu.externaltools.gnu-tools-for-stm32.11.3.rel1.linux64_1.1.0.202305231506/tools/bin/../lib/gcc/arm-none-eabi/11.3.1/../../../../arm-none-eabi/lib/thumb/v7e-m+dp/hard/libc_nano.a(libc_a-init.o)
                0x000000000800b5c4                __libc_init_array
 .text.__retarget_lock_acquire_recursive
                0x000000000800b60c        0x2 /opt/st/stm32cubeide_1.13.0/plugins/com.st.stm32cube.ide.mcu.externaltools.gnu-tools-for-stm32.11.3.rel1.linux64_1.1.0.202305231506/tools/bin/../lib/gcc/arm-none-eabi/11.3.1/../../../../arm-none-eabi/lib/thumb/v7e-m+dp/hard/libc_nano.a(libc_a-lock.o)
                0x000000000800b60c                __retarget_lock_acquire_recursive
 .text.__retarget_lock_release_recursive
                0x000000000800b60e        0x2 /opt/st/stm32cubeide_1.13.0/plugins/com.st.stm32cube.ide.mcu.externaltools.gnu-tools-for-stm32.11.3.rel1.linux64_1.1.0.202305231506/tools/bin/../lib/gcc/arm-none-eabi/11.3.1/../../../../arm-none-eabi/lib/thumb/v7e-m+dp/hard/libc_nano.a(libc_a-lock.o)
                0x000000000800b60e                __retarget_lock_release_recursive
 .text.quorem   0x000000000800b610      0x110 /opt/st/stm32cubeide_1.13.0/plugins/com.st.stm32cube.ide.mcu.externaltools.gnu-tools-for-stm32.11.3.rel1.linux64_1.1.0.202305231506/tools/bin/../lib/gcc/arm-none-eabi/11.3.1/../../../../arm-none-eabi/lib/thumb/v7e-m+dp/hard/libc_nano.a(libc_a-dtoa.o)
 .text._dtoa_r  0x000000000800b720      0xad8 /opt/st/stm32cubeide_1.13.0/plugins/com.st.stm32cube.ide.mcu.externaltools.gnu-tools-for-stm32.11.3.rel1.linux64_1.1.0.202305231506/tools/bin/../lib/gcc/arm-none-eabi/11.3.1/../../../../arm-none-eabi/lib/thumb/v7e-m+dp/hard/libc_nano.a(libc_a-dtoa.o)
                0x000000000800b720                _dtoa_r
 .text._free_r  0x000000000800c1f8       0x98 /opt/st/stm32cubeide_1.13.0/plugins/com.st.stm32cube.ide.mcu.externaltools.gnu-tools-for-stm32.11.3.rel1.linux64_1.1.0.202305231506/tools/bin/../lib/gcc/arm-none-eabi/11.3.1/../../../../arm-none-eabi/lib/thumb/v7e-m+dp/hard/libc_nano.a(libc_a-freer.o)
                0x000000000800c1f8                _free_r
 .text._Balloc  0x000000000800c290       0x80 /opt/st/stm32cubeide_1.13.0/plugins/com.st.stm32cube.ide.mcu.externaltools.gnu-tools-for-stm32.11.3.rel1.linux64_1.1.0.202305231506/tools/bin/../lib/gcc/arm-none-eabi/11.3.1/../../../../arm-none-eabi/lib/thumb/v7e-m+dp/hard/libc_nano.a(libc_a-mprec.o)
                0x000000000800c290                _Balloc
 .text._Bfree   0x000000000800c310       0x44 /opt/st/stm32cubeide_1.13.0/plugins/com.st.stm32cube.ide.mcu.externaltools.gnu-tools-for-stm32.11.3.rel1.linux64_1.1.0.202305231506/tools/bin/../lib/gcc/arm-none-eabi/11.3.1/../../../../arm-none-eabi/lib/thumb/v7e-m+dp/hard/libc_nano.a(libc_a-mprec.o)
                0x000000000800c310                _Bfree
 .text.__multadd
                0x000000000800c354       0x8c /opt/st/stm32cubeide_1.13.0/plugins/com.st.stm32cube.ide.mcu.externaltools.gnu-tools-for-stm32.11.3.rel1.linux64_1.1.0.202305231506/tools/bin/../lib/gcc/arm-none-eabi/11.3.1/../../../../arm-none-eabi/lib/thumb/v7e-m+dp/hard/libc_nano.a(libc_a-mprec.o)
                0x000000000800c354                __multadd
 .text.__hi0bits
                0x000000000800c3e0       0x40 /opt/st/stm32cubeide_1.13.0/plugins/com.st.stm32cube.ide.mcu.externaltools.gnu-tools-for-stm32.11.3.rel1.linux64_1.1.0.202305231506/tools/bin/../lib/gcc/arm-none-eabi/11.3.1/../../../../arm-none-eabi/lib/thumb/v7e-m+dp/hard/libc_nano.a(libc_a-mprec.o)
                0x000000000800c3e0                __hi0bits
 .text.__lo0bits
                0x000000000800c420       0x5a /opt/st/stm32cubeide_1.13.0/plugins/com.st.stm32cube.ide.mcu.externaltools.gnu-tools-for-stm32.11.3.rel1.linux64_1.1.0.202305231506/tools/bin/../lib/gcc/arm-none-eabi/11.3.1/../../../../arm-none-eabi/lib/thumb/v7e-m+dp/hard/libc_nano.a(libc_a-mprec.o)
                0x000000000800c420                __lo0bits
 *fill*         0x000000000800c47a        0x2 
 .text.__i2b    0x000000000800c47c       0x2c /opt/st/stm32cubeide_1.13.0/plugins/com.st.stm32cube.ide.mcu.externaltools.gnu-tools-for-stm32.11.3.rel1.linux64_1.1.0.202305231506/tools/bin/../lib/gcc/arm-none-eabi/11.3.1/../../../../arm-none-eabi/lib/thumb/v7e-m+dp/hard/libc_nano.a(libc_a-mprec.o)
                0x000000000800c47c                __i2b
 .text.__multiply
                0x000000000800c4a8      0x154 /opt/st/stm32cubeide_1.13.0/plugins/com.st.stm32cube.ide.mcu.externaltools.gnu-tools-for-stm32.11.3.rel1.linux64_1.1.0.202305231506/tools/bin/../lib/gcc/arm-none-eabi/11.3.1/../../../../arm-none-eabi/lib/thumb/v7e-m+dp/hard/libc_nano.a(libc_a-mprec.o)
                0x000000000800c4a8                __multiply
 .text.__pow5mult
                0x000000000800c5fc       0xb4 /opt/st/stm32cubeide_1.13.0/plugins/com.st.stm32cube.ide.mcu.externaltools.gnu-tools-for-stm32.11.3.rel1.linux64_1.1.0.202305231506/tools/bin/../lib/gcc/arm-none-eabi/11.3.1/../../../../arm-none-eabi/lib/thumb/v7e-m+dp/hard/libc_nano.a(libc_a-mprec.o)
                0x000000000800c5fc                __pow5mult
 .text.__lshift
                0x000000000800c6b0       0xd8 /opt/st/stm32cubeide_1.13.0/plugins/com.st.stm32cube.ide.mcu.externaltools.gnu-tools-for-stm32.11.3.rel1.linux64_1.1.0.202305231506/tools/bin/../lib/gcc/arm-none-eabi/11.3.1/../../../../arm-none-eabi/lib/thumb/v7e-m+dp/hard/libc_nano.a(libc_a-mprec.o)
                0x000000000800c6b0                __lshift
 .text.__mcmp   0x000000000800c788       0x38 /opt/st/stm32cubeide_1.13.0/plugins/com.st.stm32cube.ide.mcu.externaltools.gnu-tools-for-stm32.11.3.rel1.linux64_1.1.0.202305231506/tools/bin/../lib/gcc/arm-none-eabi/11.3.1/../../../../arm-none-eabi/lib/thumb/v7e-m+dp/hard/libc_nano.a(libc_a-mprec.o)
                0x000000000800c788                __mcmp
 .text.__mdiff  0x000000000800c7c0      0x114 /opt/st/stm32cubeide_1.13.0/plugins/com.st.stm32cube.ide.mcu.externaltools.gnu-tools-for-stm32.11.3.rel1.linux64_1.1.0.202305231506/tools/bin/../lib/gcc/arm-none-eabi/11.3.1/../../../../arm-none-eabi/lib/thumb/v7e-m+dp/hard/libc_nano.a(libc_a-mprec.o)
                0x000000000800c7c0                __mdiff
 .text.__d2b    0x000000000800c8d4       0xb4 /opt/st/stm32cubeide_1.13.0/plugins/com.st.stm32cube.ide.mcu.externaltools.gnu-tools-for-stm32.11.3.rel1.linux64_1.1.0.202305231506/tools/bin/../lib/gcc/arm-none-eabi/11.3.1/../../../../arm-none-eabi/lib/thumb/v7e-m+dp/hard/libc_nano.a(libc_a-mprec.o)
                0x000000000800c8d4                __d2b
 .text.__ssputs_r
                0x000000000800c988       0xb4 /opt/st/stm32cubeide_1.13.0/plugins/com.st.stm32cube.ide.mcu.externaltools.gnu-tools-for-stm32.11.3.rel1.linux64_1.1.0.202305231506/tools/bin/../lib/gcc/arm-none-eabi/11.3.1/../../../../arm-none-eabi/lib/thumb/v7e-m+dp/hard/libc_nano.a(libc_a-nano-svfprintf.o)
                0x000000000800c988                __ssputs_r
 .text._svfprintf_r
                0x000000000800ca3c      0x1fc /opt/st/stm32cubeide_1.13.0/plugins/com.st.stm32cube.ide.mcu.externaltools.gnu-tools-for-stm32.11.3.rel1.linux64_1.1.0.202305231506/tools/bin/../lib/gcc/arm-none-eabi/11.3.1/../../../../arm-none-eabi/lib/thumb/v7e-m+dp/hard/libc_nano.a(libc_a-nano-svfprintf.o)
                0x000000000800ca3c                _svfprintf_r
                0x000000000800ca3c                _svfiprintf_r
 .text.__sflush_r
                0x000000000800cc38      0x10c /opt/st/stm32cubeide_1.13.0/plugins/com.st.stm32cube.ide.mcu.externaltools.gnu-tools-for-stm32.11.3.rel1.linux64_1.1.0.202305231506/tools/bin/../lib/gcc/arm-none-eabi/11.3.1/../../../../arm-none-eabi/lib/thumb/v7e-m+dp/hard/libc_nano.a(libc_a-fflush.o)
                0x000000000800cc38                __sflush_r
 .text._fflush_r
                0x000000000800cd44       0x50 /opt/st/stm32cubeide_1.13.0/plugins/com.st.stm32cube.ide.mcu.externaltools.gnu-tools-for-stm32.11.3.rel1.linux64_1.1.0.202305231506/tools/bin/../lib/gcc/arm-none-eabi/11.3.1/../../../../arm-none-eabi/lib/thumb/v7e-m+dp/hard/libc_nano.a(libc_a-fflush.o)
                0x000000000800cd44                _fflush_r
 .text.memmove  0x000000000800cd94       0x34 /opt/st/stm32cubeide_1.13.0/plugins/com.st.stm32cube.ide.mcu.externaltools.gnu-tools-for-stm32.11.3.rel1.linux64_1.1.0.202305231506/tools/bin/../lib/gcc/arm-none-eabi/11.3.1/../../../../arm-none-eabi/lib/thumb/v7e-m+dp/hard/libc_nano.a(libc_a-memmove.o)
                0x000000000800cd94                memmove
 .text.memcpy   0x000000000800cdc8       0x1c /opt/st/stm32cubeide_1.13.0/plugins/com.st.stm32cube.ide.mcu.externaltools.gnu-tools-for-stm32.11.3.rel1.linux64_1.1.0.202305231506/tools/bin/../lib/gcc/arm-none-eabi/11.3.1/../../../../arm-none-eabi/lib/thumb/v7e-m+dp/hard/libc_nano.a(libc_a-memcpy-stub.o)
                0x000000000800cdc8                memcpy
 .text.__assert_func
                0x000000000800cde4       0x3c /opt/st/stm32cubeide_1.13.0/plugins/com.st.stm32cube.ide.mcu.externaltools.gnu-tools-for-stm32.11.3.rel1.linux64_1.1.0.202305231506/tools/bin/../lib/gcc/arm-none-eabi/11.3.1/../../../../arm-none-eabi/lib/thumb/v7e-m+dp/hard/libc_nano.a(libc_a-assert.o)
                0x000000000800cde4                __assert_func
 .text._calloc_r
                0x000000000800ce20       0x2c /opt/st/stm32cubeide_1.13.0/plugins/com.st.stm32cube.ide.mcu.externaltools.gnu-tools-for-stm32.11.3.rel1.linux64_1.1.0.202305231506/tools/bin/../lib/gcc/arm-none-eabi/11.3.1/../../../../arm-none-eabi/lib/thumb/v7e-m+dp/hard/libc_nano.a(libc_a-callocr.o)
                0x000000000800ce20                _calloc_r
 .text.__ascii_mbtowc
                0x000000000800ce4c       0x24 /opt/st/stm32cubeide_1.13.0/plugins/com.st.stm32cube.ide.mcu.externaltools.gnu-tools-for-stm32.11.3.rel1.linux64_1.1.0.202305231506/tools/bin/../lib/gcc/arm-none-eabi/11.3.1/../../../../arm-none-eabi/lib/thumb/v7e-m+dp/hard/libc_nano.a(libc_a-mbtowc_r.o)
                0x000000000800ce4c                __ascii_mbtowc
 .text._realloc_r
                0x000000000800ce70       0x5e /opt/st/stm32cubeide_1.13.0/plugins/com.st.stm32cube.ide.mcu.externaltools.gnu-tools-for-stm32.11.3.rel1.linux64_1.1.0.202305231506/tools/bin/../lib/gcc/arm-none-eabi/11.3.1/../../../../arm-none-eabi/lib/thumb/v7e-m+dp/hard/libc_nano.a(libc_a-reallocr.o)
                0x000000000800ce70                _realloc_r
 .text.__ascii_wctomb
                0x000000000800cece       0x1a /opt/st/stm32cubeide_1.13.0/plugins/com.st.stm32cube.ide.mcu.externaltools.gnu-tools-for-stm32.11.3.rel1.linux64_1.1.0.202305231506/tools/bin/../lib/gcc/arm-none-eabi/11.3.1/../../../../arm-none-eabi/lib/thumb/v7e-m+dp/hard/libc_nano.a(libc_a-wctomb_r.o)
                0x000000000800cece                __ascii_wctomb
 .text.fprintf  0x000000000800cee8       0x24 /opt/st/stm32cubeide_1.13.0/plugins/com.st.stm32cube.ide.mcu.externaltools.gnu-tools-for-stm32.11.3.rel1.linux64_1.1.0.202305231506/tools/bin/../lib/gcc/arm-none-eabi/11.3.1/../../../../arm-none-eabi/lib/thumb/v7e-m+dp/hard/libc_nano.a(libc_a-fprintf.o)
                0x000000000800cee8                fprintf
                0x000000000800cee8                fiprintf
 .text.abort    0x000000000800cf0c        0xe /opt/st/stm32cubeide_1.13.0/plugins/com.st.stm32cube.ide.mcu.externaltools.gnu-tools-for-stm32.11.3.rel1.linux64_1.1.0.202305231506/tools/bin/../lib/gcc/arm-none-eabi/11.3.1/../../../../arm-none-eabi/lib/thumb/v7e-m+dp/hard/libc_nano.a(libc_a-abort.o)
                0x000000000800cf0c                abort
 .text._malloc_usable_size_r
                0x000000000800cf1a       0x10 /opt/st/stm32cubeide_1.13.0/plugins/com.st.stm32cube.ide.mcu.externaltools.gnu-tools-for-stm32.11.3.rel1.linux64_1.1.0.202305231506/tools/bin/../lib/gcc/arm-none-eabi/11.3.1/../../../../arm-none-eabi/lib/thumb/v7e-m+dp/hard/libc_nano.a(libc_a-msizer.o)
                0x000000000800cf1a                _malloc_usable_size_r
 .text.__sfputc_r
                0x000000000800cf2a       0x2e /opt/st/stm32cubeide_1.13.0/plugins/com.st.stm32cube.ide.mcu.externaltools.gnu-tools-for-stm32.11.3.rel1.linux64_1.1.0.202305231506/tools/bin/../lib/gcc/arm-none-eabi/11.3.1/../../../../arm-none-eabi/lib/thumb/v7e-m+dp/hard/libc_nano.a(libc_a-nano-vfprintf.o)
 .text.__sfputs_r
                0x000000000800cf58       0x24 /opt/st/stm32cubeide_1.13.0/plugins/com.st.stm32cube.ide.mcu.externaltools.gnu-tools-for-stm32.11.3.rel1.linux64_1.1.0.202305231506/tools/bin/../lib/gcc/arm-none-eabi/11.3.1/../../../../arm-none-eabi/lib/thumb/v7e-m+dp/hard/libc_nano.a(libc_a-nano-vfprintf.o)
                0x000000000800cf58                __sfputs_r
 .text._vfprintf_r
                0x000000000800cf7c      0x234 /opt/st/stm32cubeide_1.13.0/plugins/com.st.stm32cube.ide.mcu.externaltools.gnu-tools-for-stm32.11.3.rel1.linux64_1.1.0.202305231506/tools/bin/../lib/gcc/arm-none-eabi/11.3.1/../../../../arm-none-eabi/lib/thumb/v7e-m+dp/hard/libc_nano.a(libc_a-nano-vfprintf.o)
                0x000000000800cf7c                _vfiprintf_r
                0x000000000800cf7c                _vfprintf_r
 .text.__swbuf_r
                0x000000000800d1b0       0x7a /opt/st/stm32cubeide_1.13.0/plugins/com.st.stm32cube.ide.mcu.externaltools.gnu-tools-for-stm32.11.3.rel1.linux64_1.1.0.202305231506/tools/bin/../lib/gcc/arm-none-eabi/11.3.1/../../../../arm-none-eabi/lib/thumb/v7e-m+dp/hard/libc_nano.a(libc_a-wbuf.o)
                0x000000000800d1b0                __swbuf_r
 *fill*         0x000000000800d22a        0x2 
 .text.__swsetup_r
                0x000000000800d22c       0xb0 /opt/st/stm32cubeide_1.13.0/plugins/com.st.stm32cube.ide.mcu.externaltools.gnu-tools-for-stm32.11.3.rel1.linux64_1.1.0.202305231506/tools/bin/../lib/gcc/arm-none-eabi/11.3.1/../../../../arm-none-eabi/lib/thumb/v7e-m+dp/hard/libc_nano.a(libc_a-wsetup.o)
                0x000000000800d22c                __swsetup_r
 .text._raise_r
                0x000000000800d2dc       0x50 /opt/st/stm32cubeide_1.13.0/plugins/com.st.stm32cube.ide.mcu.externaltools.gnu-tools-for-stm32.11.3.rel1.linux64_1.1.0.202305231506/tools/bin/../lib/gcc/arm-none-eabi/11.3.1/../../../../arm-none-eabi/lib/thumb/v7e-m+dp/hard/libc_nano.a(libc_a-signal.o)
                0x000000000800d2dc                _raise_r
 .text.raise    0x000000000800d32c       0x10 /opt/st/stm32cubeide_1.13.0/plugins/com.st.stm32cube.ide.mcu.externaltools.gnu-tools-for-stm32.11.3.rel1.linux64_1.1.0.202305231506/tools/bin/../lib/gcc/arm-none-eabi/11.3.1/../../../../arm-none-eabi/lib/thumb/v7e-m+dp/hard/libc_nano.a(libc_a-signal.o)
                0x000000000800d32c                raise
 .text._kill_r  0x000000000800d33c       0x24 /opt/st/stm32cubeide_1.13.0/plugins/com.st.stm32cube.ide.mcu.externaltools.gnu-tools-for-stm32.11.3.rel1.linux64_1.1.0.202305231506/tools/bin/../lib/gcc/arm-none-eabi/11.3.1/../../../../arm-none-eabi/lib/thumb/v7e-m+dp/hard/libc_nano.a(libc_a-signalr.o)
                0x000000000800d33c                _kill_r
 .text._getpid_r
                0x000000000800d360        0x4 /opt/st/stm32cubeide_1.13.0/plugins/com.st.stm32cube.ide.mcu.externaltools.gnu-tools-for-stm32.11.3.rel1.linux64_1.1.0.202305231506/tools/bin/../lib/gcc/arm-none-eabi/11.3.1/../../../../arm-none-eabi/lib/thumb/v7e-m+dp/hard/libc_nano.a(libc_a-signalr.o)
                0x000000000800d360                _getpid_r
 .text.__swhatbuf_r
                0x000000000800d364       0x4c /opt/st/stm32cubeide_1.13.0/plugins/com.st.stm32cube.ide.mcu.externaltools.gnu-tools-for-stm32.11.3.rel1.linux64_1.1.0.202305231506/tools/bin/../lib/gcc/arm-none-eabi/11.3.1/../../../../arm-none-eabi/lib/thumb/v7e-m+dp/hard/libc_nano.a(libc_a-makebuf.o)
                0x000000000800d364                __swhatbuf_r
 .text.__smakebuf_r
                0x000000000800d3b0       0x78 /opt/st/stm32cubeide_1.13.0/plugins/com.st.stm32cube.ide.mcu.externaltools.gnu-tools-for-stm32.11.3.rel1.linux64_1.1.0.202305231506/tools/bin/../lib/gcc/arm-none-eabi/11.3.1/../../../../arm-none-eabi/lib/thumb/v7e-m+dp/hard/libc_nano.a(libc_a-makebuf.o)
                0x000000000800d3b0                __smakebuf_r
 .text._fstat_r
                0x000000000800d428       0x24 /opt/st/stm32cubeide_1.13.0/plugins/com.st.stm32cube.ide.mcu.externaltools.gnu-tools-for-stm32.11.3.rel1.linux64_1.1.0.202305231506/tools/bin/../lib/gcc/arm-none-eabi/11.3.1/../../../../arm-none-eabi/lib/thumb/v7e-m+dp/hard/libc_nano.a(libc_a-fstatr.o)
                0x000000000800d428                _fstat_r
 .text._isatty_r
                0x000000000800d44c       0x20 /opt/st/stm32cubeide_1.13.0/plugins/com.st.stm32cube.ide.mcu.externaltools.gnu-tools-for-stm32.11.3.rel1.linux64_1.1.0.202305231506/tools/bin/../lib/gcc/arm-none-eabi/11.3.1/../../../../arm-none-eabi/lib/thumb/v7e-m+dp/hard/libc_nano.a(libc_a-isattyr.o)
                0x000000000800d44c                _isatty_r
 .text.sqrtf    0x000000000800d46c       0x3c /opt/st/stm32cubeide_1.13.0/plugins/com.st.stm32cube.ide.mcu.externaltools.gnu-tools-for-stm32.11.3.rel1.linux64_1.1.0.202305231506/tools/bin/../lib/gcc/arm-none-eabi/11.3.1/../../../../arm-none-eabi/lib/thumb/v7e-m+dp/hard/libm.a(libm_a-wf_sqrt.o)
                0x000000000800d46c                sqrtf
 .text.__ieee754_sqrtf
                0x000000000800d4a8        0x6 /opt/st/stm32cubeide_1.13.0/plugins/com.st.stm32cube.ide.mcu.externaltools.gnu-tools-for-stm32.11.3.rel1.linux64_1.1.0.202305231506/tools/bin/../lib/gcc/arm-none-eabi/11.3.1/../../../../arm-none-eabi/lib/thumb/v7e-m+dp/hard/libm.a(libm_a-ef_sqrt.o)
                0x000000000800d4a8                __ieee754_sqrtf
 *(.glue_7)
 .glue_7        0x000000000800d4ae        0x0 linker stubs
 *(.glue_7t)
 .glue_7t       0x000000000800d4ae        0x0 linker stubs
 *(.eh_frame)
 *fill*         0x000000000800d4ae        0x2 
 .eh_frame      0x000000000800d4b0        0x0 /opt/st/stm32cubeide_1.13.0/plugins/com.st.stm32cube.ide.mcu.externaltools.gnu-tools-for-stm32.11.3.rel1.linux64_1.1.0.202305231506/tools/bin/../lib/gcc/arm-none-eabi/11.3.1/thumb/v7e-m+dp/hard/crtbegin.o
 *(.init)
 .init          0x000000000800d4b0        0x4 /opt/st/stm32cubeide_1.13.0/plugins/com.st.stm32cube.ide.mcu.externaltools.gnu-tools-for-stm32.11.3.rel1.linux64_1.1.0.202305231506/tools/bin/../lib/gcc/arm-none-eabi/11.3.1/thumb/v7e-m+dp/hard/crti.o