Archive member included to satisfy reference by file (symbol)

/opt/st/stm32cubeide_1.13.0/plugins/com.st.stm32cube.ide.mcu.externaltools.gnu-tools-for-stm32.11.3.rel1.linux64_1.1.0.202305231506/tools/bin/../lib/gcc/arm-none-eabi/11.3.1/../../../../arm-none-eabi/lib/thumb/v7e-m+dp/hard/libc_nano.a(libc_a-exit.o)
                              /opt/st/stm32cubeide_1.13.0/plugins/com.st.stm32cube.ide.mcu.externaltools.gnu-tools-for-stm32.11.3.rel1.linux64_1.1.0.202305231506/tools/bin/../lib/gcc/arm-none-eabi/11.3.1/../../../../arm-none-eabi/lib/thumb/v7e-m+dp/hard/crt0.o (exit)
/opt/st/stm32cubeide_1.13.0/plugins/com.st.stm32cube.ide.mcu.externaltools.gnu-tools-for-stm32.11.3.rel1.linux64_1.1.0.202305231506/tools/bin/../lib/gcc/arm-none-eabi/11.3.1/../../../../arm-none-eabi/lib/thumb/v7e-m+dp/hard/libc_nano.a(libc_a-findfp.o)
                              /opt/st/stm32cubeide_1.13.0/plugins/com.st.stm32cube.ide.mcu.externaltools.gnu-tools-for-stm32.11.3.rel1.linux64_1.1.0.202305231506/tools/bin/../lib/gcc/arm-none-eabi/11.3.1/../../../../arm-none-eabi/lib/thumb/v7e-m+dp/hard/libc_nano.a(libc_a-exit.o) (__stdio_exit_handler)
/opt/st/stm32cubeide_1.13.0/plugins/com.st.stm32cube.ide.mcu.externaltools.gnu-tools-for-stm32.11.3.rel1.linux64_1.1.0.202305231506/tools/bin/../lib/gcc/arm-none-eabi/11.3.1/../../../../arm-none-eabi/lib/thumb/v7e-m+dp/hard/libc_nano.a(libc_a-fwalk.o)
                              /opt/st/stm32cubeide_1.13.0/plugins/com.st.stm32cube.ide.mcu.externaltools.gnu-tools-for-stm32.11.3.rel1.linux64_1.1.0.202305231506/tools/bin/../lib/gcc/arm-none-eabi/11.3.1/../../../../arm-none-eabi/lib/thumb/v7e-m+dp/hard/libc_nano.a(libc_a-findfp.o) (_fwalk_sglue)
/opt/st/stm32cubeide_1.13.0/plugins/com.st.stm32cube.ide.mcu.externaltools.gnu-tools-for-stm32.11.3.rel1.linux64_1.1.0.202305231506/tools/bin/../lib/gcc/arm-none-eabi/11.3.1/../../../../arm-none-eabi/lib/thumb/v7e-m+dp/hard/libc_nano.a(libc_a-stdio.o)
                              /opt/st/stm32cubeide_1.13.0/plugins/com.st.stm32cube.ide.mcu.externaltools.gnu-tools-for-stm32.11.3.rel1.linux64_1.1.0.202305231506/tools/bin/../lib/gcc/arm-none-eabi/11.3.1/../../../../arm-none-eabi/lib/thumb/v7e-m+dp/hard/libc_nano.a(libc_a-findfp.o) (__sread)
/opt/st/stm32cubeide_1.13.0/plugins/com.st.stm32cube.ide.mcu.externaltools.gnu-tools-for-stm32.11.3.rel1.linux64_1.1.0.202305231506/tools/bin/../lib/gcc/arm-none-eabi/11.3.1/../../../../arm-none-eabi/lib/thumb/v7e-m+dp/hard/libc_nano.a(libc_a-memset.o)
                              /opt/st/stm32cubeide_1.13.0/plugins/com.st.stm32cube.ide.mcu.externaltools.gnu-tools-for-stm32.11.3.rel1.linux64_1.1.0.202305231506/tools/bin/../lib/gcc/arm-none-eabi/11.3.1/../../../../arm-none-eabi/lib/thumb/v7e-m+dp/hard/crt0.o (memset)
/opt/st/stm32cubeide_1.13.0/plugins/com.st.stm32cube.ide.mcu.externaltools.gnu-tools-for-stm32.11.3.rel1.linux64_1.1.0.202305231506/tools/bin/../lib/gcc/arm-none-eabi/11.3.1/../../../../arm-none-eabi/lib/thumb/v7e-m+dp/hard/libc_nano.a(libc_a-closer.o)
                              /opt/st/stm32cubeide_1.13.0/plugins/com.st.stm32cube.ide.mcu.externaltools.gnu-tools-for-stm32.11.3.rel1.linux64_1.1.0.202305231506/tools/bin/../lib/gcc/arm-none-eabi/11.3.1/../../../../arm-none-eabi/lib/thumb/v7e-m+dp/hard/libc_nano.a(libc_a-stdio.o) (_close_r)
/opt/st/stm32cubeide_1.13.0/plugins/com.st.stm32cube.ide.mcu.externaltools.gnu-tools-for-stm32.11.3.rel1.linux64_1.1.0.202305231506/tools/bin/../lib/gcc/arm-none-eabi/11.3.1/../../../../arm-none-eabi/lib/thumb/v7e-m+dp/hard/libc_nano.a(libc_a-reent.o)
                              /opt/st/stm32cubeide_1.13.0/plugins/com.st.stm32cube.ide.mcu.externaltools.gnu-tools-for-stm32.11.3.rel1.linux64_1.1.0.202305231506/tools/bin/../lib/gcc/arm-none-eabi/11.3.1/../../../../arm-none-eabi/lib/thumb/v7e-m+dp/hard/libc_nano.a(libc_a-closer.o) (errno)
/opt/st/stm32cubeide_1.13.0/plugins/com.st.stm32cube.ide.mcu.externaltools.gnu-tools-for-stm32.11.3.rel1.linux64_1.1.0.202305231506/tools/bin/../lib/gcc/arm-none-eabi/11.3.1/../../../../arm-none-eabi/lib/thumb/v7e-m+dp/hard/libc_nano.a(libc_a-impure.o)
                              /opt/st/stm32cubeide_1.13.0/plugins/com.st.stm32cube.ide.mcu.externaltools.gnu-tools-for-stm32.11.3.rel1.linux64_1.1.0.202305231506/tools/bin/../lib/gcc/arm-none-eabi/11.3.1/../../../../arm-none-eabi/lib/thumb/v7e-m+dp/hard/libc_nano.a(libc_a-reent.o) (_impure_ptr)
/opt/st/stm32cubeide_1.13.0/plugins/com.st.stm32cube.ide.mcu.externaltools.gnu-tools-for-stm32.11.3.rel1.linux64_1.1.0.202305231506/tools/bin/../lib/gcc/arm-none-eabi/11.3.1/../../../../arm-none-eabi/lib/thumb/v7e-m+dp/hard/libc_nano.a(libc_a-lseekr.o)
                              /opt/st/stm32cubeide_1.13.0/plugins/com.st.stm32cube.ide.mcu.externaltools.gnu-tools-for-stm32.11.3.rel1.linux64_1.1.0.202305231506/tools/bin/../lib/gcc/arm-none-eabi/11.3.1/../../../../arm-none-eabi/lib/thumb/v7e-m+dp/hard/libc_nano.a(libc_a-stdio.o) (_lseek_r)
[...]
Memory Configuration

Name             Origin             Length             Attributes
ITCMRAM          0x0000000000000000 0x0000000000010000 xrw
DTCMRAM          0x0000000020000000 0x0000000000020000 xrw
FLASH            0x0000000008000000 0x0000000000100000 xr
RAM_D1           0x0000000024000000 0x0000000000050000 xrw
RAM_D2           0x0000000030000000 0x0000000000008000 xrw
RAM_D3           0x0000000038000000 0x0000000000004000 xrw
*default*        0x0000000000000000 0xffffffffffffffff

Linker script and memory map

LOAD /opt/st/stm32cubeide_1.13.0/plugins/com.st.stm32cube.ide.mcu.externaltools.gnu-tools-for-stm32.11.3.rel1.linux64_1.1.0.202305231506/tools/bin/../lib/gcc/arm-none-eabi/11.3.1/thumb/v7e-m+dp/hard/crti.o
LOAD /opt/st/stm32cubeide_1.13.0/plugins/com.st.stm32cube.ide.mcu.externaltools.gnu-tools-for-stm32.11.3.rel1.linux64_1.1.0.202305231506/tools/bin/../lib/gcc/arm-none-eabi/11.3.1/thumb/v7e-m+dp/hard/crtbegin.o
LOAD /opt/st/stm32cubeide_1.13.0/plugins/com.st.stm32cube.ide.mcu.externaltools.gnu-tools-for-stm32.11.3.rel1.linux64_1.1.0.202305231506/tools/bin/../lib/gcc/arm-none-eabi/11.3.1/../../../../arm-none-eabi/lib/thumb/v7e-m+dp/hard/crt0.o
LOAD ./Core/Src/dma.o
LOAD ./Core/Src/eth.o
LOAD ./Core/Src/gpio.o
LOAD ./Core/Src/main.o
LOAD ./Core/Src/spi.o
LOAD ./Core/Src/stm32h7xx_hal_msp.o
LOAD ./Core/Src/stm32h7xx_it.o
LOAD ./Core/Src/syscalls.o
LOAD ./Core/Src/sysmem.o
LOAD ./Core/Src/system_stm32h7xx.o
LOAD ./Core/Src/tim.o
LOAD ./Core/Src/usart.o
LOAD ./Core/Src/usb_otg.o
LOAD ./Core/Startup/startup_stm32h723zgtx.o
LOAD ./Drivers/STM32H7xx_HAL_Driver/Src/stm32h7xx_hal.o
LOAD ./Drivers/STM32H7xx_HAL_Driver/Src/stm32h7xx_hal_cortex.o
LOAD ./Drivers/STM32H7xx_HAL_Driver/Src/stm32h7xx_hal_dma.o
LOAD ./Drivers/STM32H7xx_HAL_Driver/Src/stm32h7xx_hal_dma_ex.o
LOAD ./Drivers/STM32H7xx_HAL_Driver/Src/stm32h7xx_hal_eth.o
LOAD ./Drivers/STM32H7xx_HAL_Driver/Src/stm32h7xx_hal_eth_ex.o
LOAD ./Drivers/STM32H7xx_HAL_Driver/Src/stm32h7xx_hal_exti.o
LOAD ./Drivers/STM32H7xx_HAL_Driver/Src/stm32h7xx_hal_flash.o
LOAD ./Drivers/STM32H7xx_HAL_Driver/Src/stm32h7xx_hal_flash_ex.o
LOAD ./Drivers/STM32H7xx_HAL_Driver/Src/stm32h7xx_hal_gpio.o
LOAD ./Drivers/STM32H7xx_HAL_Driver/Src/stm32h7xx_hal_hsem.o
LOAD ./Drivers/STM32H7xx_HAL_Driver/Src/stm32h7xx_hal_i2c.o
LOAD ./Drivers/STM32H7xx_HAL_Driver/Src/stm32h7xx_hal_i2c_ex.o
LOAD ./Drivers/STM32H7xx_HAL_Driver/Src/stm32h7xx_hal_mdma.o
LOAD ./Drivers/STM32H7xx_HAL_Driver/Src/stm32h7xx_hal_pwr.o
LOAD ./Drivers/STM32H7xx_HAL_Driver/Src/stm32h7xx_hal_pwr_ex.o
LOAD ./Drivers/STM32H7xx_HAL_Driver/Src/stm32h7xx_hal_rcc.o
LOAD ./Drivers/STM32H7xx_HAL_Driver/Src/stm32h7xx_hal_rcc_ex.o
LOAD ./Drivers/STM32H7xx_HAL_Driver/Src/stm32h7xx_hal_spi.o
LOAD ./Drivers/STM32H7xx_HAL_Driver/Src/stm32h7xx_hal_spi_ex.o
LOAD ./Drivers/STM32H7xx_HAL_Driver/Src/stm32h7xx_hal_tim.o
LOAD ./Drivers/STM32H7xx_HAL_Driver/Src/stm32h7xx_hal_tim_ex.o
LOAD ./Drivers/STM32H7xx_HAL_Driver/Src/stm32h7xx_hal_uart.o
LOAD ./Drivers/STM32H7xx_HAL_Driver/Src/stm32h7xx_hal_uart_ex.o
START GROUP
LOAD /opt/st/stm32cubeide_1.13.0/plugins/com.st.stm32cube.ide.mcu.externaltools.gnu-tools-for-stm32.11.3.rel1.linux64_1.1.0.202305231506/tools/bin/../lib/gcc/arm-none-eabi/11.3.1/../../../../arm-none-eabi/lib/thumb/v7e-m+dp/hard/libc_nano.a
LOAD /opt/st/stm32cubeide_1.13.0/plugins/com.st.stm32cube.ide.mcu.externaltools.gnu-tools-for-stm32.11.3.rel1.linux64_1.1.0.202305231506/tools/bin/../lib/gcc/arm-none-eabi/11.3.1/../../../../arm-none-eabi/lib/thumb/v7e-m+dp/hard/libm.a
END GROUP
START GROUP
LOAD /opt/st/stm32cubeide_1.13.0/plugins/com.st.stm32cube.ide.mcu.externaltools.gnu-tools-for-stm32.11.3.rel1.linux64_1.1.0.202305231506/tools/bin/../lib/gcc/arm-none-eabi/11.3.1/thumb/v7e-m+dp/hard/libgcc.a
LOAD /opt/st/stm32cubeide_1.13.0/plugins/com.st.stm32cube.ide.mcu.externaltools.gnu-tools-for-stm32.11.3.rel1.linux64_1.1.0.202305231506/tools/bin/../lib/gcc/arm-none-eabi/11.3.1/../../../../arm-none-eabi/lib/thumb/v7e-m+dp/hard/libc_nano.a
END GROUP
START GROUP
LOAD /opt/st/stm32cubeide_1.13.0/plugins/com.st.stm32cube.ide.mcu.externaltools.gnu-tools-for-stm32.11.3.rel1.linux64_1.1.0.202305231506/tools/bin/../lib/gcc/arm-none-eabi/11.3.1/thumb/v7e-m+dp/hard/libgcc.a
LOAD /opt/st/stm32cubeide_1.13.0/plugins/com.st.stm32cube.ide.mcu.externaltools.gnu-tools-for-stm32.11.3.rel1.linux64_1.1.0.202305231506/tools/bin/../lib/gcc/arm-none-eabi/11.3.1/../../../../arm-none-eabi/lib/thumb/v7e-m+dp/hard/libc_nano.a
LOAD /opt/st/stm32cubeide_1.13.0/plugins/com.st.stm32cube.ide.mcu.externaltools.gnu-tools-for-stm32.11.3.rel1.linux64_1.1.0.202305231506/tools/bin/../lib/gcc/arm-none-eabi/11.3.1/../../../../arm-none-eabi/lib/thumb/v7e-m+dp/hard/libnosys.a
END GROUP
START GROUP
LOAD /opt/st/stm32cubeide_1.13.0/plugins/com.st.stm32cube.ide.mcu.externaltools.gnu-tools-for-stm32.11.3.rel1.linux64_1.1.0.202305231506/tools/bin/../lib/gcc/arm-none-eabi/11.3.1/thumb/v7e-m+dp/hard/libgcc.a
LOAD /opt/st/stm32cubeide_1.13.0/plugins/com.st.stm32cube.ide.mcu.externaltools.gnu-tools-for-stm32.11.3.rel1.linux64_1.1.0.202305231506/tools/bin/../lib/gcc/arm-none-eabi/11.3.1/../../../../arm-none-eabi/lib/thumb/v7e-m+dp/hard/libc_nano.a
LOAD /opt/st/stm32cubeide_1.13.0/plugins/com.st.stm32cube.ide.mcu.externaltools.gnu-tools-for-stm32.11.3.rel1.linux64_1.1.0.202305231506/tools/bin/../lib/gcc/arm-none-eabi/11.3.1/../../../../arm-none-eabi/lib/thumb/v7e-m+dp/hard/libnosys.a
END GROUP
LOAD /opt/st/stm32cubeide_1.13.0/plugins/com.st.stm32cube.ide.mcu.externaltools.gnu-tools-for-stm32.11.3.rel1.linux64_1.1.0.202305231506/tools/bin/../lib/gcc/arm-none-eabi/11.3.1/thumb/v7e-m+dp/hard/crtend.o
LOAD /opt/st/stm32cubeide_1.13.0/plugins/com.st.stm32cube.ide.mcu.externaltools.gnu-tools-for-stm32.11.3.rel1.linux64_1.1.0.202305231506/tools/bin/../lib/gcc/arm-none-eabi/11.3.1/thumb/v7e-m+dp/hard/crtn.o
                0x0000000024050000                _estack = (ORIGIN (RAM_D1) + LENGTH (RAM_D1))
                0x0000000000000200                _Min_Heap_Size = 0x200
                0x0000000000000400                _Min_Stack_Size = 0x400

.isr_vector     0x0000000008000000      0x2cc
                0x0000000008000000                . = ALIGN (0x4)
 *(.isr_vector)
 .isr_vector    0x0000000008000000      0x2cc ./Core/Startup/startup_stm32h723zgtx.o
                0x0000000008000000                g_pfnVectors
                0x00000000080002cc                . = ALIGN (0x4)

.text           0x00000000080002cc     0xad64
                0x00000000080002cc                . = ALIGN (0x4)
 *(.text)
 .text          0x00000000080002cc       0x40 /opt/st/stm32cubeide_1.13.0/plugins/com.st.stm32cube.ide.mcu.externaltools.gnu-tools-for-stm32.11.3.rel1.linux64_1.1.0.202305231506/tools/bin/../lib/gcc/arm-none-eabi/11.3.1/thumb/v7e-m+dp/hard/crtbegin.o
 .text          0x000000000800030c       0x30 /opt/st/stm32cubeide_1.13.0/plugins/com.st.stm32cube.ide.mcu.externaltools.gnu-tools-for-stm32.11.3.rel1.linux64_1.1.0.202305231506/tools/bin/../lib/gcc/arm-none-eabi/11.3.1/thumb/v7e-m+dp/hard/libgcc.a(_aeabi_uldivmod.o)
                0x000000000800030c                __aeabi_uldivmod
 .text          0x000000000800033c      0x2c8 /opt/st/stm32cubeide_1.13.0/plugins/com.st.stm32cube.ide.mcu.externaltools.gnu-tools-for-stm32.11.3.rel1.linux64_1.1.0.202305231506/tools/bin/../lib/gcc/arm-none-eabi/11.3.1/thumb/v7e-m+dp/hard/libgcc.a(_udivmoddi4.o)
                0x000000000800033c                __udivmoddi4
 .text          0x0000000008000604        0x4 /opt/st/stm32cubeide_1.13.0/plugins/com.st.stm32cube.ide.mcu.externaltools.gnu-tools-for-stm32.11.3.rel1.linux64_1.1.0.202305231506/tools/bin/../lib/gcc/arm-none-eabi/11.3.1/thumb/v7e-m+dp/hard/libgcc.a(_dvmd_tls.o)
                0x0000000008000604                __aeabi_ldiv0
                0x0000000008000604                __aeabi_idiv0
 *(.text*)
 .text.MX_DMA_Init
                0x0000000008000608       0x40 ./Core/Src/dma.o
                0x0000000008000608                MX_DMA_Init
 .text.MX_ETH_Init
                0x0000000008000648       0x98 ./Core/Src/eth.o
                0x0000000008000648                MX_ETH_Init
 .text.HAL_ETH_MspInit
                0x00000000080006e0      0x19c ./Core/Src/eth.o
                0x00000000080006e0                HAL_ETH_MspInit
 .text.MX_GPIO_Init
                0x000000000800087c      0x26c ./Core/Src/gpio.o
                0x000000000800087c                MX_GPIO_Init
 .text.main     0x0000000008000ae8      0x13c ./Core/Src/main.o
                0x0000000008000ae8                main
 .text.SystemClock_Config
                0x0000000008000c24       0xe0 ./Core/Src/main.o
                0x0000000008000c24                SystemClock_Config
 .text.HAL_GPIO_EXTI_Callback
                0x0000000008000d04       0x16 ./Core/Src/main.o
                0x0000000008000d04                HAL_GPIO_EXTI_Callback
 .text.HAL_SPI_TxRxCpltCallback
                0x0000000008000d1a       0x14 ./Core/Src/main.o
                0x0000000008000d1a                HAL_SPI_TxRxCpltCallback
 *fill*         0x0000000008000d2e        0x2 
 .text.HAL_SPI_TxCpltCallback
                0x0000000008000d30       0x24 ./Core/Src/main.o
                0x0000000008000d30                HAL_SPI_TxCpltCallback
 .text.HAL_SPI_RxCpltCallback
                0x0000000008000d54       0x24 ./Core/Src/main.o
                0x0000000008000d54                HAL_SPI_RxCpltCallback
 .text.Error_Handler
                0x0000000008000d78        0xa ./Core/Src/main.o
                0x0000000008000d78                Error_Handler
 *fill*         0x0000000008000d82        0x2 
 .text.MX_SPI1_Init
                0x0000000008000d84       0xa0 ./Core/Src/spi.o
                0x0000000008000d84                MX_SPI1_Init
 .text.HAL_SPI_MspInit
                0x0000000008000e24      0x194 ./Core/Src/spi.o
                0x0000000008000e24                HAL_SPI_MspInit
 .text.HAL_MspInit
                0x0000000008000fb8       0x34 ./Core/Src/stm32h7xx_hal_msp.o
                0x0000000008000fb8                HAL_MspInit
 .text.NMI_Handler
                0x0000000008000fec        0x6 ./Core/Src/stm32h7xx_it.o
                0x0000000008000fec                NMI_Handler
 .text.HardFault_Handler
                0x0000000008000ff2        0x6 ./Core/Src/stm32h7xx_it.o
                0x0000000008000ff2                HardFault_Handler
 .text.MemManage_Handler
                0x0000000008000ff8        0x6 ./Core/Src/stm32h7xx_it.o
                0x0000000008000ff8                MemManage_Handler
 .text.BusFault_Handler
                0x0000000008000ffe        0x6 ./Core/Src/stm32h7xx_it.o
                0x0000000008000ffe                BusFault_Handler
 .text.UsageFault_Handler
                0x0000000008001004        0x6 ./Core/Src/stm32h7xx_it.o
                0x0000000008001004                UsageFault_Handler
 .text.SVC_Handler
                0x000000000800100a        0xe ./Core/Src/stm32h7xx_it.o
                0x000000000800100a                SVC_Handler
 .text.DebugMon_Handler
                0x0000000008001018        0xe ./Core/Src/stm32h7xx_it.o
                0x0000000008001018                DebugMon_Handler
 .text.PendSV_Handler
                0x0000000008001026        0xe ./Core/Src/stm32h7xx_it.o
                0x0000000008001026                PendSV_Handler
 .text.SysTick_Handler
                0x0000000008001034        0xc ./Core/Src/stm32h7xx_it.o
                0x0000000008001034                SysTick_Handler
 .text.DMA1_Stream0_IRQHandler
                0x0000000008001040       0x14 ./Core/Src/stm32h7xx_it.o
                0x0000000008001040                DMA1_Stream0_IRQHandler
 .text.SPI1_IRQHandler
                0x0000000008001054       0x14 ./Core/Src/stm32h7xx_it.o
                0x0000000008001054                SPI1_IRQHandler
 .text.EXTI15_10_IRQHandler
                0x0000000008001068       0x10 ./Core/Src/stm32h7xx_it.o
                0x0000000008001068                EXTI15_10_IRQHandler
 .text.SystemInit
                0x0000000008001078       0xf0 ./Core/Src/system_stm32h7xx.o
                0x0000000008001078                SystemInit
 .text.MX_TIM2_Init
                0x0000000008001168       0xb4 ./Core/Src/tim.o
                0x0000000008001168                MX_TIM2_Init
 .text.MX_TIM3_Init
                0x000000000800121c      0x108 ./Core/Src/tim.o
                0x000000000800121c                MX_TIM3_Init
 .text.MX_TIM8_Init
                0x0000000008001324      0x16c ./Core/Src/tim.o
                0x0000000008001324                MX_TIM8_Init
 .text.HAL_TIM_PWM_MspInit
                0x0000000008001490       0x40 ./Core/Src/tim.o
                0x0000000008001490                HAL_TIM_PWM_MspInit
 .text.HAL_TIM_Base_MspInit
                0x00000000080014d0       0x74 ./Core/Src/tim.o
                0x00000000080014d0                HAL_TIM_Base_MspInit
 .text.HAL_TIM_MspPostInit
                0x0000000008001544      0x114 ./Core/Src/tim.o
                0x0000000008001544                HAL_TIM_MspPostInit
 .text.MX_USART3_UART_Init
                0x0000000008001658       0x98 ./Core/Src/usart.o
                0x0000000008001658                MX_USART3_UART_Init
 .text.HAL_UART_MspInit
                0x00000000080016f0       0xd4 ./Core/Src/usart.o
                0x00000000080016f0                HAL_UART_MspInit
 .text.MX_USB_OTG_HS_USB_Init
                0x00000000080017c4        0xe ./Core/Src/usb_otg.o
                0x00000000080017c4                MX_USB_OTG_HS_USB_Init
 *fill*         0x00000000080017d2        0x2 
 .text.Reset_Handler
                0x00000000080017d4       0x50 ./Core/Startup/startup_stm32h723zgtx.o
                0x00000000080017d4                Reset_Handler
 .text.Default_Handler
                0x0000000008001824        0x2 ./Core/Startup/startup_stm32h723zgtx.o
                0x0000000008001824                RTC_Alarm_IRQHandler
                0x0000000008001824                EXTI2_IRQHandler
                0x0000000008001824                TIM8_CC_IRQHandler
                0x0000000008001824                UART8_IRQHandler
                0x0000000008001824                SPI4_IRQHandler
                0x0000000008001824                FDCAN3_IT0_IRQHandler
                0x0000000008001824                TIM1_CC_IRQHandler
                0x0000000008001824                BDMA_Channel6_IRQHandler
                0x0000000008001824                DMA2_Stream5_IRQHandler
                0x0000000008001824                DMA1_Stream5_IRQHandler
                0x0000000008001824                CORDIC_IRQHandler
                0x0000000008001824                BDMA_Channel1_IRQHandler
                0x0000000008001824                TAMP_STAMP_IRQHandler
                0x0000000008001824                EXTI3_IRQHandler
                0x0000000008001824                LPTIM4_IRQHandler
                0x0000000008001824                TIM8_TRG_COM_TIM14_IRQHandler
                0x0000000008001824                LPTIM2_IRQHandler
                0x0000000008001824                DFSDM1_FLT1_IRQHandler
                0x0000000008001824                DMAMUX2_OVR_IRQHandler
                0x0000000008001824                TIM8_UP_TIM13_IRQHandler
                0x0000000008001824                I2C3_ER_IRQHandler
                0x0000000008001824                DFSDM1_FLT2_IRQHandler
                0x0000000008001824                I2C5_EV_IRQHandler
                0x0000000008001824                USART10_IRQHandler
                0x0000000008001824                MDMA_IRQHandler
                0x0000000008001824                LPTIM3_IRQHandler
                0x0000000008001824                HSEM1_IRQHandler
                0x0000000008001824                EXTI0_IRQHandler
                0x0000000008001824                I2C2_EV_IRQHandler
                0x0000000008001824                DMA1_Stream2_IRQHandler
                0x0000000008001824                FPU_IRQHandler
                0x0000000008001824                OTG_HS_WKUP_IRQHandler
                0x0000000008001824                FDCAN1_IT1_IRQHandler
                0x0000000008001824                LTDC_ER_IRQHandler
                0x0000000008001824                DMA2_Stream2_IRQHandler
                0x0000000008001824                OCTOSPI1_IRQHandler
                0x0000000008001824                TIM6_DAC_IRQHandler
                0x0000000008001824                DMA2_Stream3_IRQHandler
                0x0000000008001824                OCTOSPI2_IRQHandler
                0x0000000008001824                DFSDM1_FLT3_IRQHandler
                0x0000000008001824                TIM23_IRQHandler
                0x0000000008001824                USART6_IRQHandler
                0x0000000008001824                TIM17_IRQHandler
                0x0000000008001824                USART3_IRQHandler
                0x0000000008001824                BDMA_Channel7_IRQHandler
                0x0000000008001824                LPTIM5_IRQHandler
                0x0000000008001824                UART5_IRQHandler
                0x0000000008001824                ADC3_IRQHandler
                0x0000000008001824                DMA2_Stream0_IRQHandler
                0x0000000008001824                TIM4_IRQHandler
                0x0000000008001824                BDMA_Channel2_IRQHandler
                0x0000000008001824                I2C1_EV_IRQHandler
                0x0000000008001824                DMA1_Stream6_IRQHandler
                0x0000000008001824                DMAMUX1_OVR_IRQHandler
                0x0000000008001824                DMA1_Stream1_IRQHandler
                0x0000000008001824                TIM16_IRQHandler
                0x0000000008001824                UART4_IRQHandler
                0x0000000008001824                BDMA_Channel5_IRQHandler
                0x0000000008001824                TIM3_IRQHandler
                0x0000000008001824                RCC_IRQHandler
                0x0000000008001824                UART9_IRQHandler
                0x0000000008001824                TIM8_BRK_TIM12_IRQHandler
                0x0000000008001824                TIM1_TRG_COM_IRQHandler
                0x0000000008001824                Default_Handler
                0x0000000008001824                ECC_IRQHandler
                0x0000000008001824                FMAC_IRQHandler
                0x0000000008001824                CEC_IRQHandler
                0x0000000008001824                BDMA_Channel0_IRQHandler
                0x0000000008001824                ADC_IRQHandler
                0x0000000008001824                I2C5_ER_IRQHandler
                0x0000000008001824                DMA1_Stream7_IRQHandler
                0x0000000008001824                SPI5_IRQHandler
                0x0000000008001824                TIM7_IRQHandler
                0x0000000008001824                FDCAN3_IT1_IRQHandler
                0x0000000008001824                SDMMC1_IRQHandler
                0x0000000008001824                TIM5_IRQHandler
                0x0000000008001824                DMA2_Stream7_IRQHandler
                0x0000000008001824                TIM15_IRQHandler
                0x0000000008001824                PVD_AVD_IRQHandler
                0x0000000008001824                I2C3_EV_IRQHandler
                0x0000000008001824                EXTI9_5_IRQHandler
                0x0000000008001824                RTC_WKUP_IRQHandler
                0x0000000008001824                LTDC_IRQHandler
                0x0000000008001824                ETH_WKUP_IRQHandler
                0x0000000008001824                SPDIF_RX_IRQHandler
                0x0000000008001824                SPI2_IRQHandler
                0x0000000008001824                OTG_HS_EP1_IN_IRQHandler
                0x0000000008001824                TIM24_IRQHandler
                0x0000000008001824                CRS_IRQHandler
                0x0000000008001824                EXTI4_IRQHandler
                0x0000000008001824                RNG_IRQHandler
                0x0000000008001824                FDCAN2_IT1_IRQHandler
                0x0000000008001824                ETH_IRQHandler
                0x0000000008001824                TIM1_UP_IRQHandler
                0x0000000008001824                BDMA_Channel4_IRQHandler
                0x0000000008001824                OTG_HS_EP1_OUT_IRQHandler
                0x0000000008001824                WWDG_IRQHandler
                0x0000000008001824                SPI6_IRQHandler
                0x0000000008001824                MDIOS_IRQHandler
                0x0000000008001824                I2C4_EV_IRQHandler
                0x0000000008001824                FDCAN2_IT0_IRQHandler
                0x0000000008001824                LPUART1_IRQHandler
                0x0000000008001824                FDCAN1_IT0_IRQHandler
                0x0000000008001824                TIM2_IRQHandler
                0x0000000008001824                OTG_HS_IRQHandler
                0x0000000008001824                DMA2D_IRQHandler
                0x0000000008001824                TIM1_BRK_IRQHandler
                0x0000000008001824                EXTI1_IRQHandler
                0x0000000008001824                SDMMC2_IRQHandler
                0x0000000008001824                BDMA_Channel3_IRQHandler
                0x0000000008001824                DTS_IRQHandler
                0x0000000008001824                UART7_IRQHandler
                0x0000000008001824                MDIOS_WKUP_IRQHandler
                0x0000000008001824                USART2_IRQHandler
                0x0000000008001824                DFSDM1_FLT0_IRQHandler
                0x0000000008001824                SAI4_IRQHandler
                0x0000000008001824                I2C2_ER_IRQHandler
                0x0000000008001824                DMA2_Stream1_IRQHandler
                0x0000000008001824                FLASH_IRQHandler
                0x0000000008001824                DMA2_Stream4_IRQHandler
                0x0000000008001824                USART1_IRQHandler
                0x0000000008001824                SPI3_IRQHandler
                0x0000000008001824                WAKEUP_PIN_IRQHandler
                0x0000000008001824                DMA1_Stream4_IRQHandler
                0x0000000008001824                I2C1_ER_IRQHandler
                0x0000000008001824                FMC_IRQHandler
                0x0000000008001824                FDCAN_CAL_IRQHandler
                0x0000000008001824                SWPMI1_IRQHandler
                0x0000000008001824                COMP1_IRQHandler
                0x0000000008001824                LPTIM1_IRQHandler
                0x0000000008001824                DCMI_PSSI_IRQHandler
                0x0000000008001824                I2C4_ER_IRQHandler
                0x0000000008001824                DMA2_Stream6_IRQHandler
                0x0000000008001824                SAI1_IRQHandler
                0x0000000008001824                DMA1_Stream3_IRQHandler
 *fill*         0x0000000008001826        0x2 
 .text.HAL_Init
                0x0000000008001828       0x78 ./Drivers/STM32H7xx_HAL_Driver/Src/stm32h7xx_hal.o
                0x0000000008001828                HAL_Init
 .text.HAL_InitTick
                0x00000000080018a0       0x6c ./Drivers/STM32H7xx_HAL_Driver/Src/stm32h7xx_hal.o
                0x00000000080018a0                HAL_InitTick
 .text.HAL_IncTick
                0x000000000800190c       0x28 ./Drivers/STM32H7xx_HAL_Driver/Src/stm32h7xx_hal.o
                0x000000000800190c                HAL_IncTick
 .text.HAL_GetTick
                0x0000000008001934       0x18 ./Drivers/STM32H7xx_HAL_Driver/Src/stm32h7xx_hal.o
                0x0000000008001934                HAL_GetTick
 .text.HAL_Delay
                0x000000000800194c       0x48 ./Drivers/STM32H7xx_HAL_Driver/Src/stm32h7xx_hal.o
                0x000000000800194c                HAL_Delay
 .text.HAL_SYSCFG_ETHInterfaceSelect
                0x0000000008001994       0x28 ./Drivers/STM32H7xx_HAL_Driver/Src/stm32h7xx_hal.o
                0x0000000008001994                HAL_SYSCFG_ETHInterfaceSelect
 .text.__NVIC_SetPriorityGrouping
                0x00000000080019bc       0x48 ./Drivers/STM32H7xx_HAL_Driver/Src/stm32h7xx_hal_cortex.o
 .text.__NVIC_GetPriorityGrouping
                0x0000000008001a04       0x1c ./Drivers/STM32H7xx_HAL_Driver/Src/stm32h7xx_hal_cortex.o
 .text.__NVIC_EnableIRQ
                0x0000000008001a20       0x3c ./Drivers/STM32H7xx_HAL_Driver/Src/stm32h7xx_hal_cortex.o
 .text.__NVIC_SetPriority
                0x0000000008001a5c       0x54 ./Drivers/STM32H7xx_HAL_Driver/Src/stm32h7xx_hal_cortex.o
 .text.NVIC_EncodePriority
                0x0000000008001ab0       0x66 ./Drivers/STM32H7xx_HAL_Driver/Src/stm32h7xx_hal_cortex.o
 *fill*         0x0000000008001b16        0x2 
 .text.SysTick_Config
                0x0000000008001b18       0x44 ./Drivers/STM32H7xx_HAL_Driver/Src/stm32h7xx_hal_cortex.o
 .text.HAL_NVIC_SetPriorityGrouping
                0x0000000008001b5c       0x16 ./Drivers/STM32H7xx_HAL_Driver/Src/stm32h7xx_hal_cortex.o
                0x0000000008001b5c                HAL_NVIC_SetPriorityGrouping
 .text.HAL_NVIC_SetPriority
                0x0000000008001b72       0x34 ./Drivers/STM32H7xx_HAL_Driver/Src/stm32h7xx_hal_cortex.o
                0x0000000008001b72                HAL_NVIC_SetPriority
 .text.HAL_NVIC_EnableIRQ
                0x0000000008001ba6       0x1c ./Drivers/STM32H7xx_HAL_Driver/Src/stm32h7xx_hal_cortex.o
                0x0000000008001ba6                HAL_NVIC_EnableIRQ
 .text.HAL_SYSTICK_Config
                0x0000000008001bc2       0x18 ./Drivers/STM32H7xx_HAL_Driver/Src/stm32h7xx_hal_cortex.o
                0x0000000008001bc2                HAL_SYSTICK_Config
 *fill*         0x0000000008001bda        0x2 
 .text.HAL_DMA_Init
                0x0000000008001bdc      0x6b0 ./Drivers/STM32H7xx_HAL_Driver/Src/stm32h7xx_hal_dma.o
                0x0000000008001bdc                HAL_DMA_Init
 .text.HAL_DMA_Start_IT
                0x000000000800228c      0x4d4 ./Drivers/STM32H7xx_HAL_Driver/Src/stm32h7xx_hal_dma.o
                0x000000000800228c                HAL_DMA_Start_IT
 .text.HAL_DMA_Abort_IT
                0x0000000008002760      0x48c ./Drivers/STM32H7xx_HAL_Driver/Src/stm32h7xx_hal_dma.o
                0x0000000008002760                HAL_DMA_Abort_IT
 .text.HAL_DMA_IRQHandler
                0x0000000008002bec      0xe54 ./Drivers/STM32H7xx_HAL_Driver/Src/stm32h7xx_hal_dma.o
                0x0000000008002bec                HAL_DMA_IRQHandler
 .text.HAL_DMA_GetError
                0x0000000008003a40       0x18 ./Drivers/STM32H7xx_HAL_Driver/Src/stm32h7xx_hal_dma.o
                0x0000000008003a40                HAL_DMA_GetError
 .text.DMA_SetConfig
                0x0000000008003a58      0x358 ./Drivers/STM32H7xx_HAL_Driver/Src/stm32h7xx_hal_dma.o
 .text.DMA_CalcBaseAndBitshift
                0x0000000008003db0      0x164 ./Drivers/STM32H7xx_HAL_Driver/Src/stm32h7xx_hal_dma.o
 .text.DMA_CheckFifoParam
                0x0000000008003f14       0xf8 ./Drivers/STM32H7xx_HAL_Driver/Src/stm32h7xx_hal_dma.o
 .text.DMA_CalcDMAMUXChannelBaseAndMask
                0x000000000800400c      0x134 ./Drivers/STM32H7xx_HAL_Driver/Src/stm32h7xx_hal_dma.o
 .text.DMA_CalcDMAMUXRequestGenBaseAndMask
                0x0000000008004140       0xe8 ./Drivers/STM32H7xx_HAL_Driver/Src/stm32h7xx_hal_dma.o
 .text.HAL_ETH_Init
                0x0000000008004228      0x1cc ./Drivers/STM32H7xx_HAL_Driver/Src/stm32h7xx_hal_eth.o
                0x0000000008004228                HAL_ETH_Init
 .text.HAL_ETH_SetMDIOClockRange
                0x00000000080043f4       0xb0 ./Drivers/STM32H7xx_HAL_Driver/Src/stm32h7xx_hal_eth.o
                0x00000000080043f4                HAL_ETH_SetMDIOClockRange
 .text.ETH_SetMACConfig
                0x00000000080044a4      0x238 ./Drivers/STM32H7xx_HAL_Driver/Src/stm32h7xx_hal_eth.o
 .text.ETH_SetDMAConfig
                0x00000000080046dc      0x10c ./Drivers/STM32H7xx_HAL_Driver/Src/stm32h7xx_hal_eth.o
 .text.ETH_MACDMAConfig
                0x00000000080047e8      0x13a ./Drivers/STM32H7xx_HAL_Driver/Src/stm32h7xx_hal_eth.o
 .text.ETH_DMATxDescListInit
                0x0000000008004922       0x92 ./Drivers/STM32H7xx_HAL_Driver/Src/stm32h7xx_hal_eth.o
 .text.ETH_DMARxDescListInit
                0x00000000080049b4       0xba ./Drivers/STM32H7xx_HAL_Driver/Src/stm32h7xx_hal_eth.o
 *fill*         0x0000000008004a6e        0x2 
 .text.HAL_GPIO_Init
                0x0000000008004a70      0x350 ./Drivers/STM32H7xx_HAL_Driver/Src/stm32h7xx_hal_gpio.o
                0x0000000008004a70                HAL_GPIO_Init
 .text.HAL_GPIO_WritePin
                0x0000000008004dc0       0x32 ./Drivers/STM32H7xx_HAL_Driver/Src/stm32h7xx_hal_gpio.o
                0x0000000008004dc0                HAL_GPIO_WritePin
 .text.HAL_GPIO_TogglePin
                0x0000000008004df2       0x34 ./Drivers/STM32H7xx_HAL_Driver/Src/stm32h7xx_hal_gpio.o
                0x0000000008004df2                HAL_GPIO_TogglePin
 .text.HAL_GPIO_EXTI_IRQHandler
                0x0000000008004e26       0x34 ./Drivers/STM32H7xx_HAL_Driver/Src/stm32h7xx_hal_gpio.o
                0x0000000008004e26                HAL_GPIO_EXTI_IRQHandler
 *fill*         0x0000000008004e5a        0x2 
 .text.HAL_PWREx_ConfigSupply
                0x0000000008004e5c       0x74 ./Drivers/STM32H7xx_HAL_Driver/Src/stm32h7xx_hal_pwr_ex.o
                0x0000000008004e5c                HAL_PWREx_ConfigSupply
 .text.HAL_RCC_OscConfig
                0x0000000008004ed0      0x7b4 ./Drivers/STM32H7xx_HAL_Driver/Src/stm32h7xx_hal_rcc.o
                0x0000000008004ed0                HAL_RCC_OscConfig
 .text.HAL_RCC_ClockConfig
                0x0000000008005684      0x36c ./Drivers/STM32H7xx_HAL_Driver/Src/stm32h7xx_hal_rcc.o
                0x0000000008005684                HAL_RCC_ClockConfig
 .text.HAL_RCC_GetSysClockFreq
                0x00000000080059f0      0x2f4 ./Drivers/STM32H7xx_HAL_Driver/Src/stm32h7xx_hal_rcc.o
                0x00000000080059f0                HAL_RCC_GetSysClockFreq
 .text.HAL_RCC_GetHCLKFreq
                0x0000000008005ce4       0x60 ./Drivers/STM32H7xx_HAL_Driver/Src/stm32h7xx_hal_rcc.o
                0x0000000008005ce4                HAL_RCC_GetHCLKFreq
 .text.HAL_RCC_GetPCLK1Freq
                0x0000000008005d44       0x2c ./Drivers/STM32H7xx_HAL_Driver/Src/stm32h7xx_hal_rcc.o
                0x0000000008005d44                HAL_RCC_GetPCLK1Freq
 .text.HAL_RCC_GetPCLK2Freq
                0x0000000008005d70       0x2c ./Drivers/STM32H7xx_HAL_Driver/Src/stm32h7xx_hal_rcc.o
                0x0000000008005d70                HAL_RCC_GetPCLK2Freq
 .text.HAL_RCCEx_PeriphCLKConfig
                0x0000000008005d9c     0x1340 ./Drivers/STM32H7xx_HAL_Driver/Src/stm32h7xx_hal_rcc_ex.o
                0x0000000008005d9c                HAL_RCCEx_PeriphCLKConfig
 .text.HAL_RCCEx_GetD3PCLK1Freq
                0x00000000080070dc       0x2c ./Drivers/STM32H7xx_HAL_Driver/Src/stm32h7xx_hal_rcc_ex.o
                0x00000000080070dc                HAL_RCCEx_GetD3PCLK1Freq
 .text.HAL_RCCEx_GetPLL2ClockFreq
                0x0000000008007108      0x2a8 ./Drivers/STM32H7xx_HAL_Driver/Src/stm32h7xx_hal_rcc_ex.o
                0x0000000008007108                HAL_RCCEx_GetPLL2ClockFreq
 .text.HAL_RCCEx_GetPLL3ClockFreq
                0x00000000080073b0      0x2a8 ./Drivers/STM32H7xx_HAL_Driver/Src/stm32h7xx_hal_rcc_ex.o
                0x00000000080073b0                HAL_RCCEx_GetPLL3ClockFreq
 .text.RCCEx_PLL2_Config
                0x0000000008007658      0x164 ./Drivers/STM32H7xx_HAL_Driver/Src/stm32h7xx_hal_rcc_ex.o
 .text.RCCEx_PLL3_Config
                0x00000000080077bc      0x164 ./Drivers/STM32H7xx_HAL_Driver/Src/stm32h7xx_hal_rcc_ex.o
 .text.HAL_SPI_Init
                0x0000000008007920      0x248 ./Drivers/STM32H7xx_HAL_Driver/Src/stm32h7xx_hal_spi.o
                0x0000000008007920                HAL_SPI_Init
 .text.HAL_SPI_Transmit
                0x0000000008007b68      0x3f8 ./Drivers/STM32H7xx_HAL_Driver/Src/stm32h7xx_hal_spi.o
                0x0000000008007b68                HAL_SPI_Transmit
 .text.HAL_SPI_Receive_DMA
                0x0000000008007f60      0x2a4 ./Drivers/STM32H7xx_HAL_Driver/Src/stm32h7xx_hal_spi.o
                0x0000000008007f60                HAL_SPI_Receive_DMA
 .text.HAL_SPI_IRQHandler
                0x0000000008008204      0x39c ./Drivers/STM32H7xx_HAL_Driver/Src/stm32h7xx_hal_spi.o
                0x0000000008008204                HAL_SPI_IRQHandler
 .text.HAL_SPI_RxHalfCpltCallback
                0x00000000080085a0       0x14 ./Drivers/STM32H7xx_HAL_Driver/Src/stm32h7xx_hal_spi.o
                0x00000000080085a0                HAL_SPI_RxHalfCpltCallback
 .text.HAL_SPI_ErrorCallback
                0x00000000080085b4       0x14 ./Drivers/STM32H7xx_HAL_Driver/Src/stm32h7xx_hal_spi.o
                0x00000000080085b4                HAL_SPI_ErrorCallback
 .text.HAL_SPI_SuspendCallback
                0x00000000080085c8       0x14 ./Drivers/STM32H7xx_HAL_Driver/Src/stm32h7xx_hal_spi.o
                0x00000000080085c8                HAL_SPI_SuspendCallback
 .text.SPI_DMAReceiveCplt
                0x00000000080085dc       0x46 ./Drivers/STM32H7xx_HAL_Driver/Src/stm32h7xx_hal_spi.o
 .text.SPI_DMAHalfReceiveCplt
                0x0000000008008622       0x1c ./Drivers/STM32H7xx_HAL_Driver/Src/stm32h7xx_hal_spi.o
 .text.SPI_DMAError
                0x000000000800863e       0x46 ./Drivers/STM32H7xx_HAL_Driver/Src/stm32h7xx_hal_spi.o
 .text.SPI_DMAAbortOnError
                0x0000000008008684       0x34 ./Drivers/STM32H7xx_HAL_Driver/Src/stm32h7xx_hal_spi.o
 .text.SPI_CloseTransfer
                0x00000000080086b8      0x140 ./Drivers/STM32H7xx_HAL_Driver/Src/stm32h7xx_hal_spi.o
 .text.SPI_WaitOnFlagUntilTimeout
                0x00000000080087f8       0x5c ./Drivers/STM32H7xx_HAL_Driver/Src/stm32h7xx_hal_spi.o
 .text.SPI_GetPacketSize
                0x0000000008008854       0x36 ./Drivers/STM32H7xx_HAL_Driver/Src/stm32h7xx_hal_spi.o
 .text.HAL_TIM_Base_Init
                0x000000000800888a       0xae ./Drivers/STM32H7xx_HAL_Driver/Src/stm32h7xx_hal_tim.o
                0x000000000800888a                HAL_TIM_Base_Init
 .text.HAL_TIM_PWM_Init
                0x0000000008008938       0xae ./Drivers/STM32H7xx_HAL_Driver/Src/stm32h7xx_hal_tim.o
                0x0000000008008938                HAL_TIM_PWM_Init
 *fill*         0x00000000080089e6        0x2 
 .text.HAL_TIM_PWM_Start
                0x00000000080089e8      0x238 ./Drivers/STM32H7xx_HAL_Driver/Src/stm32h7xx_hal_tim.o
                0x00000000080089e8                HAL_TIM_PWM_Start
 .text.HAL_TIM_OnePulse_Init
                0x0000000008008c20       0xa0 ./Drivers/STM32H7xx_HAL_Driver/Src/stm32h7xx_hal_tim.o
                0x0000000008008c20                HAL_TIM_OnePulse_Init
 .text.HAL_TIM_OnePulse_MspInit
                0x0000000008008cc0       0x14 ./Drivers/STM32H7xx_HAL_Driver/Src/stm32h7xx_hal_tim.o
                0x0000000008008cc0                HAL_TIM_OnePulse_MspInit
 .text.HAL_TIM_PWM_ConfigChannel
                0x0000000008008cd4      0x228 ./Drivers/STM32H7xx_HAL_Driver/Src/stm32h7xx_hal_tim.o
                0x0000000008008cd4                HAL_TIM_PWM_ConfigChannel
 .text.HAL_TIM_SlaveConfigSynchro
                0x0000000008008efc       0x84 ./Drivers/STM32H7xx_HAL_Driver/Src/stm32h7xx_hal_tim.o
                0x0000000008008efc                HAL_TIM_SlaveConfigSynchro
 .text.TIM_Base_SetConfig
                0x0000000008008f80      0x14c ./Drivers/STM32H7xx_HAL_Driver/Src/stm32h7xx_hal_tim.o
                0x0000000008008f80                TIM_Base_SetConfig
 .text.TIM_OC1_SetConfig
                0x00000000080090cc      0x120 ./Drivers/STM32H7xx_HAL_Driver/Src/stm32h7xx_hal_tim.o
 .text.TIM_OC2_SetConfig
                0x00000000080091ec      0x114 ./Drivers/STM32H7xx_HAL_Driver/Src/stm32h7xx_hal_tim.o
                0x00000000080091ec                TIM_OC2_SetConfig
 .text.TIM_OC3_SetConfig
                0x0000000008009300      0x110 ./Drivers/STM32H7xx_HAL_Driver/Src/stm32h7xx_hal_tim.o
 .text.TIM_OC4_SetConfig
                0x0000000008009410       0xd4 ./Drivers/STM32H7xx_HAL_Driver/Src/stm32h7xx_hal_tim.o
 .text.TIM_OC5_SetConfig
                0x00000000080094e4       0xc8 ./Drivers/STM32H7xx_HAL_Driver/Src/stm32h7xx_hal_tim.o
 .text.TIM_OC6_SetConfig
                0x00000000080095ac       0xcc ./Drivers/STM32H7xx_HAL_Driver/Src/stm32h7xx_hal_tim.o
 .text.TIM_SlaveTimer_SetConfig
                0x0000000008009678      0x1d4 ./Drivers/STM32H7xx_HAL_Driver/Src/stm32h7xx_hal_tim.o
 .text.TIM_TI1_ConfigInputStage
                0x000000000800984c       0x5e ./Drivers/STM32H7xx_HAL_Driver/Src/stm32h7xx_hal_tim.o
 .text.TIM_TI2_ConfigInputStage
                0x00000000080098aa       0x60 ./Drivers/STM32H7xx_HAL_Driver/Src/stm32h7xx_hal_tim.o
 .text.TIM_ETR_SetConfig
                0x000000000800990a       0x40 ./Drivers/STM32H7xx_HAL_Driver/Src/stm32h7xx_hal_tim.o
                0x000000000800990a                TIM_ETR_SetConfig
 .text.TIM_CCxChannelCmd
                0x000000000800994a       0x4a ./Drivers/STM32H7xx_HAL_Driver/Src/stm32h7xx_hal_tim.o
                0x000000000800994a                TIM_CCxChannelCmd
 .text.HAL_TIMEx_MasterConfigSynchronization
                0x0000000008009994      0x138 ./Drivers/STM32H7xx_HAL_Driver/Src/stm32h7xx_hal_tim_ex.o
                0x0000000008009994                HAL_TIMEx_MasterConfigSynchronization
 .text.HAL_TIMEx_ConfigBreakDeadTime
                0x0000000008009acc      0x140 ./Drivers/STM32H7xx_HAL_Driver/Src/stm32h7xx_hal_tim_ex.o
                0x0000000008009acc                HAL_TIMEx_ConfigBreakDeadTime
 .text.HAL_UART_Init
                0x0000000008009c0c       0xa0 ./Drivers/STM32H7xx_HAL_Driver/Src/stm32h7xx_hal_uart.o
                0x0000000008009c0c                HAL_UART_Init
 .text.UART_SetConfig
                0x0000000008009cac      0xcd8 ./Drivers/STM32H7xx_HAL_Driver/Src/stm32h7xx_hal_uart.o
                0x0000000008009cac                UART_SetConfig
 .text.UART_AdvFeatureConfig
                0x000000000800a984      0x144 ./Drivers/STM32H7xx_HAL_Driver/Src/stm32h7xx_hal_uart.o
                0x000000000800a984                UART_AdvFeatureConfig
 .text.UART_CheckIdleState
                0x000000000800aac8      0x154 ./Drivers/STM32H7xx_HAL_Driver/Src/stm32h7xx_hal_uart.o
                0x000000000800aac8                UART_CheckIdleState
 .text.UART_WaitOnFlagUntilTimeout
                0x000000000800ac1c       0xce ./Drivers/STM32H7xx_HAL_Driver/Src/stm32h7xx_hal_uart.o
                0x000000000800ac1c                UART_WaitOnFlagUntilTimeout
 *fill*         0x000000000800acea        0x2 
 .text.UART_EndRxTransfer
                0x000000000800acec       0xcc ./Drivers/STM32H7xx_HAL_Driver/Src/stm32h7xx_hal_uart.o
 .text.HAL_UARTEx_DisableFifoMode
                0x000000000800adb8       0x72 ./Drivers/STM32H7xx_HAL_Driver/Src/stm32h7xx_hal_uart_ex.o
                0x000000000800adb8                HAL_UARTEx_DisableFifoMode
 .text.HAL_UARTEx_SetTxFifoThreshold
                0x000000000800ae2a       0x7c ./Drivers/STM32H7xx_HAL_Driver/Src/stm32h7xx_hal_uart_ex.o
                0x000000000800ae2a                HAL_UARTEx_SetTxFifoThreshold
 .text.HAL_UARTEx_SetRxFifoThreshold
                0x000000000800aea6       0x7c ./Drivers/STM32H7xx_HAL_Driver/Src/stm32h7xx_hal_uart_ex.o
                0x000000000800aea6                HAL_UARTEx_SetRxFifoThreshold
 *fill*         0x000000000800af22        0x2 
 .text.UARTEx_SetNbDataToProcess
                0x000000000800af24       0x9c ./Drivers/STM32H7xx_HAL_Driver/Src/stm32h7xx_hal_uart_ex.o
 .text.memset   0x000000000800afc0       0x10 /opt/st/stm32cubeide_1.13.0/plugins/com.st.stm32cube.ide.mcu.externaltools.gnu-tools-for-stm32.11.3.rel1.linux64_1.1.0.202305231506/tools/bin/../lib/gcc/arm-none-eabi/11.3.1/../../../../arm-none-eabi/lib/thumb/v7e-m+dp/hard/libc_nano.a(libc_a-memset.o)
                0x000000000800afc0                memset
 .text.__libc_init_array
                0x000000000800afd0       0x48 /opt/st/stm32cubeide_1.13.0/plugins/com.st.stm32cube.ide.mcu.externaltools.gnu-tools-for-stm32.11.3.rel1.linux64_1.1.0.202305231506/tools/bin/../lib/gcc/arm-none-eabi/11.3.1/../../../../arm-none-eabi/lib/thumb/v7e-m+dp/hard/libc_nano.a(libc_a-init.o)
                0x000000000800afd0                __libc_init_array
 *(.glue_7)
 .glue_7        0x000000000800b018        0x0 linker stubs
 *(.glue_7t)
 .glue_7t       0x000000000800b018        0x0 linker stubs
 *(.eh_frame)
 .eh_frame      0x000000000800b018        0x0 /opt/st/stm32cubeide_1.13.0/plugins/com.st.stm32cube.ide.mcu.externaltools.gnu-tools-for-stm32.11.3.rel1.linux64_1.1.0.202305231506/tools/bin/../lib/gcc/arm-none-eabi/11.3.1/thumb/v7e-m+dp/hard/crtbegin.o
 *(.init)
 .init          0x000000000800b018        0x4 /opt/st/stm32cubeide_1.13.0/plugins/com.st.stm32cube.ide.mcu.externaltools.gnu-tools-for-stm32.11.3.rel1.linux64_1.1.0.202305231506/tools/bin/../lib/gcc/arm-none-eabi/11.3.1/thumb/v7e-m+dp/hard/crti.o
                0x000000000800b018                _init
 .init          0x000000000800b01c        0x8 /opt/st/stm32cubeide_1.13.0/plugins/com.st.stm32cube.ide.mcu.externaltools.gnu-tools-for-stm32.11.3.rel1.linux64_1.1.0.202305231506/tools/bin/../lib/gcc/arm-none-eabi/11.3.1/thumb/v7e-m+dp/hard/crtn.o
 *(.fini)
 .fini          0x000000000800b024        0x4 /opt/st/stm32cubeide_1.13.0/plugins/com.st.stm32cube.ide.mcu.externaltools.gnu-tools-for-stm32.11.3.rel1.linux64_1.1.0.202305231506/tools/bin/../lib/gcc/arm-none-eabi/11.3.1/thumb/v7e-m+dp/hard/crti.o
                0x000000000800b024                _fini
 .fini          0x000000000800b028        0x8 /opt/st/stm32cubeide_1.13.0/plugins/com.st.stm32cube.ide.mcu.externaltools.gnu-tools-for-stm32.11.3.rel1.linux64_1.1.0.202305231506/tools/bin/../lib/gcc/arm-none-eabi/11.3.1/thumb/v7e-m+dp/hard/crtn.o
                0x000000000800b030                . = ALIGN (0x4)
                0x000000000800b030                _etext = .

.vfp11_veneer   0x000000000800b030        0x0
 .vfp11_veneer  0x000000000800b030        0x0 linker stubs

.v4_bx          0x000000000800b030        0x0
 .v4_bx         0x000000000800b030        0x0 linker stubs

.iplt           0x000000000800b030        0x0
 .iplt          0x000000000800b030        0x0 /opt/st/stm32cubeide_1.13.0/plugins/com.st.stm32cube.ide.mcu.externaltools.gnu-tools-for-stm32.11.3.rel1.linux64_1.1.0.202305231506/tools/bin/../lib/gcc/arm-none-eabi/11.3.1/thumb/v7e-m+dp/hard/crtbegin.o

.rodata         0x000000000800b030       0x40
                0x000000000800b030                . = ALIGN (0x4)
 *(.rodata)
 *(.rodata*)
 .rodata.D1CorePrescTable
                0x000000000800b030       0x10 ./Core/Src/system_stm32h7xx.o
                0x000000000800b030                D1CorePrescTable
 .rodata.flagBitshiftOffset.0
                0x000000000800b040        0x8 ./Drivers/STM32H7xx_HAL_Driver/Src/stm32h7xx_hal_dma.o
 .rodata.UARTPrescTable
                0x000000000800b048       0x18 ./Drivers/STM32H7xx_HAL_Driver/Src/stm32h7xx_hal_uart.o
                0x000000000800b048                UARTPrescTable
 .rodata.numerator.1
                0x000000000800b060        0x8 ./Drivers/STM32H7xx_HAL_Driver/Src/stm32h7xx_hal_uart_ex.o
 .rodata.denominator.0
                0x000000000800b068        0x8 ./Drivers/STM32H7xx_HAL_Driver/Src/stm32h7xx_hal_uart_ex.o
                0x000000000800b070                . = ALIGN (0x4)

.ARM.extab
 *(.ARM.extab* .gnu.linkonce.armextab.*)

.ARM            0x000000000800b070        0x8
                0x000000000800b070                __exidx_start = .
 *(.ARM.exidx*)
 .ARM.exidx     0x000000000800b070        0x8 /opt/st/stm32cubeide_1.13.0/plugins/com.st.stm32cube.ide.mcu.externaltools.gnu-tools-for-stm32.11.3.rel1.linux64_1.1.0.202305231506/tools/bin/../lib/gcc/arm-none-eabi/11.3.1/thumb/v7e-m+dp/hard/libgcc.a(_udivmoddi4.o)
                0x000000000800b078                __exidx_end = .

.rel.dyn        0x000000000800b078        0x0
 .rel.iplt      0x000000000800b078        0x0 /opt/st/stm32cubeide_1.13.0/plugins/com.st.stm32cube.ide.mcu.externaltools.gnu-tools-for-stm32.11.3.rel1.linux64_1.1.0.202305231506/tools/bin/../lib/gcc/arm-none-eabi/11.3.1/thumb/v7e-m+dp/hard/crtbegin.o

.preinit_array  0x000000000800b078        0x0
                0x000000000800b078                PROVIDE (__preinit_array_start = .)
 *(.preinit_array*)
                0x000000000800b078                PROVIDE (__preinit_array_end = .)

.init_array     0x000000000800b078        0x4
                0x000000000800b078                PROVIDE (__init_array_start = .)
 *(SORT_BY_NAME(.init_array.*))
 *(.init_array*)
 .init_array    0x000000000800b078        0x4 /opt/st/stm32cubeide_1.13.0/plugins/com.st.stm32cube.ide.mcu.externaltools.gnu-tools-for-stm32.11.3.rel1.linux64_1.1.0.202305231506/tools/bin/../lib/gcc/arm-none-eabi/11.3.1/thumb/v7e-m+dp/hard/crtbegin.o
                0x000000000800b07c                PROVIDE (__init_array_end = .)

.fini_array     0x000000000800b07c        0x4
                [!provide]                        PROVIDE (__fini_array_start = .)
 *(SORT_BY_NAME(.fini_array.*))
 *(.fini_array*)
 .fini_array    0x000000000800b07c        0x4 /opt/st/stm32cubeide_1.13.0/plugins/com.st.stm32cube.ide.mcu.externaltools.gnu-tools-for-stm32.11.3.rel1.linux64_1.1.0.202305231506/tools/bin/../lib/gcc/arm-none-eabi/11.3.1/thumb/v7e-m+dp/hard/crtbegin.o
                [!provide]                        PROVIDE (__fini_array_end = .)
                0x000000000800b080                _sidata = LOADADDR (.data)

.data           0x0000000024000000       0x10 load address 0x000000000800b080
                0x0000000024000000                . = ALIGN (0x4)
                0x0000000024000000                _sdata = .
 *(.data)
 *(.data*)
 .data.SystemCoreClock
                0x0000000024000000        0x4 ./Core/Src/system_stm32h7xx.o
                0x0000000024000000                SystemCoreClock
 .data.SystemD2Clock
                0x0000000024000004        0x4 ./Core/Src/system_stm32h7xx.o
                0x0000000024000004                SystemD2Clock
 .data.uwTickPrio
                0x0000000024000008        0x4 ./Drivers/STM32H7xx_HAL_Driver/Src/stm32h7xx_hal.o
                0x0000000024000008                uwTickPrio
 .data.uwTickFreq
                0x000000002400000c        0x1 ./Drivers/STM32H7xx_HAL_Driver/Src/stm32h7xx_hal.o
                0x000000002400000c                uwTickFreq
 *(.RamFunc)
 *(.RamFunc*)
                0x0000000024000010                . = ALIGN (0x4)
 *fill*         0x000000002400000d        0x3 
                0x0000000024000010                _edata = .

.igot.plt       0x0000000024000010        0x0 load address 0x000000000800b090
 .igot.plt      0x0000000024000010        0x0 /opt/st/stm32cubeide_1.13.0/plugins/com.st.stm32cube.ide.mcu.externaltools.gnu-tools-for-stm32.11.3.rel1.linux64_1.1.0.202305231506/tools/bin/../lib/gcc/arm-none-eabi/11.3.1/thumb/v7e-m+dp/hard/crtbegin.o

.RxDecripSection
                0x0000000024000010       0x60 load address 0x000000000800b090
 .RxDecripSection
                0x0000000024000010       0x60 ./Core/Src/eth.o
                0x0000000024000010                DMARxDscrTab

.TxDecripSection
                0x0000000024000070       0x60 load address 0x000000000800b0f0
 .TxDecripSection
                0x0000000024000070       0x60 ./Core/Src/eth.o
                0x0000000024000070                DMATxDscrTab
                0x00000000240000d0                . = ALIGN (0x4)

.bss            0x00000000240000d0      0xb88 load address 0x000000000800b150
                0x00000000240000d0                _sbss = .
                0x00000000240000d0                __bss_start__ = _sbss
 *(.bss)
 .bss           0x00000000240000d0       0x1c /opt/st/stm32cubeide_1.13.0/plugins/com.st.stm32cube.ide.mcu.externaltools.gnu-tools-for-stm32.11.3.rel1.linux64_1.1.0.202305231506/tools/bin/../lib/gcc/arm-none-eabi/11.3.1/thumb/v7e-m+dp/hard/crtbegin.o
 *(.bss*)
 .bss.TxConfig  0x00000000240000ec       0x38 ./Core/Src/eth.o
                0x00000000240000ec                TxConfig
 .bss.heth      0x0000000024000124       0xb0 ./Core/Src/eth.o
                0x0000000024000124                heth
 .bss.MACAddr.0
                0x00000000240001d4        0x6 ./Core/Src/eth.o
 *fill*         0x00000000240001da        0x2 
 .bss.rx_buffer
                0x00000000240001dc      0x800 ./Core/Src/main.o
 .bss.hspi1     0x00000000240009dc       0x88 ./Core/Src/spi.o
                0x00000000240009dc                hspi1
 .bss.hdma_spi1_rx
                0x0000000024000a64       0x78 ./Core/Src/spi.o
                0x0000000024000a64                hdma_spi1_rx
 .bss.htim2     0x0000000024000adc       0x4c ./Core/Src/tim.o
                0x0000000024000adc                htim2
 .bss.htim3     0x0000000024000b28       0x4c ./Core/Src/tim.o
                0x0000000024000b28                htim3
 .bss.htim8     0x0000000024000b74       0x4c ./Core/Src/tim.o
                0x0000000024000b74                htim8
 .bss.huart3    0x0000000024000bc0       0x94 ./Core/Src/usart.o
                0x0000000024000bc0                huart3
 .bss.uwTick    0x0000000024000c54        0x4 ./Drivers/STM32H7xx_HAL_Driver/Src/stm32h7xx_hal.o
                0x0000000024000c54                uwTick
 *(COMMON)
                0x0000000024000c58                . = ALIGN (0x4)
                0x0000000024000c58                _ebss = .
                0x0000000024000c58                __bss_end__ = _ebss

._user_heap_stack
                0x0000000024000c58      0x600 load address 0x000000000800b150
                0x0000000024000c58                . = ALIGN (0x8)
                [!provide]                        PROVIDE (end = .)
                0x0000000024000c58                PROVIDE (_end = .)
                0x0000000024000e58                . = (. + _Min_Heap_Size)
 *fill*         0x0000000024000c58      0x200 
                0x0000000024001258                . = (. + _Min_Stack_Size)
 *fill*         0x0000000024000e58      0x400 
                0x0000000024001258                . = ALIGN (0x8)

/DISCARD/
 libc.a(*)
 libm.a(*)
 libgcc.a(*)

.ARM.attributes
                0x0000000000000000       0x2e
 *(.ARM.attributes)
 .ARM.attributes
                0x0000000000000000       0x1e /opt/st/stm32cubeide_1.13.0/plugins/com.st.stm32cube.ide.mcu.externaltools.gnu-tools-for-stm32.11.3.rel1.linux64_1.1.0.202305231506/tools/bin/../lib/gcc/arm-none-eabi/11.3.1/thumb/v7e-m+dp/hard/crti.o
 .ARM.attributes
                0x000000000000001e       0x32 /opt/st/stm32cubeide_1.13.0/plugins/com.st.stm32cube.ide.mcu.externaltools.gnu-tools-for-stm32.11.3.rel1.linux64_1.1.0.202305231506/tools/bin/../lib/gcc/arm-none-eabi/11.3.1/thumb/v7e-m+dp/hard/crtbegin.o
 .ARM.attributes
                0x0000000000000050       0x32 ./Core/Src/dma.o
 .ARM.attributes
                0x0000000000000082       0x32 ./Core/Src/eth.o
 .ARM.attributes
                0x00000000000000b4       0x32 ./Core/Src/gpio.o
 .ARM.attributes
                0x00000000000000e6       0x32 ./Core/Src/main.o
 .ARM.attributes
                0x0000000000000118       0x32 ./Core/Src/spi.o
 .ARM.attributes
                0x000000000000014a       0x32 ./Core/Src/stm32h7xx_hal_msp.o
 .ARM.attributes
                0x000000000000017c       0x32 ./Core/Src/stm32h7xx_it.o
 .ARM.attributes
                0x00000000000001ae       0x32 ./Core/Src/system_stm32h7xx.o
 .ARM.attributes
                0x00000000000001e0       0x32 ./Core/Src/tim.o
 .ARM.attributes
                0x0000000000000212       0x32 ./Core/Src/usart.o
 .ARM.attributes
                0x0000000000000244       0x32 ./Core/Src/usb_otg.o
 .ARM.attributes
                0x0000000000000276       0x21 ./Core/Startup/startup_stm32h723zgtx.o
 .ARM.attributes
                0x0000000000000297       0x32 ./Drivers/STM32H7xx_HAL_Driver/Src/stm32h7xx_hal.o
 .ARM.attributes
                0x00000000000002c9       0x32 ./Drivers/STM32H7xx_HAL_Driver/Src/stm32h7xx_hal_cortex.o
 .ARM.attributes
                0x00000000000002fb       0x32 ./Drivers/STM32H7xx_HAL_Driver/Src/stm32h7xx_hal_dma.o
 .ARM.attributes
                0x000000000000032d       0x32 ./Drivers/STM32H7xx_HAL_Driver/Src/stm32h7xx_hal_eth.o
 .ARM.attributes
                0x000000000000035f       0x32 ./Drivers/STM32H7xx_HAL_Driver/Src/stm32h7xx_hal_gpio.o
 .ARM.attributes
                0x0000000000000391       0x32 ./Drivers/STM32H7xx_HAL_Driver/Src/stm32h7xx_hal_pwr_ex.o
 .ARM.attributes
                0x00000000000003c3       0x32 ./Drivers/STM32H7xx_HAL_Driver/Src/stm32h7xx_hal_rcc.o
 .ARM.attributes
                0x00000000000003f5       0x32 ./Drivers/STM32H7xx_HAL_Driver/Src/stm32h7xx_hal_rcc_ex.o
 .ARM.attributes
                0x0000000000000427       0x32 ./Drivers/STM32H7xx_HAL_Driver/Src/stm32h7xx_hal_spi.o
 .ARM.attributes
                0x0000000000000459       0x32 ./Drivers/STM32H7xx_HAL_Driver/Src/stm32h7xx_hal_tim.o
 .ARM.attributes
                0x000000000000048b       0x32 ./Drivers/STM32H7xx_HAL_Driver/Src/stm32h7xx_hal_tim_ex.o
 .ARM.attributes
                0x00000000000004bd       0x32 ./Drivers/STM32H7xx_HAL_Driver/Src/stm32h7xx_hal_uart.o
 .ARM.attributes
                0x00000000000004ef       0x32 ./Drivers/STM32H7xx_HAL_Driver/Src/stm32h7xx_hal_uart_ex.o
 .ARM.attributes
                0x0000000000000521       0x32 /opt/st/stm32cubeide_1.13.0/plugins/com.st.stm32cube.ide.mcu.externaltools.gnu-tools-for-stm32.11.3.rel1.linux64_1.1.0.202305231506/tools/bin/../lib/gcc/arm-none-eabi/11.3.1/../../../../arm-none-eabi/lib/thumb/v7e-m+dp/hard/libc_nano.a(libc_a-memset.o)
 .ARM.attributes
                0x0000000000000553       0x32 /opt/st/stm32cubeide_1.13.0/plugins/com.st.stm32cube.ide.mcu.externaltools.gnu-tools-for-stm32.11.3.rel1.linux64_1.1.0.202305231506/tools/bin/../lib/gcc/arm-none-eabi/11.3.1/../../../../arm-none-eabi/lib/thumb/v7e-m+dp/hard/libc_nano.a(libc_a-init.o)
 .ARM.attributes
                0x0000000000000585       0x1e /opt/st/stm32cubeide_1.13.0/plugins/com.st.stm32cube.ide.mcu.externaltools.gnu-tools-for-stm32.11.3.rel1.linux64_1.1.0.202305231506/tools/bin/../lib/gcc/arm-none-eabi/11.3.1/thumb/v7e-m+dp/hard/libgcc.a(_aeabi_uldivmod.o)
 .ARM.attributes
                0x00000000000005a3       0x32 /opt/st/stm32cubeide_1.13.0/plugins/com.st.stm32cube.ide.mcu.externaltools.gnu-tools-for-stm32.11.3.rel1.linux64_1.1.0.202305231506/tools/bin/../lib/gcc/arm-none-eabi/11.3.1/thumb/v7e-m+dp/hard/libgcc.a(_udivmoddi4.o)
 .ARM.attributes
                0x00000000000005d5       0x1e /opt/st/stm32cubeide_1.13.0/plugins/com.st.stm32cube.ide.mcu.externaltools.gnu-tools-for-stm32.11.3.rel1.linux64_1.1.0.202305231506/tools/bin/../lib/gcc/arm-none-eabi/11.3.1/thumb/v7e-m+dp/hard/libgcc.a(_dvmd_tls.o)
 .ARM.attributes
                0x00000000000005f3       0x1e /opt/st/stm32cubeide_1.13.0/plugins/com.st.stm32cube.ide.mcu.externaltools.gnu-tools-for-stm32.11.3.rel1.linux64_1.1.0.202305231506/tools/bin/../lib/gcc/arm-none-eabi/11.3.1/thumb/v7e-m+dp/hard/crtn.o
OUTPUT(dev_board.elf elf32-littlearm)
LOAD linker stubs
LOAD /opt/st/stm32cubeide_1.13.0/plugins/com.st.stm32cube.ide.mcu.externaltools.gnu-tools-for-stm32.11.3.rel1.linux64_1.1.0.202305231506/tools/bin/../lib/gcc/arm-none-eabi/11.3.1/../../../../arm-none-eabi/lib/thumb/v7e-m+dp/hard/libc.a
LOAD /opt/st/stm32cubeide_1.13.0/plugins/com.st.stm32cube.ide.mcu.externaltools.gnu-tools-for-stm32.11.3.rel1.linux64_1.1.0.202305231506/tools/bin/../lib/gcc/arm-none-eabi/11.3.1/../../../../arm-none-eabi/lib/thumb/v7e-m+dp/hard/libm.a
LOAD /opt/st/stm32cubeide_1.13.0/plugins/com.st.stm32cube.ide.mcu.externaltools.gnu-tools-for-stm32.11.3.rel1.linux64_1.1.0.202305231506/tools/bin/../lib/gcc/arm-none-eabi/11.3.1/thumb/v7e-m+dp/hard/libgcc.a

.comment        0x0000000000000000       0x43
 .comment       0x0000000000000000       0x43 /opt/st/stm32cubeide_1.13.0/plugins/com.st.stm32cube.ide.mcu.externaltools.gnu-tools-for-stm32.11.3.rel1.linux64_1.1.0.202305231506/tools/bin/../lib/gcc/arm-none-eabi/11.3.1/thumb/v7e-m+dp/hard/crtbegin.o
                                         0x44 (size before relaxing)
 .comment       0x0000000000000043       0x44 ./Core/Src/dma.o
 .comment       0x0000000000000043       0x44 ./Core/Src/eth.o
 .comment       0x0000000000000043       0x44 ./Core/Src/gpio.o
 .comment       0x0000000000000043       0x44 ./Core/Src/main.o
 .comment       0x0000000000000043       0x44 ./Core/Src/spi.o
 .comment       0x0000000000000043       0x44 ./Core/Src/stm32h7xx_hal_msp.o
 .comment       0x0000000000000043       0x44 ./Core/Src/stm32h7xx_it.o
 .comment       0x0000000000000043       0x44 ./Core/Src/system_stm32h7xx.o
 .comment       0x0000000000000043       0x44 ./Core/Src/tim.o
 .comment       0x0000000000000043       0x44 ./Core/Src/usart.o
 .comment       0x0000000000000043       0x44 ./Core/Src/usb_otg.o
 .comment       0x0000000000000043       0x44 ./Drivers/STM32H7xx_HAL_Driver/Src/stm32h7xx_hal.o
 .comment       0x0000000000000043       0x44 ./Drivers/STM32H7xx_HAL_Driver/Src/stm32h7xx_hal_cortex.o
 .comment       0x0000000000000043       0x44 ./Drivers/STM32H7xx_HAL_Driver/Src/stm32h7xx_hal_dma.o
 .comment       0x0000000000000043       0x44 ./Drivers/STM32H7xx_HAL_Driver/Src/stm32h7xx_hal_eth.o
 .comment       0x0000000000000043       0x44 ./Drivers/STM32H7xx_HAL_Driver/Src/stm32h7xx_hal_gpio.o
 .comment       0x0000000000000043       0x44 ./Drivers/STM32H7xx_HAL_Driver/Src/stm32h7xx_hal_pwr_ex.o
 .comment       0x0000000000000043       0x44 ./Drivers/STM32H7xx_HAL_Driver/Src/stm32h7xx_hal_rcc.o
 .comment       0x0000000000000043       0x44 ./Drivers/STM32H7xx_HAL_Driver/Src/stm32h7xx_hal_rcc_ex.o
 .comment       0x0000000000000043       0x44 ./Drivers/STM32H7xx_HAL_Driver/Src/stm32h7xx_hal_spi.o
 .comment       0x0000000000000043       0x44 ./Drivers/STM32H7xx_HAL_Driver/Src/stm32h7xx_hal_tim.o
 .comment       0x0000000000000043       0x44 ./Drivers/STM32H7xx_HAL_Driver/Src/stm32h7xx_hal_tim_ex.o
 .comment       0x0000000000000043       0x44 ./Drivers/STM32H7xx_HAL_Driver/Src/stm32h7xx_hal_uart.o
 .comment       0x0000000000000043       0x44 ./Drivers/STM32H7xx_HAL_Driver/Src/stm32h7xx_hal_uart_ex.o

.debug_info     0x0000000000000000    0x1d4a8
 .debug_info    0x0000000000000000      0x817 ./Core/Src/dma.o
 .debug_info    0x0000000000000817     0x174b ./Core/Src/eth.o
 .debug_info    0x0000000000001f62      0xa4d ./Core/Src/gpio.o
 .debug_info    0x00000000000029af     0x1226 ./Core/Src/main.o
 .debug_info    0x0000000000003bd5     0x1502 ./Core/Src/spi.o
 .debug_info    0x00000000000050d7      0x464 ./Core/Src/stm32h7xx_hal_msp.o
 .debug_info    0x000000000000553b      0x88c ./Core/Src/stm32h7xx_it.o
 .debug_info    0x0000000000005dc7      0xb2e ./Core/Src/system_stm32h7xx.o
 .debug_info    0x00000000000068f5     0x11b5 ./Core/Src/tim.o
 .debug_info    0x0000000000007aaa     0x1095 ./Core/Src/usart.o
 .debug_info    0x0000000000008b3f       0x9f ./Core/Src/usb_otg.o
 .debug_info    0x0000000000008bde       0x23 ./Core/Startup/startup_stm32h723zgtx.o
 .debug_info    0x0000000000008c01     0x1698 ./Drivers/STM32H7xx_HAL_Driver/Src/stm32h7xx_hal.o
 .debug_info    0x000000000000a299     0x1054 ./Drivers/STM32H7xx_HAL_Driver/Src/stm32h7xx_hal_cortex.o
 .debug_info    0x000000000000b2ed      0xb67 ./Drivers/STM32H7xx_HAL_Driver/Src/stm32h7xx_hal_dma.o
 .debug_info    0x000000000000be54     0x2935 ./Drivers/STM32H7xx_HAL_Driver/Src/stm32h7xx_hal_eth.o
 .debug_info    0x000000000000e789      0xc5c ./Drivers/STM32H7xx_HAL_Driver/Src/stm32h7xx_hal_gpio.o
 .debug_info    0x000000000000f3e5      0xdc4 ./Drivers/STM32H7xx_HAL_Driver/Src/stm32h7xx_hal_pwr_ex.o
 .debug_info    0x00000000000101a9      0xd73 ./Drivers/STM32H7xx_HAL_Driver/Src/stm32h7xx_hal_rcc.o
 .debug_info    0x0000000000010f1c     0x11fc ./Drivers/STM32H7xx_HAL_Driver/Src/stm32h7xx_hal_rcc_ex.o
 .debug_info    0x0000000000012118     0x147c ./Drivers/STM32H7xx_HAL_Driver/Src/stm32h7xx_hal_spi.o
 .debug_info    0x0000000000013594     0x2b8b ./Drivers/STM32H7xx_HAL_Driver/Src/stm32h7xx_hal_tim.o
 .debug_info    0x000000000001611f     0x18c1 ./Drivers/STM32H7xx_HAL_Driver/Src/stm32h7xx_hal_tim_ex.o
 .debug_info    0x00000000000179e0     0x4b13 ./Drivers/STM32H7xx_HAL_Driver/Src/stm32h7xx_hal_uart.o
 .debug_info    0x000000000001c4f3      0xfb5 ./Drivers/STM32H7xx_HAL_Driver/Src/stm32h7xx_hal_uart_ex.o

.debug_abbrev   0x0000000000000000     0x351a
 .debug_abbrev  0x0000000000000000      0x11e ./Core/Src/dma.o
 .debug_abbrev  0x000000000000011e      0x24a ./Core/Src/eth.o
 .debug_abbrev  0x0000000000000368      0x18d ./Core/Src/gpio.o
 .debug_abbrev  0x00000000000004f5      0x288 ./Core/Src/main.o
 .debug_abbrev  0x000000000000077d      0x243 ./Core/Src/spi.o
 .debug_abbrev  0x00000000000009c0       0xdb ./Core/Src/stm32h7xx_hal_msp.o
 .debug_abbrev  0x0000000000000a9b      0x197 ./Core/Src/stm32h7xx_it.o
 .debug_abbrev  0x0000000000000c32      0x13a ./Core/Src/system_stm32h7xx.o
 .debug_abbrev  0x0000000000000d6c      0x2a5 ./Core/Src/tim.o
 .debug_abbrev  0x0000000000001011      0x241 ./Core/Src/usart.o
 .debug_abbrev  0x0000000000001252       0x45 ./Core/Src/usb_otg.o
 .debug_abbrev  0x0000000000001297       0x12 ./Core/Startup/startup_stm32h723zgtx.o
 .debug_abbrev  0x00000000000012a9      0x29e ./Drivers/STM32H7xx_HAL_Driver/Src/stm32h7xx_hal.o
 .debug_abbrev  0x0000000000001547      0x339 ./Drivers/STM32H7xx_HAL_Driver/Src/stm32h7xx_hal_cortex.o
 .debug_abbrev  0x0000000000001880      0x248 ./Drivers/STM32H7xx_HAL_Driver/Src/stm32h7xx_hal_dma.o
 .debug_abbrev  0x0000000000001ac8      0x2d9 ./Drivers/STM32H7xx_HAL_Driver/Src/stm32h7xx_hal_eth.o
 .debug_abbrev  0x0000000000001da1      0x1fe ./Drivers/STM32H7xx_HAL_Driver/Src/stm32h7xx_hal_gpio.o
 .debug_abbrev  0x0000000000001f9f      0x295 ./Drivers/STM32H7xx_HAL_Driver/Src/stm32h7xx_hal_pwr_ex.o
 .debug_abbrev  0x0000000000002234      0x2b1 ./Drivers/STM32H7xx_HAL_Driver/Src/stm32h7xx_hal_rcc.o
 .debug_abbrev  0x00000000000024e5      0x269 ./Drivers/STM32H7xx_HAL_Driver/Src/stm32h7xx_hal_rcc_ex.o
 .debug_abbrev  0x000000000000274e      0x2b1 ./Drivers/STM32H7xx_HAL_Driver/Src/stm32h7xx_hal_spi.o
 .debug_abbrev  0x00000000000029ff      0x276 ./Drivers/STM32H7xx_HAL_Driver/Src/stm32h7xx_hal_tim.o
 .debug_abbrev  0x0000000000002c75      0x296 ./Drivers/STM32H7xx_HAL_Driver/Src/stm32h7xx_hal_tim_ex.o
 .debug_abbrev  0x0000000000002f0b      0x33d ./Drivers/STM32H7xx_HAL_Driver/Src/stm32h7xx_hal_uart.o
 .debug_abbrev  0x0000000000003248      0x2d2 ./Drivers/STM32H7xx_HAL_Driver/Src/stm32h7xx_hal_uart_ex.o

.debug_aranges  0x0000000000000000     0x1510
 .debug_aranges
                0x0000000000000000       0x20 ./Core/Src/dma.o
 .debug_aranges
                0x0000000000000020       0x30 ./Core/Src/eth.o
 .debug_aranges
                0x0000000000000050       0x20 ./Core/Src/gpio.o
 .debug_aranges
                0x0000000000000070       0x50 ./Core/Src/main.o
 .debug_aranges
                0x00000000000000c0       0x30 ./Core/Src/spi.o
 .debug_aranges
                0x00000000000000f0       0x20 ./Core/Src/stm32h7xx_hal_msp.o
 .debug_aranges
                0x0000000000000110       0x78 ./Core/Src/stm32h7xx_it.o
 .debug_aranges
                0x0000000000000188       0x28 ./Core/Src/system_stm32h7xx.o
 .debug_aranges
                0x00000000000001b0       0x58 ./Core/Src/tim.o
 .debug_aranges
                0x0000000000000208       0x30 ./Core/Src/usart.o
 .debug_aranges
                0x0000000000000238       0x20 ./Core/Src/usb_otg.o
 .debug_aranges
                0x0000000000000258       0x28 ./Core/Startup/startup_stm32h723zgtx.o
 .debug_aranges
                0x0000000000000280      0x1c8 ./Drivers/STM32H7xx_HAL_Driver/Src/stm32h7xx_hal.o
 .debug_aranges
                0x0000000000000448      0x120 ./Drivers/STM32H7xx_HAL_Driver/Src/stm32h7xx_hal_cortex.o
 .debug_aranges
                0x0000000000000568       0xa0 ./Drivers/STM32H7xx_HAL_Driver/Src/stm32h7xx_hal_dma.o
 .debug_aranges
                0x0000000000000608      0x1d8 ./Drivers/STM32H7xx_HAL_Driver/Src/stm32h7xx_hal_eth.o
 .debug_aranges
                0x00000000000007e0       0x58 ./Drivers/STM32H7xx_HAL_Driver/Src/stm32h7xx_hal_gpio.o
 .debug_aranges
                0x0000000000000838      0x148 ./Drivers/STM32H7xx_HAL_Driver/Src/stm32h7xx_hal_pwr_ex.o
 .debug_aranges
                0x0000000000000980       0x88 ./Drivers/STM32H7xx_HAL_Driver/Src/stm32h7xx_hal_rcc.o
 .debug_aranges
                0x0000000000000a08       0xf8 ./Drivers/STM32H7xx_HAL_Driver/Src/stm32h7xx_hal_rcc_ex.o
 .debug_aranges
                0x0000000000000b00      0x1a8 ./Drivers/STM32H7xx_HAL_Driver/Src/stm32h7xx_hal_spi.o
 .debug_aranges
                0x0000000000000ca8      0x3e0 ./Drivers/STM32H7xx_HAL_Driver/Src/stm32h7xx_hal_tim.o
 .debug_aranges
                0x0000000000001088      0x198 ./Drivers/STM32H7xx_HAL_Driver/Src/stm32h7xx_hal_tim_ex.o
 .debug_aranges
                0x0000000000001220      0x248 ./Drivers/STM32H7xx_HAL_Driver/Src/stm32h7xx_hal_uart.o
 .debug_aranges
                0x0000000000001468       0xa8 ./Drivers/STM32H7xx_HAL_Driver/Src/stm32h7xx_hal_uart_ex.o

.debug_rnglists
                0x0000000000000000     0x1066
 .debug_rnglists
                0x0000000000000000       0x13 ./Core/Src/dma.o
 .debug_rnglists
                0x0000000000000013       0x22 ./Core/Src/eth.o
 .debug_rnglists
                0x0000000000000035       0x14 ./Core/Src/gpio.o
 .debug_rnglists
                0x0000000000000049       0x39 ./Core/Src/main.o
 .debug_rnglists
                0x0000000000000082       0x21 ./Core/Src/spi.o
 .debug_rnglists
                0x00000000000000a3       0x13 ./Core/Src/stm32h7xx_hal_msp.o
 .debug_rnglists
                0x00000000000000b6       0x55 ./Core/Src/stm32h7xx_it.o
 .debug_rnglists
                0x000000000000010b       0x1b ./Core/Src/system_stm32h7xx.o
 .debug_rnglists
                0x0000000000000126       0x41 ./Core/Src/tim.o
 .debug_rnglists
                0x0000000000000167       0x21 ./Core/Src/usart.o
 .debug_rnglists
                0x0000000000000188       0x13 ./Core/Src/usb_otg.o
 .debug_rnglists
                0x000000000000019b       0x19 ./Core/Startup/startup_stm32h723zgtx.o
 .debug_rnglists
                0x00000000000001b4      0x155 ./Drivers/STM32H7xx_HAL_Driver/Src/stm32h7xx_hal.o
 .debug_rnglists
                0x0000000000000309       0xd4 ./Drivers/STM32H7xx_HAL_Driver/Src/stm32h7xx_hal_cortex.o
 .debug_rnglists
                0x00000000000003dd       0x82 ./Drivers/STM32H7xx_HAL_Driver/Src/stm32h7xx_hal_dma.o
 .debug_rnglists
                0x000000000000045f      0x176 ./Drivers/STM32H7xx_HAL_Driver/Src/stm32h7xx_hal_eth.o
 .debug_rnglists
                0x00000000000005d5       0x3f ./Drivers/STM32H7xx_HAL_Driver/Src/stm32h7xx_hal_gpio.o
 .debug_rnglists
                0x0000000000000614       0xf4 ./Drivers/STM32H7xx_HAL_Driver/Src/stm32h7xx_hal_pwr_ex.o
 .debug_rnglists
                0x0000000000000708       0x68 ./Drivers/STM32H7xx_HAL_Driver/Src/stm32h7xx_hal_rcc.o
 .debug_rnglists
                0x0000000000000770       0xc0 ./Drivers/STM32H7xx_HAL_Driver/Src/stm32h7xx_hal_rcc_ex.o
 .debug_rnglists
                0x0000000000000830      0x148 ./Drivers/STM32H7xx_HAL_Driver/Src/stm32h7xx_hal_spi.o
 .debug_rnglists
                0x0000000000000978      0x328 ./Drivers/STM32H7xx_HAL_Driver/Src/stm32h7xx_hal_tim.o
 .debug_rnglists
                0x0000000000000ca0      0x14d ./Drivers/STM32H7xx_HAL_Driver/Src/stm32h7xx_hal_tim_ex.o
 .debug_rnglists
                0x0000000000000ded      0x1fa ./Drivers/STM32H7xx_HAL_Driver/Src/stm32h7xx_hal_uart.o
 .debug_rnglists
                0x0000000000000fe7       0x7f ./Drivers/STM32H7xx_HAL_Driver/Src/stm32h7xx_hal_uart_ex.o

.debug_macro    0x0000000000000000    0x358f0
 .debug_macro   0x0000000000000000      0x2ef ./Core/Src/dma.o
 .debug_macro   0x00000000000002ef      0xac0 ./Core/Src/dma.o
 .debug_macro   0x0000000000000daf      0x244 ./Core/Src/dma.o
 .debug_macro   0x0000000000000ff3       0x2e ./Core/Src/dma.o
 .debug_macro   0x0000000000001021       0x3b ./Core/Src/dma.o
 .debug_macro   0x000000000000105c       0x22 ./Core/Src/dma.o
 .debug_macro   0x000000000000107e       0x8e ./Core/Src/dma.o
 .debug_macro   0x000000000000110c       0x51 ./Core/Src/dma.o
 .debug_macro   0x000000000000115d      0x103 ./Core/Src/dma.o
 .debug_macro   0x0000000000001260       0x6a ./Core/Src/dma.o
 .debug_macro   0x00000000000012ca      0x1df ./Core/Src/dma.o
 .debug_macro   0x00000000000014a9       0x1c ./Core/Src/dma.o
 .debug_macro   0x00000000000014c5       0x22 ./Core/Src/dma.o
 .debug_macro   0x00000000000014e7       0xfb ./Core/Src/dma.o
 .debug_macro   0x00000000000015e2     0x1305 ./Core/Src/dma.o
 .debug_macro   0x00000000000028e7      0x11f ./Core/Src/dma.o
 .debug_macro   0x0000000000002a06       0x27 ./Core/Src/dma.o
 .debug_macro   0x0000000000002a2d    0x211d1 ./Core/Src/dma.o
 .debug_macro   0x0000000000023bfe       0x6d ./Core/Src/dma.o
 .debug_macro   0x0000000000023c6b     0x3d48 ./Core/Src/dma.o
 .debug_macro   0x00000000000279b3      0x174 ./Core/Src/dma.o
 .debug_macro   0x0000000000027b27       0x61 ./Core/Src/dma.o
 .debug_macro   0x0000000000027b88       0x29 ./Core/Src/dma.o
 .debug_macro   0x0000000000027bb1       0x43 ./Core/Src/dma.o
 .debug_macro   0x0000000000027bf4       0x34 ./Core/Src/dma.o
 .debug_macro   0x0000000000027c28       0x16 ./Core/Src/dma.o
 .debug_macro   0x0000000000027c3e       0x43 ./Core/Src/dma.o
 .debug_macro   0x0000000000027c81       0x34 ./Core/Src/dma.o
 .debug_macro   0x0000000000027cb5       0x10 ./Core/Src/dma.o
 .debug_macro   0x0000000000027cc5       0x58 ./Core/Src/dma.o
 .debug_macro   0x0000000000027d1d       0x8e ./Core/Src/dma.o
 .debug_macro   0x0000000000027dab       0x1c ./Core/Src/dma.o
 .debug_macro   0x0000000000027dc7      0x177 ./Core/Src/dma.o
 .debug_macro   0x0000000000027f3e      0x369 ./Core/Src/dma.o
 .debug_macro   0x00000000000282a7      0x19b ./Core/Src/dma.o
 .debug_macro   0x0000000000028442       0x5d ./Core/Src/dma.o
 .debug_macro   0x000000000002849f     0x2462 ./Core/Src/dma.o
 .debug_macro   0x000000000002a901     0x1079 ./Core/Src/dma.o
 .debug_macro   0x000000000002b97a      0x154 ./Core/Src/dma.o
 .debug_macro   0x000000000002bace      0x114 ./Core/Src/dma.o
 .debug_macro   0x000000000002bbe2      0x3f8 ./Core/Src/dma.o
 .debug_macro   0x000000000002bfda       0xac ./Core/Src/dma.o
 .debug_macro   0x000000000002c086      0x788 ./Core/Src/dma.o
 .debug_macro   0x000000000002c80e      0x228 ./Core/Src/dma.o
 .debug_macro   0x000000000002ca36       0x66 ./Core/Src/dma.o
 .debug_macro   0x000000000002ca9c      0x3a6 ./Core/Src/dma.o
 .debug_macro   0x000000000002ce42      0xa80 ./Core/Src/dma.o
 .debug_macro   0x000000000002d8c2      0x129 ./Core/Src/dma.o
 .debug_macro   0x000000000002d9eb      0x3f9 ./Core/Src/dma.o
 .debug_macro   0x000000000002dde4      0x275 ./Core/Src/dma.o
 .debug_macro   0x000000000002e059      0x3ca ./Core/Src/dma.o
 .debug_macro   0x000000000002e423      0x45c ./Core/Src/dma.o
 .debug_macro   0x000000000002e87f       0x3c ./Core/Src/dma.o
 .debug_macro   0x000000000002e8bb       0x4a ./Core/Src/dma.o
 .debug_macro   0x000000000002e905      0x22c ./Core/Src/dma.o
 .debug_macro   0x000000000002eb31       0x67 ./Core/Src/dma.o
 .debug_macro   0x000000000002eb98       0xa5 ./Core/Src/dma.o
 .debug_macro   0x000000000002ec3d      0x1c4 ./Core/Src/dma.o
 .debug_macro   0x000000000002ee01      0x22a ./Core/Src/dma.o
 .debug_macro   0x000000000002f02b       0x35 ./Core/Src/dma.o
 .debug_macro   0x000000000002f060      0x5e4 ./Core/Src/dma.o
 .debug_macro   0x000000000002f644       0xba ./Core/Src/dma.o
 .debug_macro   0x000000000002f6fe      0xb1d ./Core/Src/dma.o
 .debug_macro   0x000000000003021b      0x29f ./Core/Src/dma.o
 .debug_macro   0x00000000000304ba      0x693 ./Core/Src/dma.o
 .debug_macro   0x0000000000030b4d       0xa6 ./Core/Src/dma.o
 .debug_macro   0x0000000000030bf3      0x5e6 ./Core/Src/dma.o
 .debug_macro   0x00000000000311d9      0x15a ./Core/Src/dma.o
 .debug_macro   0x0000000000031333      0x31f ./Core/Src/eth.o
 .debug_macro   0x0000000000031652       0x16 ./Core/Src/eth.o
 .debug_macro   0x0000000000031668       0x35 ./Core/Src/eth.o
 .debug_macro   0x000000000003169d       0x20 ./Core/Src/eth.o
 .debug_macro   0x00000000000316bd      0x2ef ./Core/Src/gpio.o
 .debug_macro   0x00000000000319ac      0x35f ./Core/Src/main.o
 .debug_macro   0x0000000000031d0b      0x31f ./Core/Src/spi.o
 .debug_macro   0x000000000003202a      0x2e5 ./Core/Src/stm32h7xx_hal_msp.o
 .debug_macro   0x000000000003230f      0x2ef ./Core/Src/stm32h7xx_it.o
 .debug_macro   0x00000000000325fe      0x2d6 ./Core/Src/system_stm32h7xx.o
 .debug_macro   0x00000000000328d4      0x31f ./Core/Src/tim.o
 .debug_macro   0x0000000000032bf3      0x31f ./Core/Src/usart.o
 .debug_macro   0x0000000000032f12      0x31f ./Core/Src/usb_otg.o
 .debug_macro   0x0000000000033231      0x300 ./Drivers/STM32H7xx_HAL_Driver/Src/stm32h7xx_hal.o
 .debug_macro   0x0000000000033531      0x2d6 ./Drivers/STM32H7xx_HAL_Driver/Src/stm32h7xx_hal_cortex.o
 .debug_macro   0x0000000000033807      0x32a ./Drivers/STM32H7xx_HAL_Driver/Src/stm32h7xx_hal_dma.o
 .debug_macro   0x0000000000033b31      0x36a ./Drivers/STM32H7xx_HAL_Driver/Src/stm32h7xx_hal_eth.o
 .debug_macro   0x0000000000033e9b      0x2dd ./Drivers/STM32H7xx_HAL_Driver/Src/stm32h7xx_hal_gpio.o
 .debug_macro   0x0000000000034178      0x30f ./Drivers/STM32H7xx_HAL_Driver/Src/stm32h7xx_hal_pwr_ex.o
 .debug_macro   0x0000000000034487      0x2fa ./Drivers/STM32H7xx_HAL_Driver/Src/stm32h7xx_hal_rcc.o
 .debug_macro   0x0000000000034781      0x2f4 ./Drivers/STM32H7xx_HAL_Driver/Src/stm32h7xx_hal_rcc_ex.o
 .debug_macro   0x0000000000034a75      0x2e5 ./Drivers/STM32H7xx_HAL_Driver/Src/stm32h7xx_hal_spi.o
 .debug_macro   0x0000000000034d5a      0x2d7 ./Drivers/STM32H7xx_HAL_Driver/Src/stm32h7xx_hal_tim.o
 .debug_macro   0x0000000000035031      0x2dc ./Drivers/STM32H7xx_HAL_Driver/Src/stm32h7xx_hal_tim_ex.o
 .debug_macro   0x000000000003530d      0x301 ./Drivers/STM32H7xx_HAL_Driver/Src/stm32h7xx_hal_uart.o
 .debug_macro   0x000000000003560e      0x2e2 ./Drivers/STM32H7xx_HAL_Driver/Src/stm32h7xx_hal_uart_ex.o

.debug_line     0x0000000000000000    0x1de36
 .debug_line    0x0000000000000000      0x86d ./Core/Src/dma.o
 .debug_line    0x000000000000086d      0x952 ./Core/Src/eth.o
 .debug_line    0x00000000000011bf      0x8f8 ./Core/Src/gpio.o
 .debug_line    0x0000000000001ab7      0xa4e ./Core/Src/main.o
 .debug_line    0x0000000000002505      0x97d ./Core/Src/spi.o
 .debug_line    0x0000000000002e82      0x871 ./Core/Src/stm32h7xx_hal_msp.o
 .debug_line    0x00000000000036f3      0x97c ./Core/Src/stm32h7xx_it.o
 .debug_line    0x000000000000406f      0xa16 ./Core/Src/system_stm32h7xx.o
 .debug_line    0x0000000000004a85      0xb17 ./Core/Src/tim.o
 .debug_line    0x000000000000559c      0x944 ./Core/Src/usart.o
 .debug_line    0x0000000000005ee0      0x8a2 ./Core/Src/usb_otg.o
 .debug_line    0x0000000000006782       0x7a ./Core/Startup/startup_stm32h723zgtx.o
 .debug_line    0x00000000000067fc      0xead ./Drivers/STM32H7xx_HAL_Driver/Src/stm32h7xx_hal.o
 .debug_line    0x00000000000076a9      0xe25 ./Drivers/STM32H7xx_HAL_Driver/Src/stm32h7xx_hal_cortex.o
 .debug_line    0x00000000000084ce     0x2770 ./Drivers/STM32H7xx_HAL_Driver/Src/stm32h7xx_hal_dma.o
 .debug_line    0x000000000000ac3e     0x1b63 ./Drivers/STM32H7xx_HAL_Driver/Src/stm32h7xx_hal_eth.o
 .debug_line    0x000000000000c7a1      0xcce ./Drivers/STM32H7xx_HAL_Driver/Src/stm32h7xx_hal_gpio.o
 .debug_line    0x000000000000d46f      0xe94 ./Drivers/STM32H7xx_HAL_Driver/Src/stm32h7xx_hal_pwr_ex.o
 .debug_line    0x000000000000e303     0x1346 ./Drivers/STM32H7xx_HAL_Driver/Src/stm32h7xx_hal_rcc.o
 .debug_line    0x000000000000f649     0x1bff ./Drivers/STM32H7xx_HAL_Driver/Src/stm32h7xx_hal_rcc_ex.o
 .debug_line    0x0000000000011248     0x1f25 ./Drivers/STM32H7xx_HAL_Driver/Src/stm32h7xx_hal_spi.o
 .debug_line    0x000000000001316d     0x3ffd ./Drivers/STM32H7xx_HAL_Driver/Src/stm32h7xx_hal_tim.o
 .debug_line    0x000000000001716a     0x1f3c ./Drivers/STM32H7xx_HAL_Driver/Src/stm32h7xx_hal_tim_ex.o
 .debug_line    0x00000000000190a6     0x3ed3 ./Drivers/STM32H7xx_HAL_Driver/Src/stm32h7xx_hal_uart.o
 .debug_line    0x000000000001cf79      0xebd ./Drivers/STM32H7xx_HAL_Driver/Src/stm32h7xx_hal_uart_ex.o

.debug_str      0x0000000000000000   0x155ebc
 .debug_str     0x0000000000000000   0x14e26b ./Core/Src/dma.o
                                     0x14e747 (size before relaxing)
 .debug_str     0x000000000014e26b      0xb40 ./Core/Src/eth.o
                                     0x14eaea (size before relaxing)
 .debug_str     0x000000000014edab       0x68 ./Core/Src/gpio.o
                                     0x14e827 (size before relaxing)
 .debug_str     0x000000000014ee13      0xbb3 ./Core/Src/main.o
                                     0x14eb7b (size before relaxing)
 .debug_str     0x000000000014f9c6      0x37f ./Core/Src/spi.o
                                     0x14f27b (size before relaxing)
 .debug_str     0x000000000014fd45       0x2c ./Core/Src/stm32h7xx_hal_msp.o
                                     0x14df3a (size before relaxing)
 .debug_str     0x000000000014fd71      0x145 ./Core/Src/stm32h7xx_it.o
                                     0x14e448 (size before relaxing)
 .debug_str     0x000000000014feb6      0x29a ./Core/Src/system_stm32h7xx.o
                                     0x14dc31 (size before relaxing)
 .debug_str     0x0000000000150150      0x333 ./Core/Src/tim.o
                                     0x14ea4f (size before relaxing)
 .debug_str     0x0000000000150483      0x283 ./Core/Src/usart.o
                                     0x14ea1b (size before relaxing)
 .debug_str     0x0000000000150706       0x16 ./Core/Src/usb_otg.o
                                     0x14dd92 (size before relaxing)
 .debug_str     0x000000000015071c       0x34 ./Core/Startup/startup_stm32h723zgtx.o
                                         0x97 (size before relaxing)
 .debug_str     0x0000000000150750      0x999 ./Drivers/STM32H7xx_HAL_Driver/Src/stm32h7xx_hal.o
                                     0x14ecbb (size before relaxing)
 .debug_str     0x00000000001510e9      0x333 ./Drivers/STM32H7xx_HAL_Driver/Src/stm32h7xx_hal_cortex.o
                                     0x14e59d (size before relaxing)
 .debug_str     0x000000000015141c      0x89f ./Drivers/STM32H7xx_HAL_Driver/Src/stm32h7xx_hal_dma.o
                                     0x14e3e6 (size before relaxing)
 .debug_str     0x0000000000151cbb      0xfea ./Drivers/STM32H7xx_HAL_Driver/Src/stm32h7xx_hal_eth.o
                                     0x14f500 (size before relaxing)
 .debug_str     0x0000000000152ca5       0xa0 ./Drivers/STM32H7xx_HAL_Driver/Src/stm32h7xx_hal_gpio.o
                                     0x14dc7c (size before relaxing)
 .debug_str     0x0000000000152d45      0x5ee ./Drivers/STM32H7xx_HAL_Driver/Src/stm32h7xx_hal_pwr_ex.o
                                     0x14e084 (size before relaxing)
 .debug_str     0x0000000000153333      0x21a ./Drivers/STM32H7xx_HAL_Driver/Src/stm32h7xx_hal_rcc.o
                                     0x14dfff (size before relaxing)
 .debug_str     0x000000000015354d      0x64b ./Drivers/STM32H7xx_HAL_Driver/Src/stm32h7xx_hal_rcc_ex.o
                                     0x14e517 (size before relaxing)
 .debug_str     0x0000000000153b98      0x4ab ./Drivers/STM32H7xx_HAL_Driver/Src/stm32h7xx_hal_spi.o
                                     0x14e369 (size before relaxing)
 .debug_str     0x0000000000154043      0xd38 ./Drivers/STM32H7xx_HAL_Driver/Src/stm32h7xx_hal_tim.o
                                     0x14eded (size before relaxing)
 .debug_str     0x0000000000154d7b      0x50c ./Drivers/STM32H7xx_HAL_Driver/Src/stm32h7xx_hal_tim_ex.o
                                     0x14e7aa (size before relaxing)
 .debug_str     0x0000000000155287      0x9db ./Drivers/STM32H7xx_HAL_Driver/Src/stm32h7xx_hal_uart.o
                                     0x14eb9f (size before relaxing)
 .debug_str     0x0000000000155c62      0x25a ./Drivers/STM32H7xx_HAL_Driver/Src/stm32h7xx_hal_uart_ex.o
                                     0x14e15f (size before relaxing)

.debug_frame    0x0000000000000000     0x591c
 .debug_frame   0x0000000000000000       0x34 ./Core/Src/dma.o
 .debug_frame   0x0000000000000034       0x74 ./Core/Src/eth.o
 .debug_frame   0x00000000000000a8       0x38 ./Core/Src/gpio.o
 .debug_frame   0x00000000000000e0      0x10c ./Core/Src/main.o
 .debug_frame   0x00000000000001ec       0x78 ./Core/Src/spi.o
 .debug_frame   0x0000000000000264       0x38 ./Core/Src/stm32h7xx_hal_msp.o
 .debug_frame   0x000000000000029c      0x158 ./Core/Src/stm32h7xx_it.o
 .debug_frame   0x00000000000003f4       0x58 ./Core/Src/system_stm32h7xx.o
 .debug_frame   0x000000000000044c      0x140 ./Core/Src/tim.o
 .debug_frame   0x000000000000058c       0x78 ./Core/Src/usart.o
 .debug_frame   0x0000000000000604       0x30 ./Core/Src/usb_otg.o
 .debug_frame   0x0000000000000634      0x760 ./Drivers/STM32H7xx_HAL_Driver/Src/stm32h7xx_hal.o
 .debug_frame   0x0000000000000d94      0x4b8 ./Drivers/STM32H7xx_HAL_Driver/Src/stm32h7xx_hal_cortex.o
 .debug_frame   0x000000000000124c      0x2b4 ./Drivers/STM32H7xx_HAL_Driver/Src/stm32h7xx_hal_dma.o
 .debug_frame   0x0000000000001500      0x898 ./Drivers/STM32H7xx_HAL_Driver/Src/stm32h7xx_hal_eth.o
 .debug_frame   0x0000000000001d98      0x14c ./Drivers/STM32H7xx_HAL_Driver/Src/stm32h7xx_hal_gpio.o
 .debug_frame   0x0000000000001ee4      0x540 ./Drivers/STM32H7xx_HAL_Driver/Src/stm32h7xx_hal_pwr_ex.o
 .debug_frame   0x0000000000002424      0x1fc ./Drivers/STM32H7xx_HAL_Driver/Src/stm32h7xx_hal_rcc.o
 .debug_frame   0x0000000000002620      0x414 ./Drivers/STM32H7xx_HAL_Driver/Src/stm32h7xx_hal_rcc_ex.o
 .debug_frame   0x0000000000002a34      0x7a8 ./Drivers/STM32H7xx_HAL_Driver/Src/stm32h7xx_hal_spi.o
 .debug_frame   0x00000000000031dc     0x121c ./Drivers/STM32H7xx_HAL_Driver/Src/stm32h7xx_hal_tim.o
 .debug_frame   0x00000000000043f8      0x724 ./Drivers/STM32H7xx_HAL_Driver/Src/stm32h7xx_hal_tim_ex.o
 .debug_frame   0x0000000000004b1c      0xa94 ./Drivers/STM32H7xx_HAL_Driver/Src/stm32h7xx_hal_uart.o
 .debug_frame   0x00000000000055b0      0x2c0 ./Drivers/STM32H7xx_HAL_Driver/Src/stm32h7xx_hal_uart_ex.o
 .debug_frame   0x0000000000005870       0x20 /opt/st/stm32cubeide_1.13.0/plugins/com.st.stm32cube.ide.mcu.externaltools.gnu-tools-for-stm32.11.3.rel1.linux64_1.1.0.202305231506/tools/bin/../lib/gcc/arm-none-eabi/11.3.1/../../../../arm-none-eabi/lib/thumb/v7e-m+dp/hard/libc_nano.a(libc_a-memset.o)
 .debug_frame   0x0000000000005890       0x2c /opt/st/stm32cubeide_1.13.0/plugins/com.st.stm32cube.ide.mcu.externaltools.gnu-tools-for-stm32.11.3.rel1.linux64_1.1.0.202305231506/tools/bin/../lib/gcc/arm-none-eabi/11.3.1/../../../../arm-none-eabi/lib/thumb/v7e-m+dp/hard/libc_nano.a(libc_a-init.o)
 .debug_frame   0x00000000000058bc       0x2c /opt/st/stm32cubeide_1.13.0/plugins/com.st.stm32cube.ide.mcu.externaltools.gnu-tools-for-stm32.11.3.rel1.linux64_1.1.0.202305231506/tools/bin/../lib/gcc/arm-none-eabi/11.3.1/thumb/v7e-m+dp/hard/libgcc.a(_aeabi_uldivmod.o)
 .debug_frame   0x00000000000058e8       0x34 /opt/st/stm32cubeide_1.13.0/plugins/com.st.stm32cube.ide.mcu.externaltools.gnu-tools-for-stm32.11.3.rel1.linux64_1.1.0.202305231506/tools/bin/../lib/gcc/arm-none-eabi/11.3.1/thumb/v7e-m+dp/hard/libgcc.a(_udivmoddi4.o)

.debug_line_str
                0x0000000000000000       0x8b
 .debug_line_str
                0x0000000000000000       0x8b ./Core/Startup/startup_stm32h723zgtx.o
                                         0xa3 (size before relaxing)
