10:36:33 **** Build of configuration Debug for project dev_board ****
make -j20 all 
arm-none-eabi-gcc "../Core/Src/main.c" -mcpu=cortex-m7 -std=gnu11 -g3 -DDEBUG -DUSE_HAL_DRIVER -DSTM32H723xx -c -I../Core/Inc -I../Drivers/STM32H7xx_HAL_Driver/Inc -I../Drivers/STM32H7xx_HAL_Driver/Inc/Legacy -I../Drivers/CMSIS/Device/ST/STM32H7xx/Include -I../Drivers/CMSIS/Include -O0 -ffunction-sections -fdata-sections -Wall -fstack-usage -fcyclomatic-complexity -MMD -MP -MF"Core/Src/main.d" -MT"Core/Src/main.o" --specs=nano.specs -mfpu=fpv5-d16 -mfloat-abi=hard -mthumb -o "Core/Src/main.o"
../Core/Src/main.c: In function 'HAL_SPI_TxCpltCallback':
../Core/Src/main.c:262:30: warning: unused variable 'robert_frost' [-Wunused-variable]
  262 |                 volatile int robert_frost = 0;
      |                              ^~~~~~~~~~~~
../Core/Src/main.c: In function 'HAL_SPI_RxCpltCallback':
../Core/Src/main.c:268:30: warning: unused variable 'robert_frost' [-Wunused-variable]
  268 |                 volatile int robert_frost = 0;
      |                              ^~~~~~~~~~~~
../Core/Src/main.c: In function 'DMA_TIM8_callback':
../Core/Src/main.c:274:30: warning: unused variable 'robert_frost' [-Wunused-variable]
  274 |                 volatile int robert_frost = 0;
      |                              ^~~~~~~~~~~~
arm-none-eabi-gcc -o "dev_board.elf" @"objects.list"   -mcpu=cortex-m7 -T"/home/clayton/Documents/university/fifth_year/second_semester/fyp-nubots-ssl/STM32/dev_board/STM32H723ZGTX_FLASH.ld" --specs=nosys.specs -Wl,-Map="dev_board.map" -Wl,--gc-sections -static --specs=nano.specs -mfpu=fpv5-d16 -mfloat-abi=hard -mthumb -Wl,--start-group -lc -lm -Wl,--end-group
Finished building target: dev_board.elf
 
arm-none-eabi-size   dev_board.elf 
arm-none-eabi-objdump -h -S  dev_board.elf  > "dev_board.list"
   text	   data	    bss	    dec	    hex	filename
  46112	    216	  36368	  82696	  14308	dev_board.elf
Finished building: default.size.stdout
 
Finished building: dev_board.list
 

10:36:33 Build Finished. 0 errors, 3 warnings. (took 520ms)

