../Core/Src/tim.c:35:6:MX_TIM2_Init	88	static
../Core/Src/tim.c:138:6:MX_TIM4_Init	48	static
../Core/Src/tim.c:183:6:MX_TIM5_Init	80	static
../Core/Src/tim.c:321:6:HAL_TIM_PWM_MspInit	8	static
../Core/Src/tim.c:337:6:HAL_TIM_Base_MspInit	32	static
../Core/Src/tim.c:405:6:HAL_TIM_MspPostInit	48	static
../Core/Src/tim.c:79:6:MX_TIM3_Init	80	static
../Core/Src/tim.c:241:6:MX_TIM8_Init	136	static
../Core/Src/tim.c:474:6:HAL_TIM_PWM_MspDeInit	0	static
../Core/Src/tim.c:490:6:HAL_TIM_Base_MspDeInit	0	static
