../Core/Src/tim.c:38:6:MX_TIM2_Init	88	static
../Core/Src/tim.c:141:6:MX_TIM4_Init	48	static
../Core/Src/tim.c:186:6:MX_TIM5_Init	80	static
../Core/Src/tim.c:324:6:MX_TIM23_Init	80	static
../Core/Src/tim.c:382:6:HAL_TIM_PWM_MspInit	8	static
../Core/Src/tim.c:398:6:HAL_TIM_Base_MspInit	40	static
../Core/Src/tim.c:515:6:HAL_TIM_MspPostInit	48	static
../Core/Src/tim.c:82:6:MX_TIM3_Init	80	static
../Core/Src/tim.c:244:6:MX_TIM8_Init	136	static
../Core/Src/tim.c:584:6:HAL_TIM_PWM_MspDeInit	0	static
../Core/Src/tim.c:600:6:HAL_TIM_Base_MspDeInit	8	static
